<html>
<body>
<pre>
<h1>礦ision Build Log</h1>
<h2>Tool Versions:</h2>
IDE-Version: μVision V5.17.0.0
Copyright (C) 2015 ARM Ltd and ARM Germany GmbH. All rights reserved.
License Information: s c, c, LIC=ATTRA-1G5KB-GKCBG-V6IW8-6WJZH-RG28F
 
Tool Versions:
Toolchain:       MDK-ARM Standard  Version: 5.17
Toolchain Path:  C:\Keil_v5\ARM\ARMCC\Bin
C Compiler:      Armcc.exe V5.06 update 1 (build 61)
Assembler:       Armasm.exe V5.06 update 1 (build 61)
Linker/Locator:  ArmLink.exe V5.06 update 1 (build 61)
Library Manager: ArmAr.exe V5.06 update 1 (build 61)
Hex Converter:   FromElf.exe V5.06 update 1 (build 61)
CPU DLL:         SARMCM3.DLL V5.17
Dialog DLL:      DARMSTM.DLL V1.65.0.0
Target DLL:      Segger\JL2CM3.dll V2.99.16.0
Dialog DLL:      TARMSTM.DLL V1.64.0.0
 
<h2>Project:</h2>
C:\Users\SCC\Desktop\绘图文件\全息仪项目\程序\手持机\手持机\USER\Template.uvprojx
Project File Date:  12/02/2016

<h2>Output:</h2>
*** Using Compiler 'V5.06 update 1 (build 61)', folder: 'C:\Keil_v5\ARM\ARMCC\Bin'
Build target 'Target 1'
compiling stm32f10x_it.c...
compiling system_stm32f10x.c...
compiling main.c...
compiling KD_CH4.c...
compiling LCD_DXDCG8448.c...
compiling BSP_PCF8563.c...
compiling BSP_TM7705.c...
compiling BSP_ds18b20.c...
compiling BSP_spi_flash.c...
compiling delay.c...
compiling BSP_nrf24l01.c...
..\HARDWARE\BSP_nrf24l01.c(83): warning:  #177-D: variable "CPUID" was declared but never referenced
  	uint8_t CPUID[12],i;
..\HARDWARE\BSP_nrf24l01.c(83): warning:  #177-D: variable "i" was declared but never referenced
  	uint8_t CPUID[12],i;
..\HARDWARE\BSP_nrf24l01.c: 2 warnings, 0 errors
compiling sys.c...
compiling core_cm3.c...
assembling startup_stm32f10x_md.s...
compiling usart.c...
compiling misc.c...
compiling stm32f10x_gpio.c...
compiling stm32f10x_usart.c...
compiling stm32f10x_rcc.c...
compiling stm32f10x_tim.c...
compiling stm32f10x_dma.c...
compiling stm32f10x_adc.c...
compiling stm32f10x_spi.c...
compiling stm32f10x_iwdg.c...
compiling stm32f10x_flash.c...
compiling bsp.c...
compiling cpu_core.c...
compiling cpu_c.c...
assembling cpu_a.asm...
compiling lib_ascii.c...
compiling lib_math.c...
assembling lib_mem_a.asm...
compiling lib_mem.c...
compiling lib_str.c...
compiling os_cfg_app.c...
compiling os_dbg.c...
compiling os_core.c...
compiling os_int.c...
compiling os_flag.c...
compiling os_mem.c...
compiling os_msg.c...
compiling os_pend_multi.c...
compiling os_mutex.c...
compiling os_q.c...
compiling os_prio.c...
compiling os_sem.c...
compiling os_stat.c...
compiling os_tick.c...
compiling os_task.c...
compiling os_time.c...
compiling os_tmr.c...
compiling os_var.c...
assembling os_cpu_a.s...
compiling os_app_hooks.c...
compiling os_cpu_c.c...
linking...
Program Size: Code=84110 RO-data=7602 RW-data=660 ZI-data=17604  
FromELF: creating hex file...
"..\OBJ\MALLOC.axf" - 0 Error(s), 2 Warning(s).

<h2>Collection of Component include folders:</h2>
  C:\Users\SCC\Desktop\绘图文件\全息仪项目\程序\手持机\手持机\USER\RTE
  C:\Keil_v5\ARM\PACK\Keil\STM32F1xx_DFP\2.0.0\Device\Include

<h2>Collection of Component Files used:</h2>
Build Time Elapsed:  00:00:11
</pre>
</body>
</html>
