Component: ARM Compiler 5.06 update 1 (build 61) Tool: armlink [4d35a8]

==============================================================================

Section Cross References

    lcddummy_1.o(.text) refers to ra8835.o(.text) for setPoint
    lcddummy_1.o(.text) refers to guicore.o(.bss) for GUI_Context
    startup_stm32f10x_hd.o(STACK) refers (Special) to heapauxi.o(.text) for __use_two_region_memory
    startup_stm32f10x_hd.o(HEAP) refers (Special) to heapauxi.o(.text) for __use_two_region_memory
    startup_stm32f10x_hd.o(RESET) refers (Special) to heapauxi.o(.text) for __use_two_region_memory
    startup_stm32f10x_hd.o(RESET) refers to startup_stm32f10x_hd.o(STACK) for __initial_sp
    startup_stm32f10x_hd.o(RESET) refers to startup_stm32f10x_hd.o(.text) for Reset_Handler
    startup_stm32f10x_hd.o(RESET) refers to stm32f10x_it.o(.text) for NMI_Handler
    startup_stm32f10x_hd.o(RESET) refers to usart.o(.text) for USART1_IRQHandler
    startup_stm32f10x_hd.o(.text) refers (Special) to heapauxi.o(.text) for __use_two_region_memory
    startup_stm32f10x_hd.o(.text) refers to system_stm32f10x.o(.text) for SystemInit
    startup_stm32f10x_hd.o(.text) refers to __main.o(!!!main) for __main
    startup_stm32f10x_hd.o(.text) refers to startup_stm32f10x_hd.o(HEAP) for Heap_Mem
    startup_stm32f10x_hd.o(.text) refers to startup_stm32f10x_hd.o(STACK) for Stack_Mem
    stm32f10x_adc.o(.text) refers to stm32f10x_rcc.o(.text) for RCC_APB2PeriphResetCmd
    stm32f10x_bkp.o(.text) refers to stm32f10x_rcc.o(.text) for RCC_BackupResetCmd
    stm32f10x_can.o(.text) refers to stm32f10x_rcc.o(.text) for RCC_APB1PeriphResetCmd
    stm32f10x_cec.o(.text) refers to stm32f10x_rcc.o(.text) for RCC_APB1PeriphResetCmd
    stm32f10x_dac.o(.text) refers to stm32f10x_rcc.o(.text) for RCC_APB1PeriphResetCmd
    stm32f10x_gpio.o(.text) refers to stm32f10x_rcc.o(.text) for RCC_APB2PeriphResetCmd
    stm32f10x_i2c.o(.text) refers to stm32f10x_rcc.o(.text) for RCC_APB1PeriphResetCmd
    stm32f10x_pwr.o(.text) refers to stm32f10x_rcc.o(.text) for RCC_APB1PeriphResetCmd
    stm32f10x_rcc.o(.text) refers to stm32f10x_rcc.o(.data) for APBAHBPrescTable
    stm32f10x_spi.o(.text) refers to stm32f10x_rcc.o(.text) for RCC_APB2PeriphResetCmd
    stm32f10x_tim.o(.text) refers to stm32f10x_rcc.o(.text) for RCC_APB2PeriphResetCmd
    stm32f10x_usart.o(.text) refers to stm32f10x_rcc.o(.text) for RCC_APB2PeriphResetCmd
    stm32f10x_wwdg.o(.text) refers to stm32f10x_rcc.o(.text) for RCC_APB1PeriphResetCmd
    system_stm32f10x.o(.text) refers to system_stm32f10x.o(.data) for SystemCoreClock
    stm32f10x_it.o(.text) refers to stm32f10x_can.o(.text) for CAN_Receive
    stm32f10x_it.o(.text) refers to stm32f10x_exti.o(.text) for EXTI_GetITStatus
    stm32f10x_it.o(.text) refers to stm32f10x_tim.o(.text) for TIM_GetITStatus
    stm32f10x_it.o(.text) refers to main.o(.text) for refresh_time
    stm32f10x_it.o(.text) refers to stm32f10x_gpio.o(.text) for GPIO_EXTILineConfig
    stm32f10x_it.o(.text) refers to key.o(.text) for send_rotate_message
    stm32f10x_it.o(.text) refers to can_function.o(.bss) for RxMessage
    stm32f10x_it.o(.text) refers to stm32f10x_it.o(.bss) for CAN_LCD_buffer
    stm32f10x_it.o(.text) refers to main.o(.data) for status_flag
    stm32f10x_it.o(.text) refers to systemconfig.o(.data) for myMessageType
    stm32f10x_it.o(.text) refers to key.o(.data) for selectEnd
    ext_function.o(.text) refers to misc.o(.text) for NVIC_PriorityGroupConfig
    ext_function.o(.text) refers to stm32f10x_rcc.o(.text) for RCC_APB2PeriphClockCmd
    ext_function.o(.text) refers to stm32f10x_gpio.o(.text) for GPIO_Init
    ext_function.o(.text) refers to stm32f10x_exti.o(.text) for EXTI_Init
    tim_function.o(.text) refers to misc.o(.text) for NVIC_PriorityGroupConfig
    tim_function.o(.text) refers to stm32f10x_rcc.o(.text) for RCC_APB1PeriphClockCmd
    tim_function.o(.text) refers to stm32f10x_tim.o(.text) for TIM_TimeBaseInit
    can_function.o(.text) refers to stm32f10x_rcc.o(.text) for RCC_APB2PeriphClockCmd
    can_function.o(.text) refers to stm32f10x_gpio.o(.text) for GPIO_Init
    can_function.o(.text) refers to misc.o(.text) for NVIC_PriorityGroupConfig
    can_function.o(.text) refers to stm32f10x_can.o(.text) for CAN_DeInit
    can_function.o(.text) refers to can_function.o(.bss) for TxMessage
    led_function.o(.text) refers to stm32f10x_rcc.o(.text) for RCC_APB2PeriphClockCmd
    led_function.o(.text) refers to stm32f10x_gpio.o(.text) for GPIO_Init
    main.o(.text) refers to _printf_percent.o(.ARM.Collect$$_printf_percent$$00000000) for _printf_percent
    main.o(.text) refers to _printf_d.o(.ARM.Collect$$_printf_percent$$00000009) for _printf_d
    main.o(.text) refers to _printf_dec.o(.text) for _printf_int_dec
    main.o(.text) refers to _printf_pad.o(.text) for _printf_pre_padding
    main.o(.text) refers to _printf_s.o(.ARM.Collect$$_printf_percent$$00000014) for _printf_s
[...]
    acFont8_1_198                            0x0801e0dc   Data           8  f08_1.o(.constdata)
    acFont8_1_199                            0x0801e0e4   Data           8  f08_1.o(.constdata)
    acFont8_1_200                            0x0801e0ec   Data           8  f08_1.o(.constdata)
    acFont8_1_201                            0x0801e0f4   Data           8  f08_1.o(.constdata)
    acFont8_1_202                            0x0801e0fc   Data           8  f08_1.o(.constdata)
    acFont8_1_203                            0x0801e104   Data           8  f08_1.o(.constdata)
    acFont8_1_204                            0x0801e10c   Data           8  f08_1.o(.constdata)
    acFont8_1_205                            0x0801e114   Data           8  f08_1.o(.constdata)
    acFont8_1_206                            0x0801e11c   Data           8  f08_1.o(.constdata)
    acFont8_1_207                            0x0801e124   Data           8  f08_1.o(.constdata)
    acFont8_1_208                            0x0801e12c   Data           8  f08_1.o(.constdata)
    acFont8_1_209                            0x0801e134   Data           8  f08_1.o(.constdata)
    acFont8_1_210                            0x0801e13c   Data           8  f08_1.o(.constdata)
    acFont8_1_211                            0x0801e144   Data           8  f08_1.o(.constdata)
    acFont8_1_212                            0x0801e14c   Data           8  f08_1.o(.constdata)
    acFont8_1_213                            0x0801e154   Data           8  f08_1.o(.constdata)
    acFont8_1_214                            0x0801e15c   Data           8  f08_1.o(.constdata)
    acFont8_1_215                            0x0801e164   Data           8  f08_1.o(.constdata)
    acFont8_1_216                            0x0801e16c   Data           8  f08_1.o(.constdata)
    acFont8_1_217                            0x0801e174   Data           8  f08_1.o(.constdata)
    acFont8_1_218                            0x0801e17c   Data           8  f08_1.o(.constdata)
    acFont8_1_219                            0x0801e184   Data           8  f08_1.o(.constdata)
    acFont8_1_220                            0x0801e18c   Data           8  f08_1.o(.constdata)
    acFont8_1_221                            0x0801e194   Data           8  f08_1.o(.constdata)
    acFont8_1_222                            0x0801e19c   Data           8  f08_1.o(.constdata)
    acFont8_1_223                            0x0801e1a4   Data           8  f08_1.o(.constdata)
    acFont8_1_224                            0x0801e1ac   Data           8  f08_1.o(.constdata)
    acFont8_1_225                            0x0801e1b4   Data           8  f08_1.o(.constdata)
    acFont8_1_226                            0x0801e1bc   Data           8  f08_1.o(.constdata)
    acFont8_1_227                            0x0801e1c4   Data           8  f08_1.o(.constdata)
    acFont8_1_228                            0x0801e1cc   Data           8  f08_1.o(.constdata)
    acFont8_1_229                            0x0801e1d4   Data           8  f08_1.o(.constdata)
    acFont8_1_230                            0x0801e1dc   Data          16  f08_1.o(.constdata)
    acFont8_1_231                            0x0801e1ec   Data           8  f08_1.o(.constdata)
    acFont8_1_232                            0x0801e1f4   Data           8  f08_1.o(.constdata)
    acFont8_1_233                            0x0801e1fc   Data           8  f08_1.o(.constdata)
    acFont8_1_234                            0x0801e204   Data           8  f08_1.o(.constdata)
    acFont8_1_235                            0x0801e20c   Data           8  f08_1.o(.constdata)
    acFont8_1_236                            0x0801e214   Data           8  f08_1.o(.constdata)
    acFont8_1_237                            0x0801e21c   Data           8  f08_1.o(.constdata)
    acFont8_1_238                            0x0801e224   Data           8  f08_1.o(.constdata)
    acFont8_1_239                            0x0801e22c   Data           8  f08_1.o(.constdata)
    acFont8_1_240                            0x0801e234   Data           8  f08_1.o(.constdata)
    acFont8_1_241                            0x0801e23c   Data           8  f08_1.o(.constdata)
    acFont8_1_242                            0x0801e244   Data           8  f08_1.o(.constdata)
    acFont8_1_243                            0x0801e24c   Data           8  f08_1.o(.constdata)
    acFont8_1_244                            0x0801e254   Data           8  f08_1.o(.constdata)
    acFont8_1_245                            0x0801e25c   Data           8  f08_1.o(.constdata)
    acFont8_1_246                            0x0801e264   Data           8  f08_1.o(.constdata)
    acFont8_1_247                            0x0801e26c   Data           8  f08_1.o(.constdata)
    acFont8_1_248                            0x0801e274   Data           8  f08_1.o(.constdata)
    acFont8_1_249                            0x0801e27c   Data           8  f08_1.o(.constdata)
    acFont8_1_250                            0x0801e284   Data           8  f08_1.o(.constdata)
    acFont8_1_251                            0x0801e28c   Data           8  f08_1.o(.constdata)
    acFont8_1_252                            0x0801e294   Data           8  f08_1.o(.constdata)
    acFont8_1_253                            0x0801e29c   Data           8  f08_1.o(.constdata)
    acFont8_1_254                            0x0801e2a4   Data           8  f08_1.o(.constdata)
    acFont8_1_255                            0x0801e2ac   Data           8  f08_1.o(.constdata)
    Font8_1_CharInfo                         0x0801e2b4   Data         768  f08_1.o(.constdata)
    GUI_Font8_1_Prop                         0x0801e5b4   Data          12  f08_1.o(.constdata)
    GUI_Font8_1                              0x0801e5c0   Data          32  f08_1.o(.constdata)
    acFont8ASCII                             0x0801e5e0   Data         760  f08_ascii.o(.constdata)
    GUI_Font8_ASCII_CharInfo                 0x0801e8d8   Data         760  f08_ascii.o(.constdata)
    GUI_Font8ASCII_Prop                      0x0801ebd0   Data          12  f08_ascii.o(.constdata)
    GUI_Font8_ASCII                          0x0801ebdc   Data          32  f08_ascii.o(.constdata)
    GUI_F8x8_acFont                          0x0801ebfc   Data        1304  f8x8.o(.constdata)
    GUI_F8x8_TransList                       0x0801f114   Data         448  f8x8.o(.constdata)
    GUI_F8x8_TransInfo                       0x0801f2d4   Data           8  f8x8.o(.constdata)
    GUI_F8x8_Mono                            0x0801f2dc   Data          20  f8x8.o(.constdata)
    GUI_Font8x8                              0x0801f2f0   Data          32  f8x8.o(.constdata)
    GUI_Font8x9                              0x0801f310   Data          32  f8x8.o(.constdata)
    acFont13_1_00A0                          0x0801f330   Data          13  f13_1.o(.constdata)
    acFont13_1_00A1                          0x0801f33d   Data          13  f13_1.o(.constdata)
    acFont13_1_00A2                          0x0801f34a   Data          13  f13_1.o(.constdata)
    acFont13_1_00A3                          0x0801f357   Data          13  f13_1.o(.constdata)
    acFont13_1_00A4                          0x0801f364   Data          13  f13_1.o(.constdata)
    acFont13_1_00A5                          0x0801f371   Data          13  f13_1.o(.constdata)
    acFont13_1_00A6                          0x0801f37e   Data          13  f13_1.o(.constdata)
    acFont13_1_00A7                          0x0801f38b   Data          13  f13_1.o(.constdata)
    acFont13_1_00A8                          0x0801f398   Data          13  f13_1.o(.constdata)
    acFont13_1_00A9                          0x0801f3a5   Data          26  f13_1.o(.constdata)
    acFont13_1_00AA                          0x0801f3bf   Data          13  f13_1.o(.constdata)
    acFont13_1_00AB                          0x0801f3cc   Data          13  f13_1.o(.constdata)
    acFont13_1_00AC                          0x0801f3d9   Data          13  f13_1.o(.constdata)
    acFont13_1_00AD                          0x0801f3e6   Data          13  f13_1.o(.constdata)
    acFont13_1_00AE                          0x0801f3f3   Data          26  f13_1.o(.constdata)
    acFont13_1_00AF                          0x0801f40d   Data          13  f13_1.o(.constdata)
    acFont13_1_00B0                          0x0801f41a   Data          13  f13_1.o(.constdata)
    acFont13_1_00B1                          0x0801f427   Data          13  f13_1.o(.constdata)
    acFont13_1_00B2                          0x0801f434   Data          13  f13_1.o(.constdata)
    acFont13_1_00B3                          0x0801f441   Data          13  f13_1.o(.constdata)
    acFont13_1_00B4                          0x0801f44e   Data          13  f13_1.o(.constdata)
    acFont13_1_00B5                          0x0801f45b   Data          13  f13_1.o(.constdata)
    acFont13_1_00B6                          0x0801f468   Data          13  f13_1.o(.constdata)
    acFont13_1_00B7                          0x0801f475   Data          13  f13_1.o(.constdata)
    acFont13_1_00B8                          0x0801f482   Data          13  f13_1.o(.constdata)
    acFont13_1_00B9                          0x0801f48f   Data          13  f13_1.o(.constdata)
    acFont13_1_00BA                          0x0801f49c   Data          13  f13_1.o(.constdata)
    acFont13_1_00BB                          0x0801f4a9   Data          13  f13_1.o(.constdata)
    acFont13_1_00BC                          0x0801f4b6   Data          26  f13_1.o(.constdata)
    acFont13_1_00BD                          0x0801f4d0   Data          26  f13_1.o(.constdata)
    acFont13_1_00BE                          0x0801f4ea   Data          26  f13_1.o(.constdata)
    acFont13_1_00BF                          0x0801f504   Data          13  f13_1.o(.constdata)
    acFont13_1_00C0                          0x0801f511   Data          13  f13_1.o(.constdata)
    acFont13_1_00C1                          0x0801f51e   Data          13  f13_1.o(.constdata)
    acFont13_1_00C2                          0x0801f52b   Data          13  f13_1.o(.constdata)
    acFont13_1_00C3                          0x0801f538   Data          13  f13_1.o(.constdata)
    acFont13_1_00C4                          0x0801f545   Data          13  f13_1.o(.constdata)
    acFont13_1_00C5                          0x0801f552   Data          13  f13_1.o(.constdata)
    acFont13_1_00C6                          0x0801f55f   Data          26  f13_1.o(.constdata)
    acFont13_1_00C7                          0x0801f579   Data          13  f13_1.o(.constdata)
    acFont13_1_00C8                          0x0801f586   Data          13  f13_1.o(.constdata)
    acFont13_1_00C9                          0x0801f593   Data          13  f13_1.o(.constdata)
    acFont13_1_00CA                          0x0801f5a0   Data          13  f13_1.o(.constdata)
    acFont13_1_00CB                          0x0801f5ad   Data          13  f13_1.o(.constdata)
    acFont13_1_00CC                          0x0801f5ba   Data          13  f13_1.o(.constdata)
    acFont13_1_00CD                          0x0801f5c7   Data          13  f13_1.o(.constdata)
    acFont13_1_00CE                          0x0801f5d4   Data          13  f13_1.o(.constdata)
    acFont13_1_00CF                          0x0801f5e1   Data          13  f13_1.o(.constdata)
    acFont13_1_00D0                          0x0801f5ee   Data          13  f13_1.o(.constdata)
    acFont13_1_00D1                          0x0801f5fb   Data          13  f13_1.o(.constdata)
    acFont13_1_00D2                          0x0801f608   Data          13  f13_1.o(.constdata)
    acFont13_1_00D3                          0x0801f615   Data          13  f13_1.o(.constdata)
    acFont13_1_00D4                          0x0801f622   Data          13  f13_1.o(.constdata)
    acFont13_1_00D5                          0x0801f62f   Data          13  f13_1.o(.constdata)
    acFont13_1_00D6                          0x0801f63c   Data          13  f13_1.o(.constdata)
    acFont13_1_00D7                          0x0801f649   Data          13  f13_1.o(.constdata)
    acFont13_1_00D8                          0x0801f656   Data          13  f13_1.o(.constdata)
    acFont13_1_00D9                          0x0801f663   Data          13  f13_1.o(.constdata)
    acFont13_1_00DA                          0x0801f670   Data          13  f13_1.o(.constdata)
    acFont13_1_00DB                          0x0801f67d   Data          13  f13_1.o(.constdata)
    acFont13_1_00DC                          0x0801f68a   Data          13  f13_1.o(.constdata)
    acFont13_1_00DD                          0x0801f697   Data          13  f13_1.o(.constdata)
    acFont13_1_00DE                          0x0801f6a4   Data          13  f13_1.o(.constdata)
    acFont13_1_00DF                          0x0801f6b1   Data          13  f13_1.o(.constdata)
    acFont13_1_00E0                          0x0801f6be   Data          13  f13_1.o(.constdata)
    acFont13_1_00E1                          0x0801f6cb   Data          13  f13_1.o(.constdata)
    acFont13_1_00E2                          0x0801f6d8   Data          13  f13_1.o(.constdata)
    acFont13_1_00E3                          0x0801f6e5   Data          13  f13_1.o(.constdata)
    acFont13_1_00E4                          0x0801f6f2   Data          13  f13_1.o(.constdata)
    acFont13_1_00E5                          0x0801f6ff   Data          13  f13_1.o(.constdata)
    acFont13_1_00E6                          0x0801f70c   Data          26  f13_1.o(.constdata)
    acFont13_1_00E7                          0x0801f726   Data          13  f13_1.o(.constdata)
    acFont13_1_00E8                          0x0801f733   Data          13  f13_1.o(.constdata)
    acFont13_1_00E9                          0x0801f740   Data          13  f13_1.o(.constdata)
    acFont13_1_00EA                          0x0801f74d   Data          13  f13_1.o(.constdata)
    acFont13_1_00EB                          0x0801f75a   Data          13  f13_1.o(.constdata)
    acFont13_1_00EC                          0x0801f767   Data          13  f13_1.o(.constdata)
    acFont13_1_00ED                          0x0801f774   Data          13  f13_1.o(.constdata)
    acFont13_1_00EE                          0x0801f781   Data          13  f13_1.o(.constdata)
    acFont13_1_00EF                          0x0801f78e   Data          13  f13_1.o(.constdata)
    acFont13_1_00F0                          0x0801f79b   Data          13  f13_1.o(.constdata)
    acFont13_1_00F1                          0x0801f7a8   Data          13  f13_1.o(.constdata)
    acFont13_1_00F2                          0x0801f7b5   Data          13  f13_1.o(.constdata)
    acFont13_1_00F3                          0x0801f7c2   Data          13  f13_1.o(.constdata)
    acFont13_1_00F4                          0x0801f7cf   Data          13  f13_1.o(.constdata)
    acFont13_1_00F5                          0x0801f7dc   Data          13  f13_1.o(.constdata)
    acFont13_1_00F6                          0x0801f7e9   Data          13  f13_1.o(.constdata)
    acFont13_1_00F7                          0x0801f7f6   Data          13  f13_1.o(.constdata)
    acFont13_1_00F8                          0x0801f803   Data          13  f13_1.o(.constdata)
    acFont13_1_00F9                          0x0801f810   Data          13  f13_1.o(.constdata)
    acFont13_1_00FA                          0x0801f81d   Data          13  f13_1.o(.constdata)
    acFont13_1_00FB                          0x0801f82a   Data          13  f13_1.o(.constdata)
    acFont13_1_00FC                          0x0801f837   Data          13  f13_1.o(.constdata)
    acFont13_1_00FD                          0x0801f844   Data          13  f13_1.o(.constdata)
    acFont13_1_00FE                          0x0801f851   Data          13  f13_1.o(.constdata)
    acFont13_1_00FF                          0x0801f85e   Data          13  f13_1.o(.constdata)
    GUI_Font13_1_CharInfo                    0x0801f86c   Data         768  f13_1.o(.constdata)
    GUI_Font13_1_Prop1                       0x0801fb6c   Data          12  f13_1.o(.constdata)
    GUI_Font13_1                             0x0801fb78   Data          32  f13_1.o(.constdata)
    acFont13ASCII_0020                       0x0801fb98   Data          13  f13_ascii.o(.constdata)
    acFont13ASCII_0021                       0x0801fba5   Data          13  f13_ascii.o(.constdata)
    acFont13ASCII_0022                       0x0801fbb2   Data          13  f13_ascii.o(.constdata)
    acFont13ASCII_0023                       0x0801fbbf   Data          13  f13_ascii.o(.constdata)
    acFont13ASCII_0024                       0x0801fbcc   Data          13  f13_ascii.o(.constdata)
    acFont13ASCII_0025                       0x0801fbd9   Data          26  f13_ascii.o(.constdata)
    acFont13ASCII_0026                       0x0801fbf3   Data          13  f13_ascii.o(.constdata)
    acFont13ASCII_0027                       0x0801fc00   Data          13  f13_ascii.o(.constdata)
    acFont13ASCII_0028                       0x0801fc0d   Data          13  f13_ascii.o(.constdata)
    acFont13ASCII_0029                       0x0801fc1a   Data          13  f13_ascii.o(.constdata)
    acFont13ASCII_002A                       0x0801fc27   Data          13  f13_ascii.o(.constdata)
    acFont13ASCII_002B                       0x0801fc34   Data          13  f13_ascii.o(.constdata)
    acFont13ASCII_002C                       0x0801fc41   Data          13  f13_ascii.o(.constdata)
    acFont13ASCII_002D                       0x0801fc4e   Data          13  f13_ascii.o(.constdata)
    acFont13ASCII_002E                       0x0801fc5b   Data          13  f13_ascii.o(.constdata)
    acFont13ASCII_002F                       0x0801fc68   Data          13  f13_ascii.o(.constdata)
    acFont13ASCII_0030                       0x0801fc75   Data          13  f13_ascii.o(.constdata)
    acFont13ASCII_0031                       0x0801fc82   Data          13  f13_ascii.o(.constdata)
    acFont13ASCII_0032                       0x0801fc8f   Data          13  f13_ascii.o(.constdata)
    acFont13ASCII_0033                       0x0801fc9c   Data          13  f13_ascii.o(.constdata)
    acFont13ASCII_0034                       0x0801fca9   Data          13  f13_ascii.o(.constdata)
    acFont13ASCII_0035                       0x0801fcb6   Data          13  f13_ascii.o(.constdata)
    acFont13ASCII_0036                       0x0801fcc3   Data          13  f13_ascii.o(.constdata)
    acFont13ASCII_0037                       0x0801fcd0   Data          13  f13_ascii.o(.constdata)
    acFont13ASCII_0038                       0x0801fcdd   Data          13  f13_ascii.o(.constdata)
    acFont13ASCII_0039                       0x0801fcea   Data          13  f13_ascii.o(.constdata)
    acFont13ASCII_003A                       0x0801fcf7   Data          13  f13_ascii.o(.constdata)
    acFont13ASCII_003B                       0x0801fd04   Data          13  f13_ascii.o(.constdata)
    acFont13ASCII_003C                       0x0801fd11   Data          13  f13_ascii.o(.constdata)
    acFont13ASCII_003D                       0x0801fd1e   Data          13  f13_ascii.o(.constdata)
    acFont13ASCII_003E                       0x0801fd2b   Data          13  f13_ascii.o(.constdata)
    acFont13ASCII_003F                       0x0801fd38   Data          13  f13_ascii.o(.constdata)
    acFont13ASCII_0040                       0x0801fd45   Data          26  f13_ascii.o(.constdata)
    acFont13ASCII_0041                       0x0801fd5f   Data          13  f13_ascii.o(.constdata)
    acFont13ASCII_0042                       0x0801fd6c   Data          13  f13_ascii.o(.constdata)
    acFont13ASCII_0043                       0x0801fd79   Data          13  f13_ascii.o(.constdata)
    acFont13ASCII_0044                       0x0801fd86   Data          13  f13_ascii.o(.constdata)
    acFont13ASCII_0045                       0x0801fd93   Data          13  f13_ascii.o(.constdata)
    acFont13ASCII_0046                       0x0801fda0   Data          13  f13_ascii.o(.constdata)
    acFont13ASCII_0047                       0x0801fdad   Data          13  f13_ascii.o(.constdata)
    acFont13ASCII_0048                       0x0801fdba   Data          13  f13_ascii.o(.constdata)
    acFont13ASCII_0049                       0x0801fdc7   Data          13  f13_ascii.o(.constdata)
    acFont13ASCII_004A                       0x0801fdd4   Data          13  f13_ascii.o(.constdata)
    acFont13ASCII_004B                       0x0801fde1   Data          13  f13_ascii.o(.constdata)
    acFont13ASCII_004C                       0x0801fdee   Data          13  f13_ascii.o(.constdata)
    acFont13ASCII_004D                       0x0801fdfb   Data          13  f13_ascii.o(.constdata)
    acFont13ASCII_004E                       0x0801fe08   Data          13  f13_ascii.o(.constdata)
    acFont13ASCII_004F                       0x0801fe15   Data          13  f13_ascii.o(.constdata)
    acFont13ASCII_0050                       0x0801fe22   Data          13  f13_ascii.o(.constdata)
    acFont13ASCII_0051                       0x0801fe2f   Data          13  f13_ascii.o(.constdata)
    acFont13ASCII_0052                       0x0801fe3c   Data          13  f13_ascii.o(.constdata)
    acFont13ASCII_0053                       0x0801fe49   Data          13  f13_ascii.o(.constdata)
    acFont13ASCII_0054                       0x0801fe56   Data          13  f13_ascii.o(.constdata)
    acFont13ASCII_0055                       0x0801fe63   Data          13  f13_ascii.o(.constdata)
    acFont13ASCII_0056                       0x0801fe70   Data          13  f13_ascii.o(.constdata)
    acFont13ASCII_0057                       0x0801fe7d   Data          26  f13_ascii.o(.constdata)
    acFont13ASCII_0058                       0x0801fe97   Data          13  f13_ascii.o(.constdata)
    acFont13ASCII_0059                       0x0801fea4   Data          13  f13_ascii.o(.constdata)
    acFont13ASCII_005A                       0x0801feb1   Data          13  f13_ascii.o(.constdata)
    acFont13ASCII_005B                       0x0801febe   Data          13  f13_ascii.o(.constdata)
    acFont13ASCII_005C                       0x0801fecb   Data          13  f13_ascii.o(.constdata)
    acFont13ASCII_005D                       0x0801fed8   Data          13  f13_ascii.o(.constdata)
    acFont13ASCII_005E                       0x0801fee5   Data          13  f13_ascii.o(.constdata)
    acFont13ASCII_005F                       0x0801fef2   Data          13  f13_ascii.o(.constdata)
    acFont13ASCII_0060                       0x0801feff   Data          13  f13_ascii.o(.constdata)
    acFont13ASCII_0061                       0x0801ff0c   Data          13  f13_ascii.o(.constdata)
    acFont13ASCII_0062                       0x0801ff19   Data          13  f13_ascii.o(.constdata)
    acFont13ASCII_0063                       0x0801ff26   Data          13  f13_ascii.o(.constdata)
    acFont13ASCII_0064                       0x0801ff33   Data          13  f13_ascii.o(.constdata)
    acFont13ASCII_0065                       0x0801ff40   Data          13  f13_ascii.o(.constdata)
    acFont13ASCII_0066                       0x0801ff4d   Data          13  f13_ascii.o(.constdata)
    acFont13ASCII_0067                       0x0801ff5a   Data          13  f13_ascii.o(.constdata)
    acFont13ASCII_0068                       0x0801ff67   Data          13  f13_ascii.o(.constdata)
    acFont13ASCII_0069                       0x0801ff74   Data          13  f13_ascii.o(.constdata)
    acFont13ASCII_006A                       0x0801ff81   Data          13  f13_ascii.o(.constdata)
    acFont13ASCII_006B                       0x0801ff8e   Data          13  f13_ascii.o(.constdata)
    acFont13ASCII_006C                       0x0801ff9b   Data          13  f13_ascii.o(.constdata)
    acFont13ASCII_006D                       0x0801ffa8   Data          13  f13_ascii.o(.constdata)
    acFont13ASCII_006E                       0x0801ffb5   Data          13  f13_ascii.o(.constdata)
    acFont13ASCII_006F                       0x0801ffc2   Data          13  f13_ascii.o(.constdata)
    acFont13ASCII_0070                       0x0801ffcf   Data          13  f13_ascii.o(.constdata)
    acFont13ASCII_0071                       0x0801ffdc   Data          13  f13_ascii.o(.constdata)
    acFont13ASCII_0072                       0x0801ffe9   Data          13  f13_ascii.o(.constdata)
    acFont13ASCII_0073                       0x0801fff6   Data          13  f13_ascii.o(.constdata)
    acFont13ASCII_0074                       0x08020003   Data          13  f13_ascii.o(.constdata)
    acFont13ASCII_0075                       0x08020010   Data          13  f13_ascii.o(.constdata)
    acFont13ASCII_0076                       0x0802001d   Data          13  f13_ascii.o(.constdata)
    acFont13ASCII_0077                       0x0802002a   Data          13  f13_ascii.o(.constdata)
    acFont13ASCII_0078                       0x08020037   Data          13  f13_ascii.o(.constdata)
    acFont13ASCII_0079                       0x08020044   Data          13  f13_ascii.o(.constdata)
    acFont13ASCII_007A                       0x08020051   Data          13  f13_ascii.o(.constdata)
    acFont13ASCII_007B                       0x0802005e   Data          13  f13_ascii.o(.constdata)
    acFont13ASCII_007C                       0x0802006b   Data          13  f13_ascii.o(.constdata)
    acFont13ASCII_007D                       0x08020078   Data          13  f13_ascii.o(.constdata)
    acFont13ASCII_007E                       0x08020085   Data          13  f13_ascii.o(.constdata)
    GUI_Font13ASCII_CharInfo                 0x08020094   Data         760  f13_ascii.o(.constdata)
    GUI_Font13ASCII_Prop1                    0x0802038c   Data          12  f13_ascii.o(.constdata)
    GUI_Font13_ASCII                         0x08020398   Data          32  f13_ascii.o(.constdata)
    WIDGET_Effect_3D                         0x080203b8   Data          24  widget_effect_3d.o(.constdata)
    Region$$Table$$Base                      0x080233a8   Number         0  anon$$obj.o(Region$$Table)
    Region$$Table$$Limit                     0x080233c8   Number         0  anon$$obj.o(Region$$Table)
    __ctype                                  0x080233d5   Data           0  lc_ctype_c.o(locale$$data)
    SystemCoreClock                          0x20000014   Data           4  system_stm32f10x.o(.data)
    AHBPrescTable                            0x20000018   Data          16  system_stm32f10x.o(.data)
    status_flag                              0x20000028   Data           1  main.o(.data)
    adcValue                                 0x2000002c   Data           4  main.o(.data)
    time_flag                                0x20000030   Data           4  main.o(.data)
    systemset_tab                            0x20000034   Data           8  ra8835.o(.data)
    scroll_tab                               0x2000003c   Data          10  ra8835.o(.data)
    __stdout                                 0x2000004c   Data           4  usart.o(.data)
    USART_RX_STA                             0x20000050   Data           1  usart.o(.data)
    selectEnd                                0x20000054   Data           4  key.o(.data)
    hText1                                   0x2000005c   Data           2  user_dialog.o(.data)
    hText2                                   0x2000005e   Data           2  user_dialog.o(.data)
    hText3                                   0x20000060   Data           2  user_dialog.o(.data)
    hText4                                   0x20000062   Data           2  user_dialog.o(.data)
    hText5                                   0x20000064   Data           2  user_dialog.o(.data)
    hText6                                   0x20000066   Data           2  user_dialog.o(.data)
    hText7                                   0x20000068   Data           2  user_dialog.o(.data)
    hText13                                  0x2000006a   Data           2  user_dialog.o(.data)
    hText14                                  0x2000006c   Data           2  user_dialog.o(.data)
    hText15                                  0x2000006e   Data           2  user_dialog.o(.data)
    hText16                                  0x20000070   Data           2  user_dialog.o(.data)
    hText17                                  0x20000072   Data           2  user_dialog.o(.data)
    root_hWin                                0x200000a4   Data           2  systemconfig.o(.data)
    mainForm_hWin                            0x200000a6   Data           2  systemconfig.o(.data)
    dialog_hWin                              0x200000a8   Data           2  systemconfig.o(.data)
    time_hWin                                0x200000aa   Data           2  systemconfig.o(.data)
    draw_hWin                                0x200000ac   Data           2  systemconfig.o(.data)
    drawLine_hWin                            0x200000ae   Data           2  systemconfig.o(.data)
    menu_hWin                                0x200000b0   Data           2  systemconfig.o(.data)
    explain_hWin                             0x200000b2   Data           2  systemconfig.o(.data)
    clock_hWin                               0x200000b4   Data           2  systemconfig.o(.data)
    warning_hWin                             0x200000b6   Data           2  systemconfig.o(.data)
    report_hWin                              0x200000b8   Data           2  systemconfig.o(.data)
    myMessageType                            0x200000bc   Data           4  systemconfig.o(.data)
    isOrSetMessage                           0x200000c0   Data           4  systemconfig.o(.data)
    isOrRefreshMessage                       0x200000c4   Data           4  systemconfig.o(.data)
    rotate_flag                              0x200000c8   Data           4  systemconfig.o(.data)
    rotateEnter_flag                         0x200000cc   Data           4  systemconfig.o(.data)
    saveData                                 0x200000d0   Data          20  systemconfig.o(.data)
    isOrShowExplain                          0x200000e4   Data           4  systemconfig.o(.data)
    isOrShowSetTime                          0x200000e8   Data           4  systemconfig.o(.data)
    timeData                                 0x200000ec   Data          24  systemconfig.o(.data)
    isOrSetClock                             0x20000104   Data           4  systemconfig.o(.data)
    isOneCheck                               0x20000108   Data           4  systemconfig.o(.data)
    isRestartCheck                           0x2000010c   Data           4  systemconfig.o(.data)
    isBeginCheck                             0x20000110   Data           4  systemconfig.o(.data)
    isOrSetPoint                             0x20000114   Data           4  systemconfig.o(.data)
    isOrShowReport                           0x20000118   Data           4  systemconfig.o(.data)
    logoCount                                0x2000011c   Data           4  systemconfig.o(.data)
    lastCount                                0x20000120   Data           4  systemconfig.o(.data)
    isOrPrintReport                          0x20000124   Data           4  systemconfig.o(.data)
    isOrAllowCheck                           0x20000128   Data           4  systemconfig.o(.data)
    isOrExitDrawLine                         0x2000012c   Data           4  systemconfig.o(.data)
    reportCount                              0x20000164   Data           4  report_dialog.o(.data)
    reportType                               0x20000168   Data           4  report_dialog.o(.data)
    currentPage                              0x2000016c   Data           4  report_dialog.o(.data)
    reportLength                             0x2000017c   Data          25  healthdatareport.o(.data)
    healthData1                              0x20000198   Data          80  healthdatareport.o(.data)
    healthData2                              0x200001e8   Data          40  healthdatareport.o(.data)
    healthData3                              0x20000210   Data          56  healthdatareport.o(.data)
    healthData4                              0x20000248   Data          72  healthdatareport.o(.data)
    healthData5                              0x20000290   Data          64  healthdatareport.o(.data)
    healthData6                              0x200002d0   Data          68  healthdatareport.o(.data)
    healthData7                              0x20000314   Data          20  healthdatareport.o(.data)
    healthData8                              0x20000328   Data          32  healthdatareport.o(.data)
    healthData9                              0x20000348   Data          40  healthdatareport.o(.data)
    healthData10                             0x20000370   Data          20  healthdatareport.o(.data)
    healthData11                             0x20000384   Data          40  healthdatareport.o(.data)
    healthData12                             0x200003ac   Data          20  healthdatareport.o(.data)
    healthData13                             0x200003c0   Data          24  healthdatareport.o(.data)
    healthData14                             0x200003d8   Data          40  healthdatareport.o(.data)
    healthData15                             0x20000400   Data          28  healthdatareport.o(.data)
    healthData16                             0x2000041c   Data          32  healthdatareport.o(.data)
    healthData17                             0x2000043c   Data          44  healthdatareport.o(.data)
    healthData18                             0x20000468   Data          60  healthdatareport.o(.data)
    healthData19                             0x200004a4   Data          72  healthdatareport.o(.data)
    healthData20                             0x200004ec   Data          60  healthdatareport.o(.data)
    healthData21                             0x20000528   Data          20  healthdatareport.o(.data)
    healthData22                             0x2000053c   Data          20  healthdatareport.o(.data)
    healthData23                             0x20000550   Data          60  healthdatareport.o(.data)
    healthData24                             0x2000058c   Data          96  healthdatareport.o(.data)
    healthData25                             0x200005ec   Data          64  healthdatareport.o(.data)
    GUI_pfKeyMsgHook                         0x20000640   Data           4  gui_onkey.o(.data)
    GUI_DecChar                              0x20000648   Data           1  guicore.o(.data)
    GUI_pfTimerExec                          0x2000064c   Data           4  guicore.o(.data)
    WM_pfHandlePID                           0x20000650   Data           4  guicore.o(.data)
    GUI_pfDispCharStyle                      0x20000654   Data           4  guicore.o(.data)
    GUI_pLCD_APIList                         0x20000658   Data           4  guicore.o(.data)
    OS_TimeMS                                0x2000065c   Data           4  gui_x.o(.data)
    WM__NumWindows                           0x20000660   Data           2  wm.o(.data)
    WM__NumInvalidWindows                    0x20000662   Data           2  wm.o(.data)
    WM__FirstWin                             0x20000664   Data           2  wm.o(.data)
    WM__pFirstCriticalHandle                 0x20000668   Data           4  wm.o(.data)
    WM__ahDesktopWin                         0x2000066c   Data           2  wm.o(.data)
    WM__aBkColor                             0x20000670   Data           4  wm.o(.data)
    WM_IsActive                              0x20000674   Data           1  wm.o(.data)
    WM__CreateFlags                          0x20000676   Data           2  wm.o(.data)
    WM__hCapture                             0x20000678   Data           2  wm.o(.data)
    WM__hWinFocus                            0x2000067a   Data           2  wm.o(.data)
    WM__CaptureReleaseAuto                   0x2000067c   Data           1  wm.o(.data)
    WM_pfPollPID                             0x20000680   Data           4  wm.o(.data)
    WM__PaintCallbackCnt                     0x20000684   Data           1  wm.o(.data)
    WM__TransWindowCnt                       0x20000688   Data           4  wm.o(.data)
    WM__hATransWindow                        0x2000068c   Data           2  wm.o(.data)
    WM__CHWinModal                           0x20000698   Data           8  wmtouch.o(.data)
    WM__CHWinLast                            0x200006a0   Data           8  wmtouch.o(.data)
    FRAMEWIN__DefaultProps                   0x200006ac   Data          32  framewin.o(.data)
    _pEffectDefault                          0x200006d8   Data           4  widget.o(.data)
    CAN_LCD_buffer                           0x200006dc   Data         480  stm32f10x_it.o(.bss)
    TxMessage                                0x200008bc   Data          20  can_function.o(.bss)
    RxMessage                                0x200008d0   Data          20  can_function.o(.bss)
    datalcd                                  0x200008e4   Data         150  ra8835.o(.bss)
    dataOfScreen                             0x2000097a   Data       19200  ra8835.o(.bss)
    USART_RX_BUF                             0x2000547a   Data          64  usart.o(.bss)
    healthData                               0x20005548   Data         100  report_dialog.o(.bss)
    GUI_Heap                                 0x200055c4   Data        5000  guialloc.o(.bss)
    GUI_ALLOC                                0x20006d00   Data          20  guialloc.o(.bss)
    GUI_Context                              0x20006d14   Data          72  guicore.o(.bss)
    LCD__aConvTable                          0x20006d5c   Data         256  lcdcolor.o(.bss)
    WM_PID__StateLast                        0x20006e5c   Data          12  wm.o(.bss)
    __libspace_start                         0x20006e80   Data          96  libspace.o(.bss)
    __temporary_stack_top$libspace           0x20006ee0   Data           0  libspace.o(.bss)



==============================================================================

Memory Map of the image

  Image Entry point : 0x08000131

  Load Region LR_IROM1 (Base: 0x08000000, Size: 0x00023bb4, Max: 0x00080000, ABSOLUTE, COMPRESSED[0x0002390c])

    Execution Region ER_IROM1 (Base: 0x08000000, Size: 0x000234d8, Max: 0x00080000, ABSOLUTE)

    Base Addr    Size         Type   Attr      Idx    E Section Name        Object

    0x08000000   0x00000130   Data   RO          115    RESET               startup_stm32f10x_hd.o
    0x08000130   0x00000008   Code   RO         8876  * !!!main             c_w.l(__main.o)
    0x08000138   0x00000034   Code   RO         9228    !!!scatter          c_w.l(__scatter.o)
    0x0800016c   0x0000005a   Code   RO         9226    !!dczerorl2         c_w.l(__dczerorl2.o)
    0x080001c6   0x00000002   PAD
    0x080001c8   0x0000001c   Code   RO         9230    !!handler_zi        c_w.l(__scatter_zi.o)
    0x080001e4   0x00000000   Code   RO         8855    .ARM.Collect$$_printf_percent$$00000000  c_w.l(_printf_percent.o)
    0x080001e4   0x00000006   Code   RO         8854    .ARM.Collect$$_printf_percent$$00000009  c_w.l(_printf_d.o)
    0x080001ea   0x00000006   Code   RO         8853    .ARM.Collect$$_printf_percent$$00000014  c_w.l(_printf_s.o)
    0x080001f0   0x00000004   Code   RO         8988    .ARM.Collect$$_printf_percent$$00000017  c_w.l(_printf_percent_end.o)
    0x080001f4   0x00000002   Code   RO         9095    .ARM.Collect$$libinit$$00000000  c_w.l(libinit.o)
    0x080001f6   0x00000000   Code   RO         9103    .ARM.Collect$$libinit$$00000002  c_w.l(libinit2.o)
    0x080001f6   0x00000000   Code   RO         9105    .ARM.Collect$$libinit$$00000004  c_w.l(libinit2.o)
    0x080001f6   0x00000000   Code   RO         9108    .ARM.Collect$$libinit$$0000000A  c_w.l(libinit2.o)
    0x080001f6   0x00000000   Code   RO         9110    .ARM.Collect$$libinit$$0000000C  c_w.l(libinit2.o)
    0x080001f6   0x00000000   Code   RO         9112    .ARM.Collect$$libinit$$0000000E  c_w.l(libinit2.o)
    0x080001f6   0x00000006   Code   RO         9113    .ARM.Collect$$libinit$$0000000F  c_w.l(libinit2.o)
    0x080001fc   0x00000000   Code   RO         9115    .ARM.Collect$$libinit$$00000011  c_w.l(libinit2.o)
    0x080001fc   0x0000000c   Code   RO         9116    .ARM.Collect$$libinit$$00000012  c_w.l(libinit2.o)
    0x08000208   0x00000000   Code   RO         9117    .ARM.Collect$$libinit$$00000013  c_w.l(libinit2.o)
    0x08000208   0x00000000   Code   RO         9119    .ARM.Collect$$libinit$$00000015  c_w.l(libinit2.o)
    0x08000208   0x00000000   Code   RO         9121    .ARM.Collect$$libinit$$00000017  c_w.l(libinit2.o)
    0x08000208   0x00000000   Code   RO         9123    .ARM.Collect$$libinit$$00000019  c_w.l(libinit2.o)
    0x08000208   0x00000000   Code   RO         9125    .ARM.Collect$$libinit$$0000001B  c_w.l(libinit2.o)
    0x08000208   0x00000000   Code   RO         9127    .ARM.Collect$$libinit$$0000001D  c_w.l(libinit2.o)
    0x08000208   0x00000000   Code   RO         9129    .ARM.Collect$$libinit$$0000001F  c_w.l(libinit2.o)
    0x08000208   0x00000000   Code   RO         9131    .ARM.Collect$$libinit$$00000021  c_w.l(libinit2.o)
    0x08000208   0x00000000   Code   RO         9133    .ARM.Collect$$libinit$$00000023  c_w.l(libinit2.o)
    0x08000208   0x00000000   Code   RO         9135    .ARM.Collect$$libinit$$00000025  c_w.l(libinit2.o)
    0x08000208   0x00000000   Code   RO         9139    .ARM.Collect$$libinit$$0000002C  c_w.l(libinit2.o)
    0x08000208   0x00000000   Code   RO         9141    .ARM.Collect$$libinit$$0000002E  c_w.l(libinit2.o)
    0x08000208   0x00000000   Code   RO         9143    .ARM.Collect$$libinit$$00000030  c_w.l(libinit2.o)
    0x08000208   0x00000000   Code   RO         9145    .ARM.Collect$$libinit$$00000032  c_w.l(libinit2.o)
    0x08000208   0x00000002   Code   RO         9146    .ARM.Collect$$libinit$$00000033  c_w.l(libinit2.o)
    0x0800020a   0x00000002   Code   RO         9168    .ARM.Collect$$libshutdown$$00000000  c_w.l(libshutdown.o)
    0x0800020c   0x00000000   Code   RO         9178    .ARM.Collect$$libshutdown$$00000002  c_w.l(libshutdown2.o)
    0x0800020c   0x00000000   Code   RO         9180    .ARM.Collect$$libshutdown$$00000004  c_w.l(libshutdown2.o)
    0x0800020c   0x00000000   Code   RO         9183    .ARM.Collect$$libshutdown$$00000007  c_w.l(libshutdown2.o)
    0x0800020c   0x00000000   Code   RO         9186    .ARM.Collect$$libshutdown$$0000000A  c_w.l(libshutdown2.o)
    0x0800020c   0x00000000   Code   RO         9188    .ARM.Collect$$libshutdown$$0000000C  c_w.l(libshutdown2.o)
    0x0800020c   0x00000000   Code   RO         9191    .ARM.Collect$$libshutdown$$0000000F  c_w.l(libshutdown2.o)
    0x0800020c   0x00000002   Code   RO         9192    .ARM.Collect$$libshutdown$$00000010  c_w.l(libshutdown2.o)
    0x0800020e   0x00000000   Code   RO         8970    .ARM.Collect$$rtentry$$00000000  c_w.l(__rtentry.o)
    0x0800020e   0x00000000   Code   RO         9044    .ARM.Collect$$rtentry$$00000002  c_w.l(__rtentry2.o)
    0x0800020e   0x00000006   Code   RO         9056    .ARM.Collect$$rtentry$$00000004  c_w.l(__rtentry4.o)
    0x08000214   0x00000000   Code   RO         9046    .ARM.Collect$$rtentry$$00000009  c_w.l(__rtentry2.o)
    0x08000214   0x00000004   Code   RO         9047    .ARM.Collect$$rtentry$$0000000A  c_w.l(__rtentry2.o)
    0x08000218   0x00000000   Code   RO         9049    .ARM.Collect$$rtentry$$0000000C  c_w.l(__rtentry2.o)
    0x08000218   0x00000008   Code   RO         9050    .ARM.Collect$$rtentry$$0000000D  c_w.l(__rtentry2.o)
    0x08000220   0x00000002   Code   RO         9098    .ARM.Collect$$rtexit$$00000000  c_w.l(rtexit.o)
    0x08000222   0x00000000   Code   RO         9150    .ARM.Collect$$rtexit$$00000002  c_w.l(rtexit2.o)
    0x08000222   0x00000004   Code   RO         9151    .ARM.Collect$$rtexit$$00000003  c_w.l(rtexit2.o)
    0x08000226   0x00000006   Code   RO         9152    .ARM.Collect$$rtexit$$00000004  c_w.l(rtexit2.o)
    0x0800022c   0x000005b0   Code   RO            1    .text               lcddummy_1.o
    0x080007dc   0x00000040   Code   RO          116    .text               startup_stm32f10x_hd.o
    0x0800081c   0x000000dc   Code   RO          121    .text               misc.o
    0x080008f8   0x0000044e   Code   RO          133    .text               stm32f10x_adc.o
    0x08000d46   0x00000002   PAD
    0x08000d48   0x000009f0   Code   RO          160    .text               stm32f10x_can.o
    0x08001738   0x0000011c   Code   RO          247    .text               stm32f10x_exti.o
    0x08001854   0x0000035c   Code   RO          286    .text               stm32f10x_gpio.o
    0x08001bb0   0x000003a4   Code   RO          343    .text               stm32f10x_rcc.o
    0x08001f54   0x00000e1a   Code   RO          402    .text               stm32f10x_tim.o
    0x08002d6e   0x00000002   PAD
    0x08002d70   0x00000408   Code   RO          414    .text               stm32f10x_usart.o
    0x08003178   0x000001e0   Code   RO          451    .text               system_stm32f10x.o
    0x08003358   0x00000208   Code   RO          469    .text               stm32f10x_it.o
    0x08003560   0x0000046c   Code   RO          640    .text               main.o
    0x080039cc   0x00000ebe   Code   RO          720    .text               ra8835.o
    0x0800488a   0x00000002   PAD
    0x0800488c   0x000000ac   Code   RO          766    .text               delay.o
    0x08004938   0x00000298   Code   RO          792    .text               usart.o
    0x08004bd0   0x000000c4   Code   RO          818    .text               adc.o
    0x08004c94   0x00000538   Code   RO          830    .text               key.o
    0x080051cc   0x00000038   Code   RO          849    .text               led.o
    0x08005204   0x000007f4   Code   RO          861    .text               rtc.o
    0x080059f8   0x00000464   Code   RO          934    .text               my_win.o
    0x08005e5c   0x00000d4c   Code   RO          952    .text               user_dialog.o
    0x08006ba8   0x000006d0   Code   RO          976    .text               menu_dialog.o
    0x08007278   0x000004d4   Code   RO         1005    .text               systemexplain.o
    0x0800774c   0x00000df4   Code   RO         1037    .text               time_dialog.o
    0x08008540   0x000002b4   Code   RO         1054    .text               warning_dialog.o
    0x080087f4   0x00000330   Code   RO         1069    .text               drawline_dialog.o
    0x08008b24   0x00000864   Code   RO         1089    .text               report_dialog.o
    0x08009388   0x000000c4   Code   RO         1205    .text               gui__calctextrect.o
    0x0800944c   0x00000014   Code   RO         1241    .text               gui__getfontsizey.o
    0x08009460   0x00000018   Code   RO         1265    .text               gui__handleeoline.o
    0x08009478   0x00000042   Code   RO         1277    .text               gui__intersectrect.o
    0x080094ba   0x00000088   Code   RO         1289    .text               gui__intersectrects.o
    0x08009542   0x00000056   Code   RO         1301    .text               gui__memset.o
    0x08009598   0x00000022   Code   RO         1337    .text               gui__reducerect.o
    0x080095ba   0x00000050   Code   RO         1349    .text               gui__settext.o
    0x0800960a   0x00000002   PAD
    0x0800960c   0x00000050   Code   RO         1364    .text               gui__strcmp.o
    0x0800965c   0x00000016   Code   RO         1376    .text               gui__strlen.o
    0x08009672   0x00000022   Code   RO         1496    .text               gui_alloc_alloczero.o
    0x08009694   0x0000001a   Code   RO         1544    .text               gui_clearrectex.o
    0x080096ae   0x00000002   PAD
    0x080096b0   0x00000144   Code   RO         1983    .text               gui_dispstring.o
    0x080097f4   0x00000020   Code   RO         1995    .text               gui_dispstringat.o
    0x08009814   0x000001d8   Code   RO         2031    .text               gui_dispstringinrect.o
    0x080099ec   0x000000fc   Code   RO         2080    .text               gui_drawbitmap.o
    0x08009ae8   0x000000c4   Code   RO         2128    .text               gui_drawfocusrect.o
    0x08009bac   0x00000054   Code   RO         2152    .text               gui_drawhline.o
    0x08009c00   0x00000054   Code   RO         2212    .text               gui_drawvline.o
    0x08009c54   0x00000038   Code   RO         2236    .text               gui_exec.o
    0x08009c8c   0x00000328   Code   RO         2248    .text               gui_fillpolygon.o
    0x08009fb4   0x00000064   Code   RO         2263    .text               gui_fillrect.o
    0x0800a018   0x0000001a   Code   RO         2275    .text               gui_fillrectex.o
    0x0800a032   0x00000012   Code   RO         2311    .text               gui_getclientrect.o
    0x0800a044   0x0000003c   Code   RO         2323    .text               gui_getcolor.o
    0x0800a080   0x0000000c   Code   RO         2371    .text               gui_getfontsizey.o
    0x0800a08c   0x00000016   Code   RO         2395    .text               gui_getstringdistx.o
    0x0800a0a2   0x00000014   Code   RO         2457    .text               gui_getysizeoffont.o
    0x0800a0b6   0x00000002   PAD
    0x0800a0b8   0x00000058   Code   RO         2469    .text               gui_goto.o
    0x0800a110   0x00000082   Code   RO         2529    .text               gui_mergerect.o
    0x0800a192   0x00000024   Code   RO         2569    .text               gui_moverect.o
    0x0800a1b6   0x00000002   PAD
    0x0800a1b8   0x00000090   Code   RO         2581    .text               gui_onkey.o
    0x0800a248   0x00000024   Code   RO         2604    .text               gui_pen.o
    0x0800a26c   0x0000003a   Code   RO         2630    .text               gui_rectsintersect.o
    0x0800a2a6   0x00000002   PAD
    0x0800a2a8   0x00000024   Code   RO         2642    .text               gui_savecontext.o
    0x0800a2cc   0x00000018   Code   RO         2678    .text               gui_setcolor.o
    0x0800a2e4   0x00000044   Code   RO         2714    .text               gui_setdefault.o
    0x0800a328   0x00000010   Code   RO         2726    .text               gui_setdrawmode.o
    0x0800a338   0x00000010   Code   RO         2738    .text               gui_setfont.o
    0x0800a348   0x00000010   Code   RO         2762    .text               gui_setlinestyle.o
    0x0800a358   0x00000014   Code   RO         2836    .text               gui_settextalign.o
    0x0800a36c   0x00000014   Code   RO         2848    .text               gui_settextmode.o
    0x0800a380   0x000000d0   Code   RO         2963    .text               gui_uc.o
    0x0800a450   0x00000030   Code   RO         2987    .text               gui_uc_encodenone.o
    0x0800a480   0x000007c0   Code   RO         3056    .text               gui2dlib.o
    0x0800ac40   0x00000446   Code   RO         3071    .text               guialloc.o
    0x0800b086   0x00000002   PAD
    0x0800b088   0x000000b0   Code   RO         3099    .text               guichar.o
    0x0800b138   0x000001b8   Code   RO         3111    .text               guicharline.o
    0x0800b2f0   0x000001c8   Code   RO         3123    .text               guicharm.o
    0x0800b4b8   0x00000180   Code   RO         3135    .text               guicharp.o
    0x0800b638   0x000003ec   Code   RO         3147    .text               guicirc.o
    0x0800ba24   0x000000fc   Code   RO         3171    .text               guicore.o
    0x0800bb20   0x000000b0   Code   RO         3203    .text               guiencjs.o
    0x0800bbd0   0x00000440   Code   RO         3376    .text               lcd.o
    0x0800c010   0x00000058   Code   RO         3446    .text               lcd_drawvline.o
    0x0800c068   0x00000010   Code   RO         3458    .text               lcd_getcolorindex.o
    0x0800c078   0x00000036   Code   RO         3518    .text               lcd_l0_generic.o
    0x0800c0ae   0x00000002   PAD
    0x0800c0b0   0x0000001c   Code   RO         3701    .text               lcd_setcliprectex.o
    0x0800c0cc   0x00000070   Code   RO         3737    .text               lcdcolor.o
    0x0800c13c   0x00000030   Code   RO         3828    .text               lcdp1.o
    0x0800c16c   0x00000030   Code   RO         4660    .text               gui_x.o
    0x0800c19c   0x00000fe4   Code   RO         4951    .text               wm.o
    0x0800d180   0x0000003c   Code   RO         4974    .text               wm__foreachdesc.o
    0x0800d1bc   0x0000001e   Code   RO         4986    .text               wm__getfirstsibling.o
    0x0800d1da   0x00000002   PAD
    0x0800d1dc   0x00000024   Code   RO         4998    .text               wm__getfocussedchild.o
    0x0800d200   0x00000036   Code   RO         5034    .text               wm__getprevsibling.o
    0x0800d236   0x0000004e   Code   RO         5046    .text               wm__isancestor.o
    0x0800d284   0x00000028   Code   RO         5058    .text               wm__ischild.o
    0x0800d2ac   0x00000024   Code   RO         5106    .text               wm__sendmessage.o
    0x0800d2d0   0x00000028   Code   RO         5130    .text               wm__sendmessagenopara.o
    0x0800d2f8   0x00000186   Code   RO         5142    .text               wm__updatechildpositions.o
    0x0800d47e   0x00000048   Code   RO         5166    .text               wm_bringtobottom.o
    0x0800d4c6   0x00000002   PAD
    0x0800d4c8   0x00000088   Code   RO         5178    .text               wm_bringtotop.o
    0x0800d550   0x00000050   Code   RO         5214    .text               wm_criticalhandle.o
    0x0800d5a0   0x00000014   Code   RO         5250    .text               wm_foreachdesc.o
    0x0800d5b4   0x0000001c   Code   RO         5262    .text               wm_getbkcolor.o
    0x0800d5d0   0x00000048   Code   RO         5274    .text               wm_getclientrect.o
    0x0800d618   0x0000001a   Code   RO         5286    .text               wm_getclientwindow.o
    0x0800d632   0x00000002   PAD
    0x0800d634   0x0000000c   Code   RO         5298    .text               wm_getdesktopwindow.o
    0x0800d640   0x00000062   Code   RO         5338    .text               wm_getdialogitem.o
    0x0800d6a2   0x00000014   Code   RO         5350    .text               wm_getfirstchild.o
    0x0800d6b6   0x00000014   Code   RO         5386    .text               wm_getid.o
    0x0800d6ca   0x00000014   Code   RO         5458    .text               wm_getparent.o
    0x0800d6de   0x00000002   PAD
    0x0800d6e0   0x00000058   Code   RO         5518    .text               wm_getwindowrect.o
    0x0800d738   0x00000070   Code   RO         5534    .text               wm_getwindowsize.o
    0x0800d7a8   0x00000018   Code   RO         5546    .text               wm_hascaptured.o
    0x0800d7c0   0x00000030   Code   RO         5570    .text               wm_hide.o
    0x0800d7f0   0x00000020   Code   RO         5606    .text               wm_isfocussable.o
    0x0800d810   0x00000010   Code   RO         5630    .text               wm_iswindow.o
    0x0800d820   0x00000100   Code   RO         5654    .text               wm_move.o
    0x0800d920   0x00000050   Code   RO         5666    .text               wm_movechildto.o
    0x0800d970   0x00000016   Code   RO         5678    .text               wm_notifyparent.o
    0x0800d986   0x00000002   PAD
    0x0800d988   0x00000038   Code   RO         5690    .text               wm_onkey.o
    0x0800d9c0   0x00000042   Code   RO         5702    .text               wm_paint.o
    0x0800da02   0x000000ea   Code   RO         5726    .text               wm_resizewindow.o
    0x0800daec   0x00000010   Code   RO         5750    .text               wm_sendmessagenopara.o
    0x0800dafc   0x00000020   Code   RO         5762    .text               wm_sendtoparent.o
    0x0800db1c   0x00000050   Code   RO         5798    .text               wm_setcapture.o
    0x0800db6c   0x00000098   Code   RO         5810    .text               wm_setcapturemove.o
    0x0800dc04   0x00000010   Code   RO         5824    .text               wm_setcreateflags.o
    0x0800dc14   0x00000054   Code   RO         5836    .text               wm_setdesktopcolor.o
    0x0800dc68   0x000000a8   Code   RO         5848    .text               wm_setfocus.o
    0x0800dd10   0x00000090   Code   RO         5860    .text               wm_setfocusonnextchild.o
    0x0800dda0   0x0000001c   Code   RO         5920    .text               wm_setscrollstate.o
    0x0800ddbc   0x00000042   Code   RO         5932    .text               wm_setsize.o
    0x0800ddfe   0x00000002   PAD
    0x0800de00   0x00000080   Code   RO         5944    .text               wm_settrans.o
    0x0800de80   0x00000018   Code   RO         5968    .text               wm_setusercliprect.o
    0x0800de98   0x00000058   Code   RO         6004    .text               wm_show.o
    0x0800def0   0x00000030   Code   RO         6076    .text               wm_validatewindow.o
    0x0800df20   0x00000008   Code   RO         6088    .text               wmmemdev.o
    0x0800df28   0x00000138   Code   RO         6491    .text               dialog.o
    0x0800e060   0x0000079c   Code   RO         6800    .text               framewin.o
    0x0800e7fc   0x000000fe   Code   RO         6821    .text               framewin__updatebuttons.o
    0x0800e8fa   0x0000004e   Code   RO         6912    .text               framewin_createindirect.o
    0x0800e948   0x000000ac   Code   RO         6984    .text               framewin_setcolors.o
    0x0800e9f4   0x00000046   Code   RO         7022    .text               framewin_settitleheight.o
    0x0800ea3a   0x000000b0   Code   RO         7034    .text               framewin_settitlevis.o
    0x0800eaea   0x00000002   PAD
    0x0800eaec   0x00000160   Code   RO         8535    .text               text.o
    0x0800ec4c   0x0000004e   Code   RO         8564    .text               text_createindirect.o
    0x0800ec9a   0x00000030   Code   RO         8576    .text               text_setbkcolor.o
    0x0800ecca   0x0000001c   Code   RO         8588    .text               text_setfont.o
    0x0800ece6   0x00000026   Code   RO         8600    .text               text_settext.o
    0x0800ed0c   0x0000001e   Code   RO         8612    .text               text_settextalign.o
    0x0800ed2a   0x0000001c   Code   RO         8624    .text               text_settextcolor.o
    0x0800ed46   0x00000002   PAD
    0x0800ed48   0x00000490   Code   RO         8636    .text               widget.o
    0x0800f1d8   0x000001ac   Code   RO         8651    .text               widget_effect_3d.o
    0x0800f384   0x00000120   Code   RO         8746    .text               widget_fillstringinrect.o
    0x0800f4a4   0x00000002   Code   RO         8815    .text               c_w.l(use_no_semi_2.o)
    0x0800f4a6   0x00000002   PAD
    0x0800f4a8   0x00000018   Code   RO         8821    .text               c_w.l(noretval__2printf.o)
    0x0800f4c0   0x00000028   Code   RO         8823    .text               c_w.l(noretval__2sprintf.o)
    0x0800f4e8   0x0000004e   Code   RO         8827    .text               c_w.l(_printf_pad.o)
    0x0800f536   0x00000052   Code   RO         8829    .text               c_w.l(_printf_str.o)
    0x0800f588   0x00000078   Code   RO         8831    .text               c_w.l(_printf_dec.o)
    0x0800f600   0x00000138   Code   RO         8845    .text               c_w.l(__printf_flags_wp.o)
    0x0800f738   0x0000001a   Code   RO         8856    .text               c_w.l(atoi.o)
    0x0800f752   0x00000048   Code   RO         8860    .text               c_w.l(strcpy.o)
    0x0800f79a   0x0000003e   Code   RO         8862    .text               c_w.l(strlen.o)
    0x0800f7d8   0x0000008a   Code   RO         8864    .text               c_w.l(rt_memcpy_v6.o)
    0x0800f862   0x00000084   Code   RO         8866    .text               c_w.l(rt_memmove_v6.o)
    0x0800f8e6   0x00000064   Code   RO         8868    .text               c_w.l(rt_memcpy_w.o)
    0x0800f94a   0x00000006   Code   RO         8874    .text               c_w.l(heapauxi.o)
    0x0800f950   0x00000002   Code   RO         8968    .text               c_w.l(use_no_semi.o)
    0x0800f952   0x00000002   PAD
    0x0800f954   0x00000008   Code   RO         8974    .text               c_w.l(rt_errno_addr_intlibspace.o)
    0x0800f95c   0x00000016   Code   RO         8976    .text               c_w.l(_rserrno.o)
    0x0800f972   0x000000b2   Code   RO         8978    .text               c_w.l(_printf_intcommon.o)
    0x0800fa24   0x00000030   Code   RO         8980    .text               c_w.l(_printf_char_common.o)
    0x0800fa54   0x0000000a   Code   RO         8982    .text               c_w.l(_sputc.o)
    0x0800fa5e   0x0000002c   Code   RO         8984    .text               c_w.l(_printf_char.o)
    0x0800fa8a   0x00000002   PAD
    0x0800fa8c   0x00000024   Code   RO         8986    .text               c_w.l(_printf_char_file.o)
    0x0800fab0   0x00000070   Code   RO         8989    .text               c_w.l(strtol.o)
    0x0800fb20   0x0000007a   Code   RO         8991    .text               c_w.l(rt_memmove_w.o)
    0x0800fb9a   0x00000002   PAD
    0x0800fb9c   0x00000008   Code   RO         9040    .text               c_w.l(libspace.o)
    0x0800fba4   0x00000010   Code   RO         9058    .text               c_w.l(rt_ctype_table.o)
    0x0800fbb4   0x0000009e   Code   RO         9062    .text               c_w.l(_strtoul.o)
    0x0800fc52   0x00000008   Code   RO         9064    .text               c_w.l(ferror.o)
    0x0800fc5a   0x0000004a   Code   RO         9076    .text               c_w.l(sys_stackheap_outer.o)
    0x0800fca4   0x00000008   Code   RO         9081    .text               c_w.l(rt_locale_intlibspace.o)
    0x0800fcac   0x0000001c   Code   RO         9083    .text               c_w.l(_chval.o)
    0x0800fcc8   0x00000012   Code   RO         9088    .text               c_w.l(exit.o)
    0x0800fcda   0x00000002   PAD
    0x0800fcdc   0x00000080   Code   RO         9100    .text               c_w.l(strcmpv7m.o)
    0x0800fd5c   0x00000028   Code   RO         9072    i.__ARM_fpclassify  m_ws.l(fpclassify.o)
    0x0800fd84   0x00000388   Code   RO         9029    i.__ieee754_rem_pio2  m_ws.l(rred.o)
    0x0801010c   0x000000fc   Code   RO         9012    i.__kernel_cos      m_ws.l(cos_i.o)
    0x08010208   0x000000aa   Code   RO         9074    i.__kernel_poly     m_ws.l(poly.o)
    0x080102b2   0x00000002   PAD
    0x080102b4   0x000000ec   Code   RO         9034    i.__kernel_sin      m_ws.l(sin_i.o)
    0x080103a0   0x00000006   Code   RO         9016    i.__mathlib_dbl_infnan  m_ws.l(dunder.o)
    0x080103a6   0x0000000c   Code   RO         9018    i.__mathlib_dbl_invalid  m_ws.l(dunder.o)
    0x080103b2   0x00000002   PAD
    0x080103b4   0x00000010   Code   RO         9021    i.__mathlib_dbl_underflow  m_ws.l(dunder.o)
    0x080103c4   0x0000000e   Code   RO         8843    i._is_digit         c_w.l(__printf_wp.o)
    0x080103d2   0x00000002   PAD
    0x080103d4   0x000000a0   Code   RO         8953    i.sin               m_ws.l(sin.o)
    0x08010474   0x0000002c   Code   RO         9086    locale$$code        c_w.l(lc_ctype_c.o)
    0x080104a0   0x00000150   Code   RO         8880    x$fpl$dadd          fz_ws.l(daddsub_clz.o)
    0x080105f0   0x00000010   Code   RO         9096    x$fpl$dcheck1       fz_ws.l(dcheck1.o)
    0x08010600   0x000002b0   Code   RO         8887    x$fpl$ddiv          fz_ws.l(ddiv.o)
    0x080108b0   0x0000005e   Code   RO         8890    x$fpl$dfix          fz_ws.l(dfix.o)
    0x0801090e   0x0000002e   Code   RO         8895    x$fpl$dflt          fz_ws.l(dflt_clz.o)
    0x0801093c   0x00000026   Code   RO         8894    x$fpl$dfltu         fz_ws.l(dflt_clz.o)
    0x08010962   0x00000002   PAD
    0x08010964   0x00000154   Code   RO         8900    x$fpl$dmul          fz_ws.l(dmul.o)
    0x08010ab8   0x0000009c   Code   RO         8997    x$fpl$dnaninf       fz_ws.l(dnaninf.o)
    0x08010b54   0x0000000c   Code   RO         8999    x$fpl$dretinf       fz_ws.l(dretinf.o)
    0x08010b60   0x00000016   Code   RO         8881    x$fpl$drsb          fz_ws.l(daddsub_clz.o)
    0x08010b76   0x00000002   PAD
    0x08010b78   0x000001d4   Code   RO         8882    x$fpl$dsub          fz_ws.l(daddsub_clz.o)
    0x08010d4c   0x00000056   Code   RO         8902    x$fpl$f2d           fz_ws.l(f2d.o)
    0x08010da2   0x0000008c   Code   RO         9007    x$fpl$fnaninf       fz_ws.l(fnaninf.o)
    0x08010e2e   0x00000064   Code   RO         9147    x$fpl$retnan        fz_ws.l(retnan.o)
    0x08010e92   0x0000005c   Code   RO         9070    x$fpl$scalbn        fz_ws.l(scalbn.o)
    0x08010eee   0x00000030   Code   RO         9160    x$fpl$trapveneer    fz_ws.l(trapv.o)
    0x08010f1e   0x00000000   Code   RO         9011    x$fpl$usenofp       fz_ws.l(usenofp.o)
    0x08010f1e   0x00000002   PAD
    0x08010f20   0x0000025c   Data   RO          641    .constdata          main.o
    0x0801117c   0x000011fc   Data   RO          876    .constdata          myfont16_21.o
    0x08012378   0x000047b8   Data   RO          903    .constdata          fengshi2.o
    0x08016b30   0x000001e0   Data   RO          954    .constdata          user_dialog.o
    0x08016d10   0x000000a8   Data   RO          977    .constdata          menu_dialog.o
    0x08016db8   0x000000c0   Data   RO         1006    .constdata          systemexplain.o
    0x08016e78   0x0000196c   Data   RO         1025    .constdata          simsun_1616.o
    0x080187e4   0x00000210   Data   RO         1039    .constdata          time_dialog.o
    0x080189f4   0x00000048   Data   RO         1055    .constdata          warning_dialog.o
    0x08018a3c   0x00000018   Data   RO         1070    .constdata          drawline_dialog.o
    0x08018a54   0x00000138   Data   RO         1091    .constdata          report_dialog.o
    0x08018b8c   0x000053c0   Data   RO         1117    .constdata          reportfont.o
    0x0801df4c   0x00000010   Data   RO         2988    .constdata          gui_uc_encodenone.o
    0x0801df5c   0x00000044   Data   RO         3057    .constdata          gui2dlib.o
    0x0801dfa0   0x0000000c   Data   RO         3204    .constdata          guiencjs.o
    0x0801dfac   0x00000634   Data   RO         3939    .constdata          f08_1.o
    0x0801e5e0   0x0000061c   Data   RO         3952    .constdata          f08_ascii.o
    0x0801ebfc   0x00000734   Data   RO         3969    .constdata          f8x8.o
    0x0801f330   0x00000868   Data   RO         4141    .constdata          f13_1.o
    0x0801fb98   0x00000820   Data   RO         4154    .constdata          f13_ascii.o
    0x080203b8   0x00000018   Data   RO         8652    .constdata          widget_effect_3d.o
    0x080203d0   0x00000011   Data   RO         8846    .constdata          c_w.l(__printf_flags_wp.o)
    0x080203e1   0x00000007   PAD
    0x080203e8   0x00000030   Data   RO         9013    .constdata          m_ws.l(cos_i.o)
    0x08020418   0x000000c8   Data   RO         9031    .constdata          m_ws.l(rred.o)
    0x080204e0   0x00000028   Data   RO         9035    .constdata          m_ws.l(sin_i.o)
    0x08020508   0x000000ad   Data   RO          955    .conststring        user_dialog.o
    0x080205b5   0x00000003   PAD
    0x080205b8   0x00000017   Data   RO          992    .conststring        systemconfig.o
    0x080205cf   0x00000001   PAD
    0x080205d0   0x0000000e   Data   RO         1040    .conststring        time_dialog.o
    0x080205de   0x00000002   PAD
    0x080205e0   0x00002dc8   Data   RO         1129    .conststring        healthdatareport.o
    0x080233a8   0x00000020   Data   RO         9224    Region$$Table       anon$$obj.o
    0x080233c8   0x00000110   Data   RO         9085    locale$$data        c_w.l(lc_ctype_c.o)


    Execution Region RW_IRAM1 (Base: 0x20000000, Size: 0x000074e0, Max: 0x00010000, ABSOLUTE, COMPRESSED[0x00000434])

    Base Addr    Size         Type   Attr      Idx    E Section Name        Object

    0x20000000   0x00000014   Data   RW          344    .data               stm32f10x_rcc.o
    0x20000014   0x00000014   Data   RW          452    .data               system_stm32f10x.o
    0x20000028   0x0000000c   Data   RW          642    .data               main.o
    0x20000034   0x00000013   Data   RW          722    .data               ra8835.o
    0x20000047   0x00000001   PAD
    0x20000048   0x00000004   Data   RW          767    .data               delay.o
    0x2000004c   0x00000005   Data   RW          794    .data               usart.o
    0x20000051   0x00000003   PAD
    0x20000054   0x00000005   Data   RW          831    .data               key.o
    0x20000059   0x00000003   PAD
    0x2000005c   0x00000040   Data   RW          956    .data               user_dialog.o
    0x2000009c   0x00000008   Data   RW          979    .data               menu_dialog.o
    0x200000a4   0x0000008c   Data   RW          993    .data               systemconfig.o
    0x20000130   0x0000002c   Data   RW         1041    .data               time_dialog.o
    0x2000015c   0x00000008   Data   RW         1072    .data               drawline_dialog.o
    0x20000164   0x00000018   Data   RW         1093    .data               report_dialog.o
    0x2000017c   0x000004b0   Data   RW         1130    .data               healthdatareport.o
    0x2000062c   0x00000004   Data   RW         2250    .data               gui_fillpolygon.o
    0x20000630   0x00000014   Data   RW         2582    .data               gui_onkey.o
    0x20000644   0x00000001   Data   RW         3073    .data               guialloc.o
    0x20000645   0x00000003   PAD
    0x20000648   0x00000014   Data   RW         3173    .data               guicore.o
    0x2000065c   0x00000004   Data   RW         4661    .data               gui_x.o
    0x20000660   0x00000031   Data   RW         4953    .data               wm.o
    0x20000691   0x00000001   PAD
    0x20000692   0x00000004   Data   RW         5811    .data               wm_setcapturemove.o
    0x20000696   0x00000002   PAD
    0x20000698   0x00000010   Data   RW         6101    .data               wmtouch.o
    0x200006a8   0x00000004   Data   RW         6492    .data               dialog.o
    0x200006ac   0x00000022   Data   RW         6801    .data               framewin.o
    0x200006ce   0x00000002   PAD
    0x200006d0   0x00000008   Data   RW         8536    .data               text.o
    0x200006d8   0x00000004   Data   RW         8637    .data               widget.o
    0x200006dc   0x000001e0   Zero   RW          470    .bss                stm32f10x_it.o
    0x200008bc   0x00000028   Zero   RW          610    .bss                can_function.o
    0x200008e4   0x00004b96   Zero   RW          721    .bss                ra8835.o
    0x2000547a   0x00000040   Zero   RW          793    .bss                usart.o
    0x200054ba   0x00000014   Zero   RW          953    .bss                user_dialog.o
    0x200054ce   0x00000078   Zero   RW         1038    .bss                time_dialog.o
    0x20005546   0x00000002   PAD
    0x20005548   0x00000064   Zero   RW         1090    .bss                report_dialog.o
    0x200055ac   0x00000018   Zero   RW         2249    .bss                gui_fillpolygon.o
    0x200055c4   0x00001750   Zero   RW         3072    .bss                guialloc.o
    0x20006d14   0x00000048   Zero   RW         3172    .bss                guicore.o
    0x20006d5c   0x00000100   Zero   RW         3738    .bss                lcdcolor.o
    0x20006e5c   0x00000024   Zero   RW         4952    .bss                wm.o
    0x20006e80   0x00000060   Zero   RW         9041    .bss                c_w.l(libspace.o)
    0x20006ee0   0x00000200   Zero   RW          114    HEAP                startup_stm32f10x_hd.o
    0x200070e0   0x00000400   Zero   RW          113    STACK               startup_stm32f10x_hd.o


==============================================================================

Image component sizes


      Code (inc. data)   RO Data    RW Data    ZI Data      Debug   Object Name

       196         10          0          0          0        831   adc.o
         0          0          0          0         40        302   can_function.o
       172          8          0          4          0       1159   delay.o
       312          4          0          4          0       3522   dialog.o
       816        124         24          8          0       3012   drawline_dialog.o
         0          0       1588          0          0       5900   f08_1.o
         0          0       1564          0          0        824   f08_ascii.o
         0          0       2152          0          0       6300   f13_1.o
         0          0       2080          0          0       6847   f13_ascii.o
         0          0       1844          0          0       2206   f8x8.o
         0          0      18360          0          0        902   fengshi2.o
      1948         22          0         34          0       9088   framewin.o
       254          0          0          0          0       2707   framewin__updatebuttons.o
        78          0          0          0          0        846   framewin_createindirect.o
       172          0          0          0          0       2149   framewin_setcolors.o
        70          0          0          0          0       1246   framewin_settitleheight.o
       176          0          0          0          0       1479   framewin_settitlevis.o
      1984         16         68          0          0       8904   gui2dlib.o
       196          0          0          0          0       1488   gui__calctextrect.o
        20          4          0          0          0        516   gui__getfontsizey.o
        24          0          0          0          0        684   gui__handleeoline.o
        66          0          0          0          0        961   gui__intersectrect.o
       136          0          0          0          0       1206   gui__intersectrects.o
        86          0          0          0          0        834   gui__memset.o
        34          0          0          0          0        966   gui__reducerect.o
        80          0          0          0          0        779   gui__settext.o
        80          4          0          0          0        913   gui__strcmp.o
        22          0          0          0          0        578   gui__strlen.o
        34          0          0          0          0        622   gui_alloc_alloczero.o
        26          0          0          0          0        910   gui_clearrectex.o
       324          4          0          0          0       1005   gui_dispstring.o
        32          6          0          0          0        667   gui_dispstringat.o
       472          6          0          0          0       2381   gui_dispstringinrect.o
       252          6          0          0          0       1595   gui_drawbitmap.o
       196          4          0          0          0       1236   gui_drawfocusrect.o
        84          6          0          0          0        684   gui_drawhline.o
        84          6          0          0          0        684   gui_drawvline.o
        56          4          0          0          0        693   gui_exec.o
       808         12          0          4         24       4517   gui_fillpolygon.o
       100          6          0          0          0        743   gui_fillrect.o
        26          0          0          0          0        897   gui_fillrectex.o
        18          0          0          0          0       1020   gui_getclientrect.o
        60          0          0          0          0       1028   gui_getcolor.o
        12          0          0          0          0        543   gui_getfontsizey.o
        22          0          0          0          0        605   gui_getstringdistx.o
        20          0          0          0          0        748   gui_getysizeoffont.o
        88          6          0          0          0       1277   gui_goto.o
       130          0          0          0          0       1108   gui_mergerect.o
        36          0          0          0          0        931   gui_moverect.o
       144         12          0         20          0      18335   gui_onkey.o
        36          4          0          0          0       1056   gui_pen.o
        58          0          0          0          0       1065   gui_rectsintersect.o
        36          4          0          0          0       1115   gui_savecontext.o
        24          0          0          0          0        714   gui_setcolor.o
        68          6          0          0          0        651   gui_setdefault.o
        16          0          0          0          0        598   gui_setdrawmode.o
        16          4          0          0          0        566   gui_setfont.o
        16          6          0          0          0        583   gui_setlinestyle.o
        20          4          0          0          0        575   gui_settextalign.o
        20          4          0          0          0        570   gui_settextmode.o
       208          6          0          0          0       2160   gui_uc.o
        48         10         16          0          0       1872   gui_uc_encodenone.o
        48          6          0          4          0       1570   gui_x.o
      1094         16          0          1       5968       5812   guialloc.o
       176         10          0          0          0       1312   guichar.o
       440         12          0          0          0       2271   guicharline.o
       456          6          0          0          0       2161   guicharm.o
       384          4          0          0          0       2093   guicharp.o
      1004          4          0          0          0       3810   guicirc.o
       252         16          0         20         72       5130   guicore.o
       176          0         12          0          0       6682   guiencjs.o
         0          0      11720       1200          0       1911   healthdatareport.o
      1336        128          0          5          0       2870   key.o
      1088         12          0          0          0       4700   lcd.o
        88          4          0          0          0        672   lcd_drawvline.o
        16          4          0          0          0        644   lcd_getcolorindex.o
        54          0          0          0          0       1179   lcd_l0_generic.o
        28          6          0          0          0        948   lcd_setcliprectex.o
       112          6          0          0        256       1974   lcdcolor.o
      1456         10          0          0          0     304833   lcddummy_1.o
        48          0          0          0          0       1057   lcdp1.o
        56          6          0          0          0        515   led.o
      1132        320        604         12          0       4017   main.o
      1744        252        168          8          0       3096   menu_dialog.o
       220         22          0          0          0       1981   misc.o
      1124        150          0          0          0       1713   my_win.o
         0          0       4604          0          0      15379   myfont16_21.o
         0          0          0          0          0       9181   myfont_11.o
      3774         32          0         19      19350      10165   ra8835.o
      2148        292        312         24        100       4092   report_dialog.o
         0          0      21440          0          0      61822   reportfont.o
      2036          6          0          0          0       6191   rtc.o
         0          0       6508          0          0      20495   simsun_1616.o
        64         26        304          0       1536        900   startup_stm32f10x_hd.o
      1102         26          0          0          0      11225   stm32f10x_adc.o
      2544         38          0          0          0       8216   stm32f10x_can.o
       284         10          0          0          0       2443   stm32f10x_exti.o
       860         38          0          0          0       5913   stm32f10x_gpio.o
       520         36          0          0        480      14369   stm32f10x_it.o
       932         36          0         20          0       9152   stm32f10x_rcc.o
      3610         88          0          0          0      23028   stm32f10x_tim.o
      1032         22          0          0          0       8640   stm32f10x_usart.o
       480         38          0         20          0       1991   system_stm32f10x.o
         0          0         23        140          0       1914   systemconfig.o
      1236        292        192          0          0       2780   systemexplain.o
       352         14          0          8          0       3309   text.o
        78          0          0          0          0        834   text_createindirect.o
        48          0          0          0          0       1066   text_setbkcolor.o
        28          0          0          0          0       1095   text_setfont.o
        38          0          0          0          0       1123   text_settext.o
        30          0          0          0          0       1136   text_settextalign.o
        28          0          0          0          0       1052   text_settextcolor.o
      3572        320        542         44        120       4307   time_dialog.o
       664         30          0          5         64       5067   usart.o
      3404        368        653         64         20       4494   user_dialog.o
       692         92         72          0          0       2496   warning_dialog.o
      1168          4          0          4          0       8169   widget.o
       428         18         24          0          0       4028   widget_effect_3d.o
       288          6          0          0          0       1543   widget_fillstringinrect.o
      4068        166          0         49         36      19406   wm.o
        60          0          0          0          0       1094   wm__foreachdesc.o
        30          0          0          0          0        626   wm__getfirstsibling.o
        36          6          0          0          0        619   wm__getfocussedchild.o
        54          0          0          0          0        997   wm__getprevsibling.o
        78          0          0          0          0       1358   wm__isancestor.o
        40          0          0          0          0       1026   wm__ischild.o
        36          0          0          0          0       1034   wm__sendmessage.o
        40          0          0          0          0       1104   wm__sendmessagenopara.o
       390          0          0          0          0       1711   wm__updatechildpositions.o
        72          0          0          0          0       1151   wm_bringtobottom.o
       136          6          0          0          0       1676   wm_bringtotop.o
        80          4          0          0          0        945   wm_criticalhandle.o
        20          0          0          0          0        989   wm_foreachdesc.o
        28          0          0          0          0        628   wm_getbkcolor.o
        72          8          0          0          0       1206   wm_getclientrect.o
        26          0          0          0          0        617   wm_getclientwindow.o
        12          4          0          0          0        518   wm_getdesktopwindow.o
        98          0          0          0          0       1391   wm_getdialogitem.o
        20          0          0          0          0        583   wm_getfirstchild.o
        20          0          0          0          0        571   wm_getid.o
        20          0          0          0          0        567   wm_getparent.o
        88          8          0          0          0       1378   wm_getwindowrect.o
       112          0          0          0          0       1796   wm_getwindowsize.o
        24          4          0          0          0        577   wm_hascaptured.o
        48          0          0          0          0        968   wm_hide.o
        32          0          0          0          0        634   wm_isfocussable.o
        16          0          0          0          0        574   wm_iswindow.o
       256          0          0          0          0       2152   wm_move.o
        80          0          0          0          0       1145   wm_movechildto.o
        22          0          0          0          0        626   wm_notifyparent.o
        56          6          0          0          0        695   wm_onkey.o
        66          0          0          0          0       1039   wm_paint.o
       234          0          0          0          0       1310   wm_resizewindow.o
        16          0          0          0          0        623   wm_sendmessagenopara.o
        32          0          0          0          0        666   wm_sendtoparent.o
        80          8          0          0          0        898   wm_setcapture.o
       152          4          0          4          0       1448   wm_setcapturemove.o
        16          6          0          0          0        584   wm_setcreateflags.o
        84         10          0          0          0       1114   wm_setdesktopcolor.o
       168          4          0          0          0        758   wm_setfocus.o
       144          0          0          0          0       1669   wm_setfocusonnextchild.o
        28          0          0          0          0        984   wm_setscrollstate.o
        66          0          0          0          0       1121   wm_setsize.o
       128          6          0          0          0       1427   wm_settrans.o
        24          6          0          0          0        957   wm_setusercliprect.o
        88          0          0          0          0       1289   wm_show.o
        48          6          0          0          0        952   wm_validatewindow.o
         8          0          0          0          0        635   wmmemdev.o
         0          0          0         16          0       2179   wmtouch.o

    ----------------------------------------------------------------------
     62072       3406      74912       1756      28068     811484   Object Totals
         0          0         32          0          0          0   (incl. Generated)
        36          0          6         15          2          0   (incl. Padding)

    ----------------------------------------------------------------------

      Code (inc. data)   RO Data    RW Data    ZI Data      Debug   Library Member Name

        90          0          0          0          0          0   __dczerorl2.o
         8          0          0          0          0         68   __main.o
       312          4         17          0          0         92   __printf_flags_wp.o
        14          0          0          0          0         68   __printf_wp.o
         0          0          0          0          0          0   __rtentry.o
        12          0          0          0          0          0   __rtentry2.o
         6          0          0          0          0          0   __rtentry4.o
        52          8          0          0          0          0   __scatter.o
        28          0          0          0          0          0   __scatter_zi.o
        28          0          0          0          0         68   _chval.o
        44          0          0          0          0        108   _printf_char.o
        48          6          0          0          0         96   _printf_char_common.o
        36          4          0          0          0         80   _printf_char_file.o
         6          0          0          0          0          0   _printf_d.o
       120         16          0          0          0         92   _printf_dec.o
       178          0          0          0          0         88   _printf_intcommon.o
        78          0          0          0          0        108   _printf_pad.o
         0          0          0          0          0          0   _printf_percent.o
         4          0          0          0          0          0   _printf_percent_end.o
         6          0          0          0          0          0   _printf_s.o
        82          0          0          0          0         80   _printf_str.o
        22          0          0          0          0        100   _rserrno.o
        10          0          0          0          0         68   _sputc.o
       158          0          0          0          0         92   _strtoul.o
        26          0          0          0          0         80   atoi.o
        18          0          0          0          0         80   exit.o
         8          0          0          0          0         68   ferror.o
         6          0          0          0          0        152   heapauxi.o
        44         10        272          0          0         76   lc_ctype_c.o
         2          0          0          0          0          0   libinit.o
        20          0          0          0          0          0   libinit2.o
         2          0          0          0          0          0   libshutdown.o
         2          0          0          0          0          0   libshutdown2.o
         8          4          0          0         96         68   libspace.o
        24          4          0          0          0         84   noretval__2printf.o
        40          6          0          0          0         84   noretval__2sprintf.o
        16          4          0          0          0         76   rt_ctype_table.o
         8          4          0          0          0         68   rt_errno_addr_intlibspace.o
         8          4          0          0          0         68   rt_locale_intlibspace.o
       138          0          0          0          0         68   rt_memcpy_v6.o
       100          0          0          0          0         80   rt_memcpy_w.o
       132          0          0          0          0         68   rt_memmove_v6.o
       122          0          0          0          0         80   rt_memmove_w.o
         2          0          0          0          0          0   rtexit.o
        10          0          0          0          0          0   rtexit2.o
       128          0          0          0          0         68   strcmpv7m.o
        72          0          0          0          0         80   strcpy.o
        62          0          0          0          0         76   strlen.o
       112          0          0          0          0         88   strtol.o
        74          0          0          0          0         80   sys_stackheap_outer.o
         2          0          0          0          0         68   use_no_semi.o
         2          0          0          0          0         68   use_no_semi_2.o
       826         16          0          0          0        348   daddsub_clz.o
        16          4          0          0          0         68   dcheck1.o
       688        140          0          0          0        208   ddiv.o
        94          4          0          0          0         92   dfix.o
        84          0          0          0          0        136   dflt_clz.o
       340         12          0          0          0        104   dmul.o
       156          4          0          0          0         92   dnaninf.o
        12          0          0          0          0         68   dretinf.o
        86          4          0          0          0         84   f2d.o
       140          4          0          0          0         84   fnaninf.o
       100          0          0          0          0         68   retnan.o
        92          0          0          0          0         68   scalbn.o
        48          0          0          0          0         68   trapv.o
         0          0          0          0          0          0   usenofp.o
       252         22         48          0          0        124   cos_i.o
        34          6          0          0          0        204   dunder.o
        40          0          0          0          0         68   fpclassify.o
       170          0          0          0          0         96   poly.o
       904         76        200          0          0        140   rred.o
       160         10          0          0          0        108   sin.o
       236         12         40          0          0        128   sin_i.o

    ----------------------------------------------------------------------
      7032        388        584          0         96       5292   Library Totals
        24          0          7          0          0          0   (incl. Padding)

    ----------------------------------------------------------------------

      Code (inc. data)   RO Data    RW Data    ZI Data      Debug   Library Name

      2530         74        289          0         96       2936   c_w.l
      2682        188          0          0          0       1488   fz_ws.l
      1796        126        288          0          0        868   m_ws.l

    ----------------------------------------------------------------------
      7032        388        584          0         96       5292   Library Totals

    ----------------------------------------------------------------------

==============================================================================


      Code (inc. data)   RO Data    RW Data    ZI Data      Debug   

     69104       3794      75496       1756      28164     803304   Grand Totals
     69104       3794      75496       1076      28164     803304   ELF Image Totals (compressed)
     69104       3794      75496       1076          0          0   ROM Totals

==============================================================================

    Total RO  Size (Code + RO Data)               144600 ( 141.21kB)
    Total RW  Size (RW Data + ZI Data)             29920 (  29.22kB)
    Total ROM Size (Code + RO Data + RW Data)     145676 ( 142.26kB)

==============================================================================

