Component: ARM Compiler 5.06 update 1 (build 61) Tool: armlink [4d35a8]

==============================================================================

Section Cross References

    lcddummy_1.o(.text) refers to ra8835.o(.text) for setPoint
    lcddummy_1.o(.text) refers to guicore.o(.bss) for GUI_Context
    startup_stm32f10x_hd.o(STACK) refers (Special) to heapauxi.o(.text) for __use_two_region_memory
    startup_stm32f10x_hd.o(HEAP) refers (Special) to heapauxi.o(.text) for __use_two_region_memory
    startup_stm32f10x_hd.o(RESET) refers (Special) to heapauxi.o(.text) for __use_two_region_memory
    startup_stm32f10x_hd.o(RESET) refers to startup_stm32f10x_hd.o(STACK) for __initial_sp
    startup_stm32f10x_hd.o(RESET) refers to startup_stm32f10x_hd.o(.text) for Reset_Handler
    startup_stm32f10x_hd.o(RESET) refers to stm32f10x_it.o(.text) for NMI_Handler
    startup_stm32f10x_hd.o(RESET) refers to usart.o(.text) for USART1_IRQHandler
    startup_stm32f10x_hd.o(.text) refers (Special) to heapauxi.o(.text) for __use_two_region_memory
    startup_stm32f10x_hd.o(.text) refers to system_stm32f10x.o(.text) for SystemInit
    startup_stm32f10x_hd.o(.text) refers to __main.o(!!!main) for __main
    startup_stm32f10x_hd.o(.text) refers to startup_stm32f10x_hd.o(HEAP) for Heap_Mem
    startup_stm32f10x_hd.o(.text) refers to startup_stm32f10x_hd.o(STACK) for Stack_Mem
    stm32f10x_adc.o(.text) refers to stm32f10x_rcc.o(.text) for RCC_APB2PeriphResetCmd
    stm32f10x_bkp.o(.text) refers to stm32f10x_rcc.o(.text) for RCC_BackupResetCmd
    stm32f10x_can.o(.text) refers to stm32f10x_rcc.o(.text) for RCC_APB1PeriphResetCmd
    stm32f10x_cec.o(.text) refers to stm32f10x_rcc.o(.text) for RCC_APB1PeriphResetCmd
    stm32f10x_dac.o(.text) refers to stm32f10x_rcc.o(.text) for RCC_APB1PeriphResetCmd
    stm32f10x_gpio.o(.text) refers to stm32f10x_rcc.o(.text) for RCC_APB2PeriphResetCmd
    stm32f10x_i2c.o(.text) refers to stm32f10x_rcc.o(.text) for RCC_APB1PeriphResetCmd
    stm32f10x_pwr.o(.text) refers to stm32f10x_rcc.o(.text) for RCC_APB1PeriphResetCmd
    stm32f10x_rcc.o(.text) refers to stm32f10x_rcc.o(.data) for APBAHBPrescTable
    stm32f10x_spi.o(.text) refers to stm32f10x_rcc.o(.text) for RCC_APB2PeriphResetCmd
    stm32f10x_tim.o(.text) refers to stm32f10x_rcc.o(.text) for RCC_APB2PeriphResetCmd
    stm32f10x_usart.o(.text) refers to stm32f10x_rcc.o(.text) for RCC_APB2PeriphResetCmd
    stm32f10x_wwdg.o(.text) refers to stm32f10x_rcc.o(.text) for RCC_APB1PeriphResetCmd
    system_stm32f10x.o(.text) refers to system_stm32f10x.o(.data) for SystemCoreClock
    stm32f10x_it.o(.text) refers to stm32f10x_can.o(.text) for CAN_Receive
    stm32f10x_it.o(.text) refers to stm32f10x_exti.o(.text) for EXTI_GetITStatus
    stm32f10x_it.o(.text) refers to stm32f10x_tim.o(.text) for TIM_GetITStatus
    stm32f10x_it.o(.text) refers to main.o(.text) for refresh_time
    stm32f10x_it.o(.text) refers to gui_onkey.o(.text) for GUI_SendKeyMsg
    stm32f10x_it.o(.text) refers to stm32f10x_gpio.o(.text) for GPIO_EXTILineConfig
    stm32f10x_it.o(.text) refers to key.o(.text) for send_rotate_message
    stm32f10x_it.o(.text) refers to can_function.o(.bss) for RxMessage
    stm32f10x_it.o(.text) refers to stm32f10x_it.o(.bss) for CAN_LCD_buffer
    stm32f10x_it.o(.text) refers to main.o(.data) for status_flag
    stm32f10x_it.o(.text) refers to systemconfig.o(.data) for myMessageType
    stm32f10x_it.o(.text) refers to stm32f10x_it.o(.data) for time
    stm32f10x_it.o(.text) refers to key.o(.data) for selectEnd
    ext_function.o(.text) refers to misc.o(.text) for NVIC_PriorityGroupConfig
    ext_function.o(.text) refers to stm32f10x_rcc.o(.text) for RCC_APB2PeriphClockCmd
    ext_function.o(.text) refers to stm32f10x_gpio.o(.text) for GPIO_Init
    ext_function.o(.text) refers to stm32f10x_exti.o(.text) for EXTI_Init
    tim_function.o(.text) refers to misc.o(.text) for NVIC_PriorityGroupConfig
    tim_function.o(.text) refers to stm32f10x_rcc.o(.text) for RCC_APB1PeriphClockCmd
    tim_function.o(.text) refers to stm32f10x_tim.o(.text) for TIM_TimeBaseInit
    can_function.o(.text) refers to stm32f10x_rcc.o(.text) for RCC_APB2PeriphClockCmd
    can_function.o(.text) refers to stm32f10x_gpio.o(.text) for GPIO_Init
    can_function.o(.text) refers to misc.o(.text) for NVIC_PriorityGroupConfig
    can_function.o(.text) refers to stm32f10x_can.o(.text) for CAN_DeInit
    can_function.o(.text) refers to can_function.o(.bss) for TxMessage
    led_function.o(.text) refers to stm32f10x_rcc.o(.text) for RCC_APB2PeriphClockCmd
    led_function.o(.text) refers to stm32f10x_gpio.o(.text) for GPIO_Init
    main.o(.text) refers to _printf_percent.o(.ARM.Collect$$_printf_percent$$00000000) for _printf_percent
    main.o(.text) refers to _printf_d.o(.ARM.Collect$$_printf_percent$$00000009) for _printf_d
    main.o(.text) refers to _printf_dec.o(.text) for _printf_int_dec
[...]
    acFont13_1_00AE                          0x08025557   Data          26  f13_1.o(.constdata)
    acFont13_1_00AF                          0x08025571   Data          13  f13_1.o(.constdata)
    acFont13_1_00B0                          0x0802557e   Data          13  f13_1.o(.constdata)
    acFont13_1_00B1                          0x0802558b   Data          13  f13_1.o(.constdata)
    acFont13_1_00B2                          0x08025598   Data          13  f13_1.o(.constdata)
    acFont13_1_00B3                          0x080255a5   Data          13  f13_1.o(.constdata)
    acFont13_1_00B4                          0x080255b2   Data          13  f13_1.o(.constdata)
    acFont13_1_00B5                          0x080255bf   Data          13  f13_1.o(.constdata)
    acFont13_1_00B6                          0x080255cc   Data          13  f13_1.o(.constdata)
    acFont13_1_00B7                          0x080255d9   Data          13  f13_1.o(.constdata)
    acFont13_1_00B8                          0x080255e6   Data          13  f13_1.o(.constdata)
    acFont13_1_00B9                          0x080255f3   Data          13  f13_1.o(.constdata)
    acFont13_1_00BA                          0x08025600   Data          13  f13_1.o(.constdata)
    acFont13_1_00BB                          0x0802560d   Data          13  f13_1.o(.constdata)
    acFont13_1_00BC                          0x0802561a   Data          26  f13_1.o(.constdata)
    acFont13_1_00BD                          0x08025634   Data          26  f13_1.o(.constdata)
    acFont13_1_00BE                          0x0802564e   Data          26  f13_1.o(.constdata)
    acFont13_1_00BF                          0x08025668   Data          13  f13_1.o(.constdata)
    acFont13_1_00C0                          0x08025675   Data          13  f13_1.o(.constdata)
    acFont13_1_00C1                          0x08025682   Data          13  f13_1.o(.constdata)
    acFont13_1_00C2                          0x0802568f   Data          13  f13_1.o(.constdata)
    acFont13_1_00C3                          0x0802569c   Data          13  f13_1.o(.constdata)
    acFont13_1_00C4                          0x080256a9   Data          13  f13_1.o(.constdata)
    acFont13_1_00C5                          0x080256b6   Data          13  f13_1.o(.constdata)
    acFont13_1_00C6                          0x080256c3   Data          26  f13_1.o(.constdata)
    acFont13_1_00C7                          0x080256dd   Data          13  f13_1.o(.constdata)
    acFont13_1_00C8                          0x080256ea   Data          13  f13_1.o(.constdata)
    acFont13_1_00C9                          0x080256f7   Data          13  f13_1.o(.constdata)
    acFont13_1_00CA                          0x08025704   Data          13  f13_1.o(.constdata)
    acFont13_1_00CB                          0x08025711   Data          13  f13_1.o(.constdata)
    acFont13_1_00CC                          0x0802571e   Data          13  f13_1.o(.constdata)
    acFont13_1_00CD                          0x0802572b   Data          13  f13_1.o(.constdata)
    acFont13_1_00CE                          0x08025738   Data          13  f13_1.o(.constdata)
    acFont13_1_00CF                          0x08025745   Data          13  f13_1.o(.constdata)
    acFont13_1_00D0                          0x08025752   Data          13  f13_1.o(.constdata)
    acFont13_1_00D1                          0x0802575f   Data          13  f13_1.o(.constdata)
    acFont13_1_00D2                          0x0802576c   Data          13  f13_1.o(.constdata)
    acFont13_1_00D3                          0x08025779   Data          13  f13_1.o(.constdata)
    acFont13_1_00D4                          0x08025786   Data          13  f13_1.o(.constdata)
    acFont13_1_00D5                          0x08025793   Data          13  f13_1.o(.constdata)
    acFont13_1_00D6                          0x080257a0   Data          13  f13_1.o(.constdata)
    acFont13_1_00D7                          0x080257ad   Data          13  f13_1.o(.constdata)
    acFont13_1_00D8                          0x080257ba   Data          13  f13_1.o(.constdata)
    acFont13_1_00D9                          0x080257c7   Data          13  f13_1.o(.constdata)
    acFont13_1_00DA                          0x080257d4   Data          13  f13_1.o(.constdata)
    acFont13_1_00DB                          0x080257e1   Data          13  f13_1.o(.constdata)
    acFont13_1_00DC                          0x080257ee   Data          13  f13_1.o(.constdata)
    acFont13_1_00DD                          0x080257fb   Data          13  f13_1.o(.constdata)
    acFont13_1_00DE                          0x08025808   Data          13  f13_1.o(.constdata)
    acFont13_1_00DF                          0x08025815   Data          13  f13_1.o(.constdata)
    acFont13_1_00E0                          0x08025822   Data          13  f13_1.o(.constdata)
    acFont13_1_00E1                          0x0802582f   Data          13  f13_1.o(.constdata)
    acFont13_1_00E2                          0x0802583c   Data          13  f13_1.o(.constdata)
    acFont13_1_00E3                          0x08025849   Data          13  f13_1.o(.constdata)
    acFont13_1_00E4                          0x08025856   Data          13  f13_1.o(.constdata)
    acFont13_1_00E5                          0x08025863   Data          13  f13_1.o(.constdata)
    acFont13_1_00E6                          0x08025870   Data          26  f13_1.o(.constdata)
    acFont13_1_00E7                          0x0802588a   Data          13  f13_1.o(.constdata)
    acFont13_1_00E8                          0x08025897   Data          13  f13_1.o(.constdata)
    acFont13_1_00E9                          0x080258a4   Data          13  f13_1.o(.constdata)
    acFont13_1_00EA                          0x080258b1   Data          13  f13_1.o(.constdata)
    acFont13_1_00EB                          0x080258be   Data          13  f13_1.o(.constdata)
    acFont13_1_00EC                          0x080258cb   Data          13  f13_1.o(.constdata)
    acFont13_1_00ED                          0x080258d8   Data          13  f13_1.o(.constdata)
    acFont13_1_00EE                          0x080258e5   Data          13  f13_1.o(.constdata)
    acFont13_1_00EF                          0x080258f2   Data          13  f13_1.o(.constdata)
    acFont13_1_00F0                          0x080258ff   Data          13  f13_1.o(.constdata)
    acFont13_1_00F1                          0x0802590c   Data          13  f13_1.o(.constdata)
    acFont13_1_00F2                          0x08025919   Data          13  f13_1.o(.constdata)
    acFont13_1_00F3                          0x08025926   Data          13  f13_1.o(.constdata)
    acFont13_1_00F4                          0x08025933   Data          13  f13_1.o(.constdata)
    acFont13_1_00F5                          0x08025940   Data          13  f13_1.o(.constdata)
    acFont13_1_00F6                          0x0802594d   Data          13  f13_1.o(.constdata)
    acFont13_1_00F7                          0x0802595a   Data          13  f13_1.o(.constdata)
    acFont13_1_00F8                          0x08025967   Data          13  f13_1.o(.constdata)
    acFont13_1_00F9                          0x08025974   Data          13  f13_1.o(.constdata)
    acFont13_1_00FA                          0x08025981   Data          13  f13_1.o(.constdata)
    acFont13_1_00FB                          0x0802598e   Data          13  f13_1.o(.constdata)
    acFont13_1_00FC                          0x0802599b   Data          13  f13_1.o(.constdata)
    acFont13_1_00FD                          0x080259a8   Data          13  f13_1.o(.constdata)
    acFont13_1_00FE                          0x080259b5   Data          13  f13_1.o(.constdata)
    acFont13_1_00FF                          0x080259c2   Data          13  f13_1.o(.constdata)
    GUI_Font13_1_CharInfo                    0x080259d0   Data         768  f13_1.o(.constdata)
    GUI_Font13_1_Prop1                       0x08025cd0   Data          12  f13_1.o(.constdata)
    GUI_Font13_1                             0x08025cdc   Data          32  f13_1.o(.constdata)
    acFont13ASCII_0020                       0x08025cfc   Data          13  f13_ascii.o(.constdata)
    acFont13ASCII_0021                       0x08025d09   Data          13  f13_ascii.o(.constdata)
    acFont13ASCII_0022                       0x08025d16   Data          13  f13_ascii.o(.constdata)
    acFont13ASCII_0023                       0x08025d23   Data          13  f13_ascii.o(.constdata)
    acFont13ASCII_0024                       0x08025d30   Data          13  f13_ascii.o(.constdata)
    acFont13ASCII_0025                       0x08025d3d   Data          26  f13_ascii.o(.constdata)
    acFont13ASCII_0026                       0x08025d57   Data          13  f13_ascii.o(.constdata)
    acFont13ASCII_0027                       0x08025d64   Data          13  f13_ascii.o(.constdata)
    acFont13ASCII_0028                       0x08025d71   Data          13  f13_ascii.o(.constdata)
    acFont13ASCII_0029                       0x08025d7e   Data          13  f13_ascii.o(.constdata)
    acFont13ASCII_002A                       0x08025d8b   Data          13  f13_ascii.o(.constdata)
    acFont13ASCII_002B                       0x08025d98   Data          13  f13_ascii.o(.constdata)
    acFont13ASCII_002C                       0x08025da5   Data          13  f13_ascii.o(.constdata)
    acFont13ASCII_002D                       0x08025db2   Data          13  f13_ascii.o(.constdata)
    acFont13ASCII_002E                       0x08025dbf   Data          13  f13_ascii.o(.constdata)
    acFont13ASCII_002F                       0x08025dcc   Data          13  f13_ascii.o(.constdata)
    acFont13ASCII_0030                       0x08025dd9   Data          13  f13_ascii.o(.constdata)
    acFont13ASCII_0031                       0x08025de6   Data          13  f13_ascii.o(.constdata)
    acFont13ASCII_0032                       0x08025df3   Data          13  f13_ascii.o(.constdata)
    acFont13ASCII_0033                       0x08025e00   Data          13  f13_ascii.o(.constdata)
    acFont13ASCII_0034                       0x08025e0d   Data          13  f13_ascii.o(.constdata)
    acFont13ASCII_0035                       0x08025e1a   Data          13  f13_ascii.o(.constdata)
    acFont13ASCII_0036                       0x08025e27   Data          13  f13_ascii.o(.constdata)
    acFont13ASCII_0037                       0x08025e34   Data          13  f13_ascii.o(.constdata)
    acFont13ASCII_0038                       0x08025e41   Data          13  f13_ascii.o(.constdata)
    acFont13ASCII_0039                       0x08025e4e   Data          13  f13_ascii.o(.constdata)
    acFont13ASCII_003A                       0x08025e5b   Data          13  f13_ascii.o(.constdata)
    acFont13ASCII_003B                       0x08025e68   Data          13  f13_ascii.o(.constdata)
    acFont13ASCII_003C                       0x08025e75   Data          13  f13_ascii.o(.constdata)
    acFont13ASCII_003D                       0x08025e82   Data          13  f13_ascii.o(.constdata)
    acFont13ASCII_003E                       0x08025e8f   Data          13  f13_ascii.o(.constdata)
    acFont13ASCII_003F                       0x08025e9c   Data          13  f13_ascii.o(.constdata)
    acFont13ASCII_0040                       0x08025ea9   Data          26  f13_ascii.o(.constdata)
    acFont13ASCII_0041                       0x08025ec3   Data          13  f13_ascii.o(.constdata)
    acFont13ASCII_0042                       0x08025ed0   Data          13  f13_ascii.o(.constdata)
    acFont13ASCII_0043                       0x08025edd   Data          13  f13_ascii.o(.constdata)
    acFont13ASCII_0044                       0x08025eea   Data          13  f13_ascii.o(.constdata)
    acFont13ASCII_0045                       0x08025ef7   Data          13  f13_ascii.o(.constdata)
    acFont13ASCII_0046                       0x08025f04   Data          13  f13_ascii.o(.constdata)
    acFont13ASCII_0047                       0x08025f11   Data          13  f13_ascii.o(.constdata)
    acFont13ASCII_0048                       0x08025f1e   Data          13  f13_ascii.o(.constdata)
    acFont13ASCII_0049                       0x08025f2b   Data          13  f13_ascii.o(.constdata)
    acFont13ASCII_004A                       0x08025f38   Data          13  f13_ascii.o(.constdata)
    acFont13ASCII_004B                       0x08025f45   Data          13  f13_ascii.o(.constdata)
    acFont13ASCII_004C                       0x08025f52   Data          13  f13_ascii.o(.constdata)
    acFont13ASCII_004D                       0x08025f5f   Data          13  f13_ascii.o(.constdata)
    acFont13ASCII_004E                       0x08025f6c   Data          13  f13_ascii.o(.constdata)
    acFont13ASCII_004F                       0x08025f79   Data          13  f13_ascii.o(.constdata)
    acFont13ASCII_0050                       0x08025f86   Data          13  f13_ascii.o(.constdata)
    acFont13ASCII_0051                       0x08025f93   Data          13  f13_ascii.o(.constdata)
    acFont13ASCII_0052                       0x08025fa0   Data          13  f13_ascii.o(.constdata)
    acFont13ASCII_0053                       0x08025fad   Data          13  f13_ascii.o(.constdata)
    acFont13ASCII_0054                       0x08025fba   Data          13  f13_ascii.o(.constdata)
    acFont13ASCII_0055                       0x08025fc7   Data          13  f13_ascii.o(.constdata)
    acFont13ASCII_0056                       0x08025fd4   Data          13  f13_ascii.o(.constdata)
    acFont13ASCII_0057                       0x08025fe1   Data          26  f13_ascii.o(.constdata)
    acFont13ASCII_0058                       0x08025ffb   Data          13  f13_ascii.o(.constdata)
    acFont13ASCII_0059                       0x08026008   Data          13  f13_ascii.o(.constdata)
    acFont13ASCII_005A                       0x08026015   Data          13  f13_ascii.o(.constdata)
    acFont13ASCII_005B                       0x08026022   Data          13  f13_ascii.o(.constdata)
    acFont13ASCII_005C                       0x0802602f   Data          13  f13_ascii.o(.constdata)
    acFont13ASCII_005D                       0x0802603c   Data          13  f13_ascii.o(.constdata)
    acFont13ASCII_005E                       0x08026049   Data          13  f13_ascii.o(.constdata)
    acFont13ASCII_005F                       0x08026056   Data          13  f13_ascii.o(.constdata)
    acFont13ASCII_0060                       0x08026063   Data          13  f13_ascii.o(.constdata)
    acFont13ASCII_0061                       0x08026070   Data          13  f13_ascii.o(.constdata)
    acFont13ASCII_0062                       0x0802607d   Data          13  f13_ascii.o(.constdata)
    acFont13ASCII_0063                       0x0802608a   Data          13  f13_ascii.o(.constdata)
    acFont13ASCII_0064                       0x08026097   Data          13  f13_ascii.o(.constdata)
    acFont13ASCII_0065                       0x080260a4   Data          13  f13_ascii.o(.constdata)
    acFont13ASCII_0066                       0x080260b1   Data          13  f13_ascii.o(.constdata)
    acFont13ASCII_0067                       0x080260be   Data          13  f13_ascii.o(.constdata)
    acFont13ASCII_0068                       0x080260cb   Data          13  f13_ascii.o(.constdata)
    acFont13ASCII_0069                       0x080260d8   Data          13  f13_ascii.o(.constdata)
    acFont13ASCII_006A                       0x080260e5   Data          13  f13_ascii.o(.constdata)
    acFont13ASCII_006B                       0x080260f2   Data          13  f13_ascii.o(.constdata)
    acFont13ASCII_006C                       0x080260ff   Data          13  f13_ascii.o(.constdata)
    acFont13ASCII_006D                       0x0802610c   Data          13  f13_ascii.o(.constdata)
    acFont13ASCII_006E                       0x08026119   Data          13  f13_ascii.o(.constdata)
    acFont13ASCII_006F                       0x08026126   Data          13  f13_ascii.o(.constdata)
    acFont13ASCII_0070                       0x08026133   Data          13  f13_ascii.o(.constdata)
    acFont13ASCII_0071                       0x08026140   Data          13  f13_ascii.o(.constdata)
    acFont13ASCII_0072                       0x0802614d   Data          13  f13_ascii.o(.constdata)
    acFont13ASCII_0073                       0x0802615a   Data          13  f13_ascii.o(.constdata)
    acFont13ASCII_0074                       0x08026167   Data          13  f13_ascii.o(.constdata)
    acFont13ASCII_0075                       0x08026174   Data          13  f13_ascii.o(.constdata)
    acFont13ASCII_0076                       0x08026181   Data          13  f13_ascii.o(.constdata)
    acFont13ASCII_0077                       0x0802618e   Data          13  f13_ascii.o(.constdata)
    acFont13ASCII_0078                       0x0802619b   Data          13  f13_ascii.o(.constdata)
    acFont13ASCII_0079                       0x080261a8   Data          13  f13_ascii.o(.constdata)
    acFont13ASCII_007A                       0x080261b5   Data          13  f13_ascii.o(.constdata)
    acFont13ASCII_007B                       0x080261c2   Data          13  f13_ascii.o(.constdata)
    acFont13ASCII_007C                       0x080261cf   Data          13  f13_ascii.o(.constdata)
    acFont13ASCII_007D                       0x080261dc   Data          13  f13_ascii.o(.constdata)
    acFont13ASCII_007E                       0x080261e9   Data          13  f13_ascii.o(.constdata)
    GUI_Font13ASCII_CharInfo                 0x080261f8   Data         760  f13_ascii.o(.constdata)
    GUI_Font13ASCII_Prop1                    0x080264f0   Data          12  f13_ascii.o(.constdata)
    GUI_Font13_ASCII                         0x080264fc   Data          32  f13_ascii.o(.constdata)
    WIDGET_Effect_3D                         0x0802651c   Data          24  widget_effect_3d.o(.constdata)
    Region$$Table$$Base                      0x080267d4   Number         0  anon$$obj.o(Region$$Table)
    Region$$Table$$Limit                     0x080267f4   Number         0  anon$$obj.o(Region$$Table)
    __aeabi_HUGE_VAL                         0x080267f4   Data           0  fpconst.o(c$$dinf)
    __aeabi_HUGE_VALL                        0x080267f4   Data           0  fpconst.o(c$$dinf)
    __aeabi_INFINITY                         0x080267f4   Data           0  fpconst.o(c$$dinf)
    __dInf                                   0x080267f4   Data           0  fpconst.o(c$$dinf)
    __huge_val                               0x080267f4   Data           0  fpconst.o(c$$dinf)
    __ctype                                  0x08026825   Data           0  lc_ctype_c.o(locale$$data)
    SystemCoreClock                          0x20000014   Data           4  system_stm32f10x.o(.data)
    AHBPrescTable                            0x20000018   Data          16  system_stm32f10x.o(.data)
    status_flag                              0x20000030   Data           1  main.o(.data)
    adcValue                                 0x20000034   Data           4  main.o(.data)
    time_flag                                0x20000038   Data           4  main.o(.data)
    systemset_tab                            0x2000003c   Data           8  ra8835.o(.data)
    scroll_tab                               0x20000044   Data          10  ra8835.o(.data)
    __stdout                                 0x20000054   Data           4  usart.o(.data)
    USART_RX_STA                             0x20000058   Data           1  usart.o(.data)
    selectEnd                                0x2000005c   Data           4  key.o(.data)
    hText1                                   0x20000064   Data           2  user_dialog.o(.data)
    hText2                                   0x20000066   Data           2  user_dialog.o(.data)
    hText3                                   0x20000068   Data           2  user_dialog.o(.data)
    hText4                                   0x2000006a   Data           2  user_dialog.o(.data)
    hText5                                   0x2000006c   Data           2  user_dialog.o(.data)
    hText6                                   0x2000006e   Data           2  user_dialog.o(.data)
    hText7                                   0x20000070   Data           2  user_dialog.o(.data)
    hText13                                  0x20000072   Data           2  user_dialog.o(.data)
    hText14                                  0x20000074   Data           2  user_dialog.o(.data)
    hText15                                  0x20000076   Data           2  user_dialog.o(.data)
    hText16                                  0x20000078   Data           2  user_dialog.o(.data)
    hText17                                  0x2000007a   Data           2  user_dialog.o(.data)
    root_hWin                                0x200000ac   Data           2  systemconfig.o(.data)
    mainForm_hWin                            0x200000ae   Data           2  systemconfig.o(.data)
    dialog_hWin                              0x200000b0   Data           2  systemconfig.o(.data)
    time_hWin                                0x200000b2   Data           2  systemconfig.o(.data)
    draw_hWin                                0x200000b4   Data           2  systemconfig.o(.data)
    drawLine_hWin                            0x200000b6   Data           2  systemconfig.o(.data)
    menu_hWin                                0x200000b8   Data           2  systemconfig.o(.data)
    explain_hWin                             0x200000ba   Data           2  systemconfig.o(.data)
    clock_hWin                               0x200000bc   Data           2  systemconfig.o(.data)
    warning_hWin                             0x200000be   Data           2  systemconfig.o(.data)
    report_hWin                              0x200000c0   Data           2  systemconfig.o(.data)
    myMessageType                            0x200000c4   Data           4  systemconfig.o(.data)
    isOrSetMessage                           0x200000c8   Data           4  systemconfig.o(.data)
    isOrRefreshMessage                       0x200000cc   Data           4  systemconfig.o(.data)
    rotate_flag                              0x200000d0   Data           4  systemconfig.o(.data)
    rotateEnter_flag                         0x200000d4   Data           4  systemconfig.o(.data)
    saveData                                 0x200000d8   Data          20  systemconfig.o(.data)
    isOrShowExplain                          0x200000ec   Data           4  systemconfig.o(.data)
    isOrShowSetTime                          0x200000f0   Data           4  systemconfig.o(.data)
    timeData                                 0x200000f4   Data          24  systemconfig.o(.data)
    isOrSetClock                             0x2000010c   Data           4  systemconfig.o(.data)
    isOneCheck                               0x20000110   Data           4  systemconfig.o(.data)
    isRestartCheck                           0x20000114   Data           4  systemconfig.o(.data)
    isBeginCheck                             0x20000118   Data           4  systemconfig.o(.data)
    isOrSetPoint                             0x2000011c   Data           4  systemconfig.o(.data)
    isOrShowReport                           0x20000120   Data           4  systemconfig.o(.data)
    logoCount                                0x20000124   Data           4  systemconfig.o(.data)
    lastCount                                0x20000128   Data           4  systemconfig.o(.data)
    isOrPrintReport                          0x2000012c   Data           4  systemconfig.o(.data)
    isOrAllowCheck                           0x20000130   Data           4  systemconfig.o(.data)
    isOrExitDrawLine                         0x20000134   Data           4  systemconfig.o(.data)
    isOrRefreshrTime                         0x20000138   Data           4  systemconfig.o(.data)
    isOrCloseEnter                           0x2000013c   Data           4  systemconfig.o(.data)
    reportCount                              0x20000178   Data           4  report_dialog.o(.data)
    reportType                               0x2000017c   Data           4  report_dialog.o(.data)
    currentPage                              0x20000180   Data           4  report_dialog.o(.data)
    d1                                       0x20000188   Data           8  report_dialog.o(.data)
    d2                                       0x20000190   Data           8  report_dialog.o(.data)
    reportLength                             0x20000204   Data          25  healthdatareport.o(.data)
    healthData1                              0x2000021d   Data         800  healthdatareport.o(.data)
    healthData2                              0x2000053d   Data         400  healthdatareport.o(.data)
    healthData3                              0x200006cd   Data         560  healthdatareport.o(.data)
    healthData4                              0x200008fd   Data         720  healthdatareport.o(.data)
    healthData5                              0x20000bcd   Data         640  healthdatareport.o(.data)
    healthData6                              0x20000e4d   Data         680  healthdatareport.o(.data)
    healthData7                              0x200010f5   Data         200  healthdatareport.o(.data)
    healthData8                              0x200011bd   Data         320  healthdatareport.o(.data)
    healthData9                              0x200012fd   Data         400  healthdatareport.o(.data)
    healthData10                             0x2000148d   Data         200  healthdatareport.o(.data)
    healthData11                             0x20001555   Data         400  healthdatareport.o(.data)
    healthData12                             0x200016e5   Data         200  healthdatareport.o(.data)
    healthData13                             0x200017ad   Data         240  healthdatareport.o(.data)
    healthData14                             0x2000189d   Data         400  healthdatareport.o(.data)
    healthData15                             0x20001a2d   Data         280  healthdatareport.o(.data)
    healthData16                             0x20001b45   Data         320  healthdatareport.o(.data)
    healthData17                             0x20001c85   Data         440  healthdatareport.o(.data)
    healthData18                             0x20001e3d   Data         600  healthdatareport.o(.data)
    healthData19                             0x20002095   Data         720  healthdatareport.o(.data)
    healthData20                             0x20002365   Data         600  healthdatareport.o(.data)
    healthData21                             0x200025bd   Data         200  healthdatareport.o(.data)
    healthData22                             0x20002685   Data         200  healthdatareport.o(.data)
    healthData23                             0x2000274d   Data         600  healthdatareport.o(.data)
    healthData24                             0x200029a5   Data         960  healthdatareport.o(.data)
    healthData25                             0x20002d65   Data         640  healthdatareport.o(.data)
    GUI_pfKeyMsgHook                         0x20002ffc   Data           4  gui_onkey.o(.data)
    GUI_DecChar                              0x20003004   Data           1  guicore.o(.data)
    GUI_pfTimerExec                          0x20003008   Data           4  guicore.o(.data)
    WM_pfHandlePID                           0x2000300c   Data           4  guicore.o(.data)
    GUI_pfDispCharStyle                      0x20003010   Data           4  guicore.o(.data)
    GUI_pLCD_APIList                         0x20003014   Data           4  guicore.o(.data)
    OS_TimeMS                                0x20003018   Data           4  gui_x.o(.data)
    WM__NumWindows                           0x2000301c   Data           2  wm.o(.data)
    WM__NumInvalidWindows                    0x2000301e   Data           2  wm.o(.data)
    WM__FirstWin                             0x20003020   Data           2  wm.o(.data)
    WM__pFirstCriticalHandle                 0x20003024   Data           4  wm.o(.data)
    WM__ahDesktopWin                         0x20003028   Data           2  wm.o(.data)
    WM__aBkColor                             0x2000302c   Data           4  wm.o(.data)
    WM_IsActive                              0x20003030   Data           1  wm.o(.data)
    WM__CreateFlags                          0x20003032   Data           2  wm.o(.data)
    WM__hCapture                             0x20003034   Data           2  wm.o(.data)
    WM__hWinFocus                            0x20003036   Data           2  wm.o(.data)
    WM__CaptureReleaseAuto                   0x20003038   Data           1  wm.o(.data)
    WM_pfPollPID                             0x2000303c   Data           4  wm.o(.data)
    WM__PaintCallbackCnt                     0x20003040   Data           1  wm.o(.data)
    WM__TransWindowCnt                       0x20003044   Data           4  wm.o(.data)
    WM__hATransWindow                        0x20003048   Data           2  wm.o(.data)
    WM__CHWinModal                           0x20003054   Data           8  wmtouch.o(.data)
    WM__CHWinLast                            0x2000305c   Data           8  wmtouch.o(.data)
    FRAMEWIN__DefaultProps                   0x20003068   Data          32  framewin.o(.data)
    _pEffectDefault                          0x20003094   Data           4  widget.o(.data)
    CAN_LCD_buffer                           0x20003098   Data         480  stm32f10x_it.o(.bss)
    TxMessage                                0x20003278   Data          20  can_function.o(.bss)
    RxMessage                                0x2000328c   Data          20  can_function.o(.bss)
    datalcd                                  0x200032a0   Data         150  ra8835.o(.bss)
    dataOfScreen                             0x20003336   Data       19200  ra8835.o(.bss)
    USART_RX_BUF                             0x20007e36   Data          64  usart.o(.bss)
    isOrCheckLogo                            0x20007e8a   Data          25  systemconfig.o(.bss)
    healthData                               0x20007f20   Data         100  report_dialog.o(.bss)
    healthValue                              0x20007f88   Data         200  report_dialog.o(.bss)
    GUI_Heap                                 0x20008068   Data        5000  guialloc.o(.bss)
    GUI_ALLOC                                0x200097a4   Data          20  guialloc.o(.bss)
    GUI_Context                              0x200097b8   Data          72  guicore.o(.bss)
    LCD__aConvTable                          0x20009800   Data         256  lcdcolor.o(.bss)
    WM_PID__StateLast                        0x20009900   Data          12  wm.o(.bss)
    _random_number_data                      0x20009924   Data         228  rand.o(.bss)
    __libspace_start                         0x20009a08   Data          96  libspace.o(.bss)
    __temporary_stack_top$libspace           0x20009a68   Data           0  libspace.o(.bss)



==============================================================================

Memory Map of the image

  Image Entry point : 0x08000131

  Load Region LR_IROM1 (Base: 0x08000000, Size: 0x000299c0, Max: 0x00080000, ABSOLUTE, COMPRESSED[0x00027d64])

    Execution Region ER_IROM1 (Base: 0x08000000, Size: 0x00026928, Max: 0x00080000, ABSOLUTE)

    Base Addr    Size         Type   Attr      Idx    E Section Name        Object

    0x08000000   0x00000130   Data   RO          115    RESET               startup_stm32f10x_hd.o
    0x08000130   0x00000008   Code   RO         8890  * !!!main             c_w.l(__main.o)
    0x08000138   0x00000034   Code   RO         9332    !!!scatter          c_w.l(__scatter.o)
    0x0800016c   0x00000064   Code   RO         9330    !!dclz77c           c_w.l(__dclz77c.o)
    0x080001d0   0x0000001c   Code   RO         9334    !!handler_zi        c_w.l(__scatter_zi.o)
    0x080001ec   0x00000000   Code   RO         8862    .ARM.Collect$$_printf_percent$$00000000  c_w.l(_printf_percent.o)
    0x080001ec   0x00000006   Code   RO         8861    .ARM.Collect$$_printf_percent$$00000003  c_w.l(_printf_f.o)
    0x080001f2   0x00000006   Code   RO         8860    .ARM.Collect$$_printf_percent$$00000009  c_w.l(_printf_d.o)
    0x080001f8   0x00000006   Code   RO         8859    .ARM.Collect$$_printf_percent$$00000014  c_w.l(_printf_s.o)
    0x080001fe   0x00000004   Code   RO         9016    .ARM.Collect$$_printf_percent$$00000017  c_w.l(_printf_percent_end.o)
    0x08000202   0x00000002   Code   RO         9216    .ARM.Collect$$libinit$$00000000  c_w.l(libinit.o)
    0x08000204   0x00000000   Code   RO         9026    .ARM.Collect$$libinit$$00000002  c_w.l(libinit2.o)
    0x08000204   0x00000000   Code   RO         9028    .ARM.Collect$$libinit$$00000004  c_w.l(libinit2.o)
    0x08000204   0x00000000   Code   RO         9031    .ARM.Collect$$libinit$$0000000A  c_w.l(libinit2.o)
    0x08000204   0x00000000   Code   RO         9033    .ARM.Collect$$libinit$$0000000C  c_w.l(libinit2.o)
    0x08000204   0x00000004   Code   RO         9034    .ARM.Collect$$libinit$$0000000D  c_w.l(libinit2.o)
    0x08000208   0x00000000   Code   RO         9035    .ARM.Collect$$libinit$$0000000E  c_w.l(libinit2.o)
    0x08000208   0x00000006   Code   RO         9036    .ARM.Collect$$libinit$$0000000F  c_w.l(libinit2.o)
    0x0800020e   0x00000000   Code   RO         9038    .ARM.Collect$$libinit$$00000011  c_w.l(libinit2.o)
    0x0800020e   0x0000000c   Code   RO         9039    .ARM.Collect$$libinit$$00000012  c_w.l(libinit2.o)
    0x0800021a   0x00000000   Code   RO         9040    .ARM.Collect$$libinit$$00000013  c_w.l(libinit2.o)
    0x0800021a   0x00000000   Code   RO         9042    .ARM.Collect$$libinit$$00000015  c_w.l(libinit2.o)
    0x0800021a   0x0000000a   Code   RO         9043    .ARM.Collect$$libinit$$00000016  c_w.l(libinit2.o)
    0x08000224   0x00000000   Code   RO         9044    .ARM.Collect$$libinit$$00000017  c_w.l(libinit2.o)
    0x08000224   0x00000000   Code   RO         9046    .ARM.Collect$$libinit$$00000019  c_w.l(libinit2.o)
    0x08000224   0x00000000   Code   RO         9048    .ARM.Collect$$libinit$$0000001B  c_w.l(libinit2.o)
    0x08000224   0x00000000   Code   RO         9050    .ARM.Collect$$libinit$$0000001D  c_w.l(libinit2.o)
    0x08000224   0x00000000   Code   RO         9052    .ARM.Collect$$libinit$$0000001F  c_w.l(libinit2.o)
    0x08000224   0x00000000   Code   RO         9054    .ARM.Collect$$libinit$$00000021  c_w.l(libinit2.o)
    0x08000224   0x00000000   Code   RO         9056    .ARM.Collect$$libinit$$00000023  c_w.l(libinit2.o)
    0x08000224   0x00000000   Code   RO         9058    .ARM.Collect$$libinit$$00000025  c_w.l(libinit2.o)
    0x08000224   0x00000000   Code   RO         9062    .ARM.Collect$$libinit$$0000002C  c_w.l(libinit2.o)
    0x08000224   0x00000000   Code   RO         9064    .ARM.Collect$$libinit$$0000002E  c_w.l(libinit2.o)
    0x08000224   0x00000000   Code   RO         9066    .ARM.Collect$$libinit$$00000030  c_w.l(libinit2.o)
    0x08000224   0x00000000   Code   RO         9068    .ARM.Collect$$libinit$$00000032  c_w.l(libinit2.o)
    0x08000224   0x00000002   Code   RO         9069    .ARM.Collect$$libinit$$00000033  c_w.l(libinit2.o)
    0x08000226   0x00000002   Code   RO         9278    .ARM.Collect$$libshutdown$$00000000  c_w.l(libshutdown.o)
    0x08000228   0x00000000   Code   RO         9296    .ARM.Collect$$libshutdown$$00000002  c_w.l(libshutdown2.o)
    0x08000228   0x00000000   Code   RO         9298    .ARM.Collect$$libshutdown$$00000004  c_w.l(libshutdown2.o)
    0x08000228   0x00000000   Code   RO         9301    .ARM.Collect$$libshutdown$$00000007  c_w.l(libshutdown2.o)
    0x08000228   0x00000000   Code   RO         9304    .ARM.Collect$$libshutdown$$0000000A  c_w.l(libshutdown2.o)
    0x08000228   0x00000000   Code   RO         9306    .ARM.Collect$$libshutdown$$0000000C  c_w.l(libshutdown2.o)
    0x08000228   0x00000000   Code   RO         9309    .ARM.Collect$$libshutdown$$0000000F  c_w.l(libshutdown2.o)
    0x08000228   0x00000002   Code   RO         9310    .ARM.Collect$$libshutdown$$00000010  c_w.l(libshutdown2.o)
    0x0800022a   0x00000000   Code   RO         8996    .ARM.Collect$$rtentry$$00000000  c_w.l(__rtentry.o)
    0x0800022a   0x00000000   Code   RO         9117    .ARM.Collect$$rtentry$$00000002  c_w.l(__rtentry2.o)
    0x0800022a   0x00000006   Code   RO         9129    .ARM.Collect$$rtentry$$00000004  c_w.l(__rtentry4.o)
    0x08000230   0x00000000   Code   RO         9119    .ARM.Collect$$rtentry$$00000009  c_w.l(__rtentry2.o)
    0x08000230   0x00000004   Code   RO         9120    .ARM.Collect$$rtentry$$0000000A  c_w.l(__rtentry2.o)
    0x08000234   0x00000000   Code   RO         9122    .ARM.Collect$$rtentry$$0000000C  c_w.l(__rtentry2.o)
    0x08000234   0x00000008   Code   RO         9123    .ARM.Collect$$rtentry$$0000000D  c_w.l(__rtentry2.o)
    0x0800023c   0x00000002   Code   RO         9221    .ARM.Collect$$rtexit$$00000000  c_w.l(rtexit.o)
    0x0800023e   0x00000000   Code   RO         9248    .ARM.Collect$$rtexit$$00000002  c_w.l(rtexit2.o)
    0x0800023e   0x00000004   Code   RO         9249    .ARM.Collect$$rtexit$$00000003  c_w.l(rtexit2.o)
    0x08000242   0x00000006   Code   RO         9250    .ARM.Collect$$rtexit$$00000004  c_w.l(rtexit2.o)
    0x08000248   0x00000034   Code   RO         8865    .emb_text           c_w.l(rand.o)
    0x0800027c   0x000005b0   Code   RO            1    .text               lcddummy_1.o
    0x0800082c   0x00000040   Code   RO          116    .text               startup_stm32f10x_hd.o
    0x0800086c   0x000000dc   Code   RO          121    .text               misc.o
    0x08000948   0x0000044e   Code   RO          133    .text               stm32f10x_adc.o
    0x08000d96   0x00000002   PAD
    0x08000d98   0x000009f0   Code   RO          160    .text               stm32f10x_can.o
    0x08001788   0x0000011c   Code   RO          247    .text               stm32f10x_exti.o
    0x080018a4   0x0000035c   Code   RO          286    .text               stm32f10x_gpio.o
    0x08001c00   0x000003a4   Code   RO          343    .text               stm32f10x_rcc.o
    0x08001fa4   0x00000e1a   Code   RO          402    .text               stm32f10x_tim.o
    0x08002dbe   0x00000002   PAD
    0x08002dc0   0x00000408   Code   RO          414    .text               stm32f10x_usart.o
    0x080031c8   0x000001e0   Code   RO          451    .text               system_stm32f10x.o
    0x080033a8   0x0000030c   Code   RO          469    .text               stm32f10x_it.o
    0x080036b4   0x000004dc   Code   RO          648    .text               main.o
    0x08003b90   0x00000ebe   Code   RO          728    .text               ra8835.o
    0x08004a4e   0x00000002   PAD
    0x08004a50   0x000000ac   Code   RO          774    .text               delay.o
    0x08004afc   0x000002ac   Code   RO          800    .text               usart.o
    0x08004da8   0x000000c4   Code   RO          826    .text               adc.o
    0x08004e6c   0x0000061c   Code   RO          838    .text               key.o
    0x08005488   0x00000038   Code   RO          857    .text               led.o
    0x080054c0   0x000007f4   Code   RO          869    .text               rtc.o
    0x08005cb4   0x0000058c   Code   RO          942    .text               my_win.o
    0x08006240   0x00000d74   Code   RO          960    .text               user_dialog.o
    0x08006fb4   0x0000071c   Code   RO          981    .text               menu_dialog.o
    0x080076d0   0x000004d4   Code   RO         1011    .text               systemexplain.o
    0x08007ba4   0x00000e00   Code   RO         1043    .text               time_dialog.o
    0x080089a4   0x000002bc   Code   RO         1060    .text               warning_dialog.o
    0x08008c60   0x000003ec   Code   RO         1075    .text               drawline_dialog.o
    0x0800904c   0x00001180   Code   RO         1099    .text               report_dialog.o
    0x0800a1cc   0x000000c4   Code   RO         1211    .text               gui__calctextrect.o
    0x0800a290   0x00000014   Code   RO         1247    .text               gui__getfontsizey.o
    0x0800a2a4   0x00000018   Code   RO         1271    .text               gui__handleeoline.o
    0x0800a2bc   0x00000042   Code   RO         1283    .text               gui__intersectrect.o
    0x0800a2fe   0x00000088   Code   RO         1295    .text               gui__intersectrects.o
    0x0800a386   0x00000056   Code   RO         1307    .text               gui__memset.o
    0x0800a3dc   0x00000022   Code   RO         1343    .text               gui__reducerect.o
    0x0800a3fe   0x00000050   Code   RO         1355    .text               gui__settext.o
    0x0800a44e   0x00000002   PAD
    0x0800a450   0x00000050   Code   RO         1370    .text               gui__strcmp.o
    0x0800a4a0   0x00000016   Code   RO         1382    .text               gui__strlen.o
    0x0800a4b6   0x00000022   Code   RO         1502    .text               gui_alloc_alloczero.o
    0x0800a4d8   0x0000001a   Code   RO         1550    .text               gui_clearrectex.o
    0x0800a4f2   0x00000002   PAD
    0x0800a4f4   0x00000144   Code   RO         1989    .text               gui_dispstring.o
    0x0800a638   0x00000020   Code   RO         2001    .text               gui_dispstringat.o
    0x0800a658   0x000001d8   Code   RO         2037    .text               gui_dispstringinrect.o
    0x0800a830   0x000000fc   Code   RO         2086    .text               gui_drawbitmap.o
    0x0800a92c   0x000000c4   Code   RO         2134    .text               gui_drawfocusrect.o
    0x0800a9f0   0x00000054   Code   RO         2158    .text               gui_drawhline.o
    0x0800aa44   0x00000054   Code   RO         2218    .text               gui_drawvline.o
    0x0800aa98   0x00000038   Code   RO         2242    .text               gui_exec.o
    0x0800aad0   0x00000328   Code   RO         2254    .text               gui_fillpolygon.o
    0x0800adf8   0x00000064   Code   RO         2269    .text               gui_fillrect.o
    0x0800ae5c   0x0000001a   Code   RO         2281    .text               gui_fillrectex.o
    0x0800ae76   0x00000012   Code   RO         2317    .text               gui_getclientrect.o
    0x0800ae88   0x0000003c   Code   RO         2329    .text               gui_getcolor.o
    0x0800aec4   0x0000000c   Code   RO         2377    .text               gui_getfontsizey.o
    0x0800aed0   0x00000016   Code   RO         2401    .text               gui_getstringdistx.o
    0x0800aee6   0x00000014   Code   RO         2463    .text               gui_getysizeoffont.o
    0x0800aefa   0x00000002   PAD
    0x0800aefc   0x00000058   Code   RO         2475    .text               gui_goto.o
    0x0800af54   0x00000082   Code   RO         2535    .text               gui_mergerect.o
    0x0800afd6   0x00000024   Code   RO         2575    .text               gui_moverect.o
    0x0800affa   0x00000002   PAD
    0x0800affc   0x00000090   Code   RO         2587    .text               gui_onkey.o
    0x0800b08c   0x00000024   Code   RO         2610    .text               gui_pen.o
    0x0800b0b0   0x0000003a   Code   RO         2636    .text               gui_rectsintersect.o
    0x0800b0ea   0x00000002   PAD
    0x0800b0ec   0x00000024   Code   RO         2648    .text               gui_savecontext.o
    0x0800b110   0x00000018   Code   RO         2684    .text               gui_setcolor.o
    0x0800b128   0x00000044   Code   RO         2720    .text               gui_setdefault.o
    0x0800b16c   0x00000010   Code   RO         2732    .text               gui_setdrawmode.o
    0x0800b17c   0x00000010   Code   RO         2744    .text               gui_setfont.o
    0x0800b18c   0x00000010   Code   RO         2768    .text               gui_setlinestyle.o
    0x0800b19c   0x00000014   Code   RO         2842    .text               gui_settextalign.o
    0x0800b1b0   0x00000014   Code   RO         2854    .text               gui_settextmode.o
    0x0800b1c4   0x000000d0   Code   RO         2969    .text               gui_uc.o
    0x0800b294   0x00000030   Code   RO         2993    .text               gui_uc_encodenone.o
    0x0800b2c4   0x000007c0   Code   RO         3062    .text               gui2dlib.o
    0x0800ba84   0x00000446   Code   RO         3077    .text               guialloc.o
    0x0800beca   0x00000002   PAD
    0x0800becc   0x000000b0   Code   RO         3105    .text               guichar.o
    0x0800bf7c   0x000001b8   Code   RO         3117    .text               guicharline.o
    0x0800c134   0x000001c8   Code   RO         3129    .text               guicharm.o
    0x0800c2fc   0x00000180   Code   RO         3141    .text               guicharp.o
    0x0800c47c   0x000003ec   Code   RO         3153    .text               guicirc.o
    0x0800c868   0x000000fc   Code   RO         3177    .text               guicore.o
    0x0800c964   0x000000b0   Code   RO         3209    .text               guiencjs.o
    0x0800ca14   0x00000440   Code   RO         3382    .text               lcd.o
    0x0800ce54   0x00000058   Code   RO         3452    .text               lcd_drawvline.o
    0x0800ceac   0x00000010   Code   RO         3464    .text               lcd_getcolorindex.o
    0x0800cebc   0x00000036   Code   RO         3524    .text               lcd_l0_generic.o
    0x0800cef2   0x00000002   PAD
    0x0800cef4   0x0000001c   Code   RO         3707    .text               lcd_setcliprectex.o
    0x0800cf10   0x00000070   Code   RO         3743    .text               lcdcolor.o
    0x0800cf80   0x00000030   Code   RO         3834    .text               lcdp1.o
    0x0800cfb0   0x00000030   Code   RO         4666    .text               gui_x.o
    0x0800cfe0   0x00000fe4   Code   RO         4957    .text               wm.o
    0x0800dfc4   0x0000003c   Code   RO         4980    .text               wm__foreachdesc.o
    0x0800e000   0x0000001e   Code   RO         4992    .text               wm__getfirstsibling.o
    0x0800e01e   0x00000002   PAD
    0x0800e020   0x00000024   Code   RO         5004    .text               wm__getfocussedchild.o
    0x0800e044   0x00000036   Code   RO         5040    .text               wm__getprevsibling.o
    0x0800e07a   0x0000004e   Code   RO         5052    .text               wm__isancestor.o
    0x0800e0c8   0x00000028   Code   RO         5064    .text               wm__ischild.o
    0x0800e0f0   0x00000024   Code   RO         5112    .text               wm__sendmessage.o
    0x0800e114   0x00000028   Code   RO         5136    .text               wm__sendmessagenopara.o
    0x0800e13c   0x00000186   Code   RO         5148    .text               wm__updatechildpositions.o
    0x0800e2c2   0x00000048   Code   RO         5172    .text               wm_bringtobottom.o
    0x0800e30a   0x00000002   PAD
    0x0800e30c   0x00000088   Code   RO         5184    .text               wm_bringtotop.o
    0x0800e394   0x00000050   Code   RO         5220    .text               wm_criticalhandle.o
    0x0800e3e4   0x00000014   Code   RO         5256    .text               wm_foreachdesc.o
    0x0800e3f8   0x0000001c   Code   RO         5268    .text               wm_getbkcolor.o
    0x0800e414   0x00000048   Code   RO         5280    .text               wm_getclientrect.o
    0x0800e45c   0x0000001a   Code   RO         5292    .text               wm_getclientwindow.o
    0x0800e476   0x00000002   PAD
    0x0800e478   0x0000000c   Code   RO         5304    .text               wm_getdesktopwindow.o
    0x0800e484   0x00000062   Code   RO         5344    .text               wm_getdialogitem.o
    0x0800e4e6   0x00000014   Code   RO         5356    .text               wm_getfirstchild.o
    0x0800e4fa   0x00000014   Code   RO         5392    .text               wm_getid.o
    0x0800e50e   0x00000014   Code   RO         5464    .text               wm_getparent.o
    0x0800e522   0x00000002   PAD
    0x0800e524   0x00000058   Code   RO         5524    .text               wm_getwindowrect.o
    0x0800e57c   0x00000070   Code   RO         5540    .text               wm_getwindowsize.o
    0x0800e5ec   0x00000018   Code   RO         5552    .text               wm_hascaptured.o
    0x0800e604   0x00000030   Code   RO         5576    .text               wm_hide.o
    0x0800e634   0x00000020   Code   RO         5612    .text               wm_isfocussable.o
    0x0800e654   0x00000010   Code   RO         5636    .text               wm_iswindow.o
    0x0800e664   0x00000100   Code   RO         5660    .text               wm_move.o
    0x0800e764   0x00000050   Code   RO         5672    .text               wm_movechildto.o
    0x0800e7b4   0x00000016   Code   RO         5684    .text               wm_notifyparent.o
    0x0800e7ca   0x00000002   PAD
    0x0800e7cc   0x00000038   Code   RO         5696    .text               wm_onkey.o
    0x0800e804   0x00000042   Code   RO         5708    .text               wm_paint.o
    0x0800e846   0x000000ea   Code   RO         5732    .text               wm_resizewindow.o
    0x0800e930   0x00000010   Code   RO         5756    .text               wm_sendmessagenopara.o
    0x0800e940   0x00000020   Code   RO         5768    .text               wm_sendtoparent.o
    0x0800e960   0x00000050   Code   RO         5804    .text               wm_setcapture.o
    0x0800e9b0   0x00000098   Code   RO         5816    .text               wm_setcapturemove.o
    0x0800ea48   0x00000010   Code   RO         5830    .text               wm_setcreateflags.o
    0x0800ea58   0x00000054   Code   RO         5842    .text               wm_setdesktopcolor.o
    0x0800eaac   0x000000a8   Code   RO         5854    .text               wm_setfocus.o
    0x0800eb54   0x00000090   Code   RO         5866    .text               wm_setfocusonnextchild.o
    0x0800ebe4   0x0000001c   Code   RO         5926    .text               wm_setscrollstate.o
    0x0800ec00   0x00000042   Code   RO         5938    .text               wm_setsize.o
    0x0800ec42   0x00000002   PAD
    0x0800ec44   0x00000080   Code   RO         5950    .text               wm_settrans.o
    0x0800ecc4   0x00000018   Code   RO         5974    .text               wm_setusercliprect.o
    0x0800ecdc   0x00000058   Code   RO         6010    .text               wm_show.o
    0x0800ed34   0x00000030   Code   RO         6082    .text               wm_validatewindow.o
    0x0800ed64   0x00000008   Code   RO         6094    .text               wmmemdev.o
    0x0800ed6c   0x00000138   Code   RO         6497    .text               dialog.o
    0x0800eea4   0x0000079c   Code   RO         6806    .text               framewin.o
    0x0800f640   0x000000fe   Code   RO         6827    .text               framewin__updatebuttons.o
    0x0800f73e   0x0000004e   Code   RO         6918    .text               framewin_createindirect.o
    0x0800f78c   0x000000ac   Code   RO         6990    .text               framewin_setcolors.o
    0x0800f838   0x00000046   Code   RO         7028    .text               framewin_settitleheight.o
    0x0800f87e   0x000000b0   Code   RO         7040    .text               framewin_settitlevis.o
    0x0800f92e   0x00000002   PAD
    0x0800f930   0x00000160   Code   RO         8541    .text               text.o
    0x0800fa90   0x0000004e   Code   RO         8570    .text               text_createindirect.o
    0x0800fade   0x00000030   Code   RO         8582    .text               text_setbkcolor.o
    0x0800fb0e   0x0000001c   Code   RO         8594    .text               text_setfont.o
    0x0800fb2a   0x00000026   Code   RO         8606    .text               text_settext.o
    0x0800fb50   0x0000001e   Code   RO         8618    .text               text_settextalign.o
    0x0800fb6e   0x0000001c   Code   RO         8630    .text               text_settextcolor.o
    0x0800fb8a   0x00000002   PAD
    0x0800fb8c   0x00000490   Code   RO         8642    .text               widget.o
    0x0801001c   0x000001ac   Code   RO         8657    .text               widget_effect_3d.o
    0x080101c8   0x00000120   Code   RO         8752    .text               widget_fillstringinrect.o
    0x080102e8   0x00000002   Code   RO         8821    .text               c_w.l(use_no_semi_2.o)
    0x080102ea   0x00000002   PAD
    0x080102ec   0x00000018   Code   RO         8827    .text               c_w.l(noretval__2printf.o)
    0x08010304   0x00000028   Code   RO         8829    .text               c_w.l(noretval__2sprintf.o)
    0x0801032c   0x0000004e   Code   RO         8833    .text               c_w.l(_printf_pad.o)
    0x0801037a   0x00000052   Code   RO         8835    .text               c_w.l(_printf_str.o)
    0x080103cc   0x00000078   Code   RO         8837    .text               c_w.l(_printf_dec.o)
    0x08010444   0x00000138   Code   RO         8851    .text               c_w.l(__printf_flags_wp.o)
    0x0801057c   0x0000001a   Code   RO         8863    .text               c_w.l(atoi.o)
    0x08010596   0x00000002   PAD
    0x08010598   0x0000003c   Code   RO         8866    .text               c_w.l(rand.o)
    0x080105d4   0x00000048   Code   RO         8872    .text               c_w.l(strcpy.o)
    0x0801061c   0x0000003e   Code   RO         8874    .text               c_w.l(strlen.o)
    0x0801065a   0x0000008a   Code   RO         8876    .text               c_w.l(rt_memcpy_v6.o)
    0x080106e4   0x00000084   Code   RO         8878    .text               c_w.l(rt_memmove_v6.o)
    0x08010768   0x00000064   Code   RO         8880    .text               c_w.l(rt_memcpy_w.o)
    0x080107cc   0x00000080   Code   RO         8886    .text               c_w.l(strcmpv7m.o)
    0x0801084c   0x00000006   Code   RO         8888    .text               c_w.l(heapauxi.o)
    0x08010852   0x00000002   Code   RO         8994    .text               c_w.l(use_no_semi.o)
    0x08010854   0x00000008   Code   RO         9000    .text               c_w.l(rt_errno_addr_intlibspace.o)
    0x0801085c   0x00000016   Code   RO         9002    .text               c_w.l(_rserrno.o)
    0x08010872   0x000000b2   Code   RO         9004    .text               c_w.l(_printf_intcommon.o)
    0x08010924   0x0000041a   Code   RO         9006    .text               c_w.l(_printf_fp_dec.o)
    0x08010d3e   0x00000002   PAD
    0x08010d40   0x00000030   Code   RO         9008    .text               c_w.l(_printf_char_common.o)
    0x08010d70   0x0000000a   Code   RO         9010    .text               c_w.l(_sputc.o)
    0x08010d7a   0x0000002c   Code   RO         9012    .text               c_w.l(_printf_char.o)
    0x08010da6   0x00000002   PAD
    0x08010da8   0x00000024   Code   RO         9014    .text               c_w.l(_printf_char_file.o)
    0x08010dcc   0x000000a0   Code   RO         9017    .text               c_w.l(strtod.o)
    0x08010e6c   0x00000070   Code   RO         9019    .text               c_w.l(strtol.o)
    0x08010edc   0x0000007a   Code   RO         9021    .text               c_w.l(rt_memmove_w.o)
    0x08010f56   0x00000002   PAD
    0x08010f58   0x00000008   Code   RO         9113    .text               c_w.l(libspace.o)
    0x08010f60   0x00000010   Code   RO         9131    .text               c_w.l(rt_ctype_table.o)
    0x08010f70   0x00000008   Code   RO         9136    .text               c_w.l(rt_locale_intlibspace.o)
    0x08010f78   0x0000008a   Code   RO         9138    .text               c_w.l(lludiv10.o)
    0x08011002   0x00000012   Code   RO         9140    .text               c_w.l(isspace.o)
    0x08011014   0x00000080   Code   RO         9142    .text               c_w.l(_printf_fp_infnan.o)
    0x08011094   0x00000040   Code   RO         9146    .text               c_w.l(_sgetc.o)
    0x080110d4   0x0000009e   Code   RO         9148    .text               c_w.l(_strtoul.o)
    0x08011172   0x00000002   PAD
    0x08011174   0x000000dc   Code   RO         9150    .text               c_w.l(bigflt0.o)
    0x08011250   0x00000008   Code   RO         9175    .text               c_w.l(ferror.o)
    0x08011258   0x0000004a   Code   RO         9196    .text               c_w.l(sys_stackheap_outer.o)
    0x080112a2   0x0000001c   Code   RO         9198    .text               c_w.l(_chval.o)
    0x080112be   0x00000002   PAD
    0x080112c0   0x000004a4   Code   RO         9200    .text               c_w.l(scanf_fp.o)
    0x08011764   0x00000012   Code   RO         9205    .text               c_w.l(exit.o)
    0x08011776   0x00000002   PAD
    0x08011778   0x00000318   Code   RO         9256    .text               c_w.l(scanf_hexfp.o)
    0x08011a90   0x00000134   Code   RO         9258    .text               c_w.l(scanf_infnan.o)
    0x08011bc4   0x00000026   Code   RO         9270    .text               c_w.l(llshl.o)
    0x08011bea   0x0000003e   Code   RO         9153    CL$$btod_d2e        c_w.l(btod.o)
    0x08011c28   0x00000046   Code   RO         9155    CL$$btod_d2e_denorm_low  c_w.l(btod.o)
    0x08011c6e   0x00000060   Code   RO         9154    CL$$btod_d2e_norm_op1  c_w.l(btod.o)
    0x08011cce   0x00000338   Code   RO         9163    CL$$btod_div_common  c_w.l(btod.o)
    0x08012006   0x00000002   PAD
    0x08012008   0x00000054   Code   RO         9161    CL$$btod_e2d        c_w.l(btod.o)
    0x0801205c   0x000000c6   Code   RO         9160    CL$$btod_e2e        c_w.l(btod.o)
    0x08012122   0x00000028   Code   RO         9157    CL$$btod_ediv       c_w.l(btod.o)
    0x0801214a   0x00000028   Code   RO         9159    CL$$btod_edivd      c_w.l(btod.o)
    0x08012172   0x00000028   Code   RO         9156    CL$$btod_emul       c_w.l(btod.o)
    0x0801219a   0x00000028   Code   RO         9158    CL$$btod_emuld      c_w.l(btod.o)
    0x080121c2   0x00000244   Code   RO         9162    CL$$btod_mult_common  c_w.l(btod.o)
    0x08012406   0x00000028   Code   RO         9192    i.__ARM_fpclassify  m_ws.l(fpclassify.o)
    0x0801242e   0x00000002   PAD
    0x08012430   0x00000388   Code   RO         9102    i.__ieee754_rem_pio2  m_ws.l(rred.o)
    0x080127b8   0x000000fc   Code   RO         9085    i.__kernel_cos      m_ws.l(cos_i.o)
    0x080128b4   0x000000aa   Code   RO         9194    i.__kernel_poly     m_ws.l(poly.o)
    0x0801295e   0x00000002   PAD
    0x08012960   0x000000ec   Code   RO         9107    i.__kernel_sin      m_ws.l(sin_i.o)
    0x08012a4c   0x00000006   Code   RO         9089    i.__mathlib_dbl_infnan  m_ws.l(dunder.o)
    0x08012a52   0x0000000c   Code   RO         9091    i.__mathlib_dbl_invalid  m_ws.l(dunder.o)
    0x08012a5e   0x0000000e   Code   RO         9092    i.__mathlib_dbl_overflow  m_ws.l(dunder.o)
    0x08012a6c   0x00000010   Code   RO         9094    i.__mathlib_dbl_underflow  m_ws.l(dunder.o)
    0x08012a7c   0x00000010   Code   RO         9240    i.__mathlib_narrow  m_ws.l(narrow.o)
    0x08012a8c   0x00000088   Code   RO         9241    i.__mathlib_tofloat  m_ws.l(narrow.o)
    0x08012b14   0x00000016   Code   RO         9280    i.__support_ldexp   m_ws.l(ldexp.o)
    0x08012b2a   0x0000000e   Code   RO         8849    i._is_digit         c_w.l(__printf_wp.o)
    0x08012b38   0x0000002a   Code   RO         8959    i.atof              m_ws.l(atof.o)
    0x08012b62   0x00000002   PAD
    0x08012b64   0x00000058   Code   RO         9267    i.frexp             m_ws.l(frexp.o)
    0x08012bbc   0x00000074   Code   RO         9281    i.ldexp             m_ws.l(ldexp.o)
    0x08012c30   0x000000a0   Code   RO         8979    i.sin               m_ws.l(sin.o)
    0x08012cd0   0x0000002c   Code   RO         9180    locale$$code        c_w.l(lc_numeric_c.o)
    0x08012cfc   0x0000002c   Code   RO         9203    locale$$code        c_w.l(lc_ctype_c.o)
    0x08012d28   0x00000062   Code   RO         8892    x$fpl$d2f           fz_ws.l(d2f.o)
    0x08012d8a   0x00000002   PAD
    0x08012d8c   0x00000150   Code   RO         8894    x$fpl$dadd          fz_ws.l(daddsub_clz.o)
    0x08012edc   0x00000010   Code   RO         9217    x$fpl$dcheck1       fz_ws.l(dcheck1.o)
    0x08012eec   0x00000018   Code   RO         9070    x$fpl$dcmpinf       fz_ws.l(dcmpi.o)
    0x08012f04   0x000002b0   Code   RO         8901    x$fpl$ddiv          fz_ws.l(ddiv.o)
    0x080131b4   0x00000078   Code   RO         8904    x$fpl$deqf          fz_ws.l(deqf.o)
    0x0801322c   0x0000005e   Code   RO         8906    x$fpl$dfix          fz_ws.l(dfix.o)
    0x0801328a   0x0000002e   Code   RO         8911    x$fpl$dflt          fz_ws.l(dflt_clz.o)
    0x080132b8   0x00000026   Code   RO         8910    x$fpl$dfltu         fz_ws.l(dflt_clz.o)
    0x080132de   0x00000002   PAD
    0x080132e0   0x00000078   Code   RO         8916    x$fpl$dleqf         fz_ws.l(dleqf.o)
    0x08013358   0x00000154   Code   RO         8918    x$fpl$dmul          fz_ws.l(dmul.o)
    0x080134ac   0x0000009c   Code   RO         9072    x$fpl$dnaninf       fz_ws.l(dnaninf.o)
    0x08013548   0x0000000c   Code   RO         9074    x$fpl$dretinf       fz_ws.l(dretinf.o)
    0x08013554   0x0000006c   Code   RO         8920    x$fpl$drleqf        fz_ws.l(drleqf.o)
    0x080135c0   0x00000016   Code   RO         8895    x$fpl$drsb          fz_ws.l(daddsub_clz.o)
    0x080135d6   0x00000002   PAD
    0x080135d8   0x000001d4   Code   RO         8896    x$fpl$dsub          fz_ws.l(daddsub_clz.o)
    0x080137ac   0x00000056   Code   RO         8922    x$fpl$f2d           fz_ws.l(f2d.o)
    0x08013802   0x0000008c   Code   RO         9080    x$fpl$fnaninf       fz_ws.l(fnaninf.o)
    0x0801388e   0x0000000a   Code   RO         9082    x$fpl$fretinf       fz_ws.l(fretinf.o)
    0x08013898   0x00000004   Code   RO         8956    x$fpl$printf1       fz_ws.l(printf1.o)
    0x0801389c   0x00000064   Code   RO         9232    x$fpl$retnan        fz_ws.l(retnan.o)
    0x08013900   0x0000005c   Code   RO         9188    x$fpl$scalbn        fz_ws.l(scalbn.o)
    0x0801395c   0x00000004   Code   RO         9190    x$fpl$scanf1        fz_ws.l(scanf1.o)
    0x08013960   0x00000008   Code   RO         9234    x$fpl$scanf2        fz_ws.l(scanf2.o)
    0x08013968   0x00000030   Code   RO         9264    x$fpl$trapveneer    fz_ws.l(trapv.o)
    0x08013998   0x00000000   Code   RO         9084    x$fpl$usenofp       fz_ws.l(usenofp.o)
    0x08013998   0x000003ec   Data   RO          649    .constdata          main.o
    0x08013d84   0x000011fc   Data   RO          884    .constdata          myfont16_21.o
    0x08014f80   0x00005dac   Data   RO          911    .constdata          fengshi2.o
    0x0801ad2c   0x000001e0   Data   RO          962    .constdata          user_dialog.o
    0x0801af0c   0x000000a8   Data   RO          982    .constdata          menu_dialog.o
    0x0801afb4   0x000000c0   Data   RO         1012    .constdata          systemexplain.o
    0x0801b074   0x0000196c   Data   RO         1031    .constdata          simsun_1616.o
    0x0801c9e0   0x00000210   Data   RO         1045    .constdata          time_dialog.o
    0x0801cbf0   0x00000048   Data   RO         1061    .constdata          warning_dialog.o
    0x0801cc38   0x00001f80   Data   RO         1076    .constdata          drawline_dialog.o
    0x0801ebb8   0x00000138   Data   RO         1101    .constdata          report_dialog.o
    0x0801ecf0   0x000053c0   Data   RO         1124    .constdata          reportfont.o
    0x080240b0   0x00000010   Data   RO         2994    .constdata          gui_uc_encodenone.o
    0x080240c0   0x00000044   Data   RO         3063    .constdata          gui2dlib.o
    0x08024104   0x0000000c   Data   RO         3210    .constdata          guiencjs.o
    0x08024110   0x00000634   Data   RO         3945    .constdata          f08_1.o
    0x08024744   0x0000061c   Data   RO         3958    .constdata          f08_ascii.o
    0x08024d60   0x00000734   Data   RO         3975    .constdata          f8x8.o
    0x08025494   0x00000868   Data   RO         4147    .constdata          f13_1.o
    0x08025cfc   0x00000820   Data   RO         4160    .constdata          f13_ascii.o
    0x0802651c   0x00000018   Data   RO         8658    .constdata          widget_effect_3d.o
    0x08026534   0x00000011   Data   RO         8852    .constdata          c_w.l(__printf_flags_wp.o)
    0x08026545   0x00000003   PAD
    0x08026548   0x00000030   Data   RO         9086    .constdata          m_ws.l(cos_i.o)
    0x08026578   0x000000c8   Data   RO         9104    .constdata          m_ws.l(rred.o)
    0x08026640   0x00000028   Data   RO         9108    .constdata          m_ws.l(sin_i.o)
    0x08026668   0x00000094   Data   RO         9151    .constdata          c_w.l(bigflt0.o)
    0x080266fc   0x000000ad   Data   RO          963    .conststring        user_dialog.o
    0x080267a9   0x00000003   PAD
    0x080267ac   0x00000017   Data   RO          998    .conststring        systemconfig.o
    0x080267c3   0x00000001   PAD
    0x080267c4   0x0000000e   Data   RO         1046    .conststring        time_dialog.o
    0x080267d2   0x00000002   PAD
    0x080267d4   0x00000020   Data   RO         9328    Region$$Table       anon$$obj.o
    0x080267f4   0x00000008   Data   RO         9229    c$$dinf             fz_ws.l(fpconst.o)
    0x080267fc   0x0000001c   Data   RO         9179    locale$$data        c_w.l(lc_numeric_c.o)
    0x08026818   0x00000110   Data   RO         9202    locale$$data        c_w.l(lc_ctype_c.o)


    Execution Region RW_IRAM1 (Base: 0x20000000, Size: 0x0000a668, Max: 0x00010000, ABSOLUTE, COMPRESSED[0x0000143c])

    Base Addr    Size         Type   Attr      Idx    E Section Name        Object

    0x20000000   0x00000014   Data   RW          344    .data               stm32f10x_rcc.o
    0x20000014   0x00000014   Data   RW          452    .data               system_stm32f10x.o
    0x20000028   0x00000008   Data   RW          471    .data               stm32f10x_it.o
    0x20000030   0x0000000c   Data   RW          650    .data               main.o
    0x2000003c   0x00000013   Data   RW          730    .data               ra8835.o
    0x2000004f   0x00000001   PAD
    0x20000050   0x00000004   Data   RW          775    .data               delay.o
    0x20000054   0x00000005   Data   RW          802    .data               usart.o
    0x20000059   0x00000003   PAD
    0x2000005c   0x00000005   Data   RW          839    .data               key.o
    0x20000061   0x00000003   PAD
    0x20000064   0x00000040   Data   RW          964    .data               user_dialog.o
    0x200000a4   0x00000008   Data   RW          984    .data               menu_dialog.o
    0x200000ac   0x00000094   Data   RW          999    .data               systemconfig.o
    0x20000140   0x0000002c   Data   RW         1047    .data               time_dialog.o
    0x2000016c   0x0000000c   Data   RW         1078    .data               drawline_dialog.o
    0x20000178   0x0000008c   Data   RW         1103    .data               report_dialog.o
    0x20000204   0x00002de1   Data   RW         1136    .data               healthdatareport.o
    0x20002fe5   0x00000003   PAD
    0x20002fe8   0x00000004   Data   RW         2256    .data               gui_fillpolygon.o
    0x20002fec   0x00000014   Data   RW         2588    .data               gui_onkey.o
    0x20003000   0x00000001   Data   RW         3079    .data               guialloc.o
    0x20003001   0x00000003   PAD
    0x20003004   0x00000014   Data   RW         3179    .data               guicore.o
    0x20003018   0x00000004   Data   RW         4667    .data               gui_x.o
    0x2000301c   0x00000031   Data   RW         4959    .data               wm.o
    0x2000304d   0x00000001   PAD
    0x2000304e   0x00000004   Data   RW         5817    .data               wm_setcapturemove.o
    0x20003052   0x00000002   PAD
    0x20003054   0x00000010   Data   RW         6107    .data               wmtouch.o
    0x20003064   0x00000004   Data   RW         6498    .data               dialog.o
    0x20003068   0x00000022   Data   RW         6807    .data               framewin.o
    0x2000308a   0x00000002   PAD
    0x2000308c   0x00000008   Data   RW         8542    .data               text.o
    0x20003094   0x00000004   Data   RW         8643    .data               widget.o
    0x20003098   0x000001e0   Zero   RW          470    .bss                stm32f10x_it.o
    0x20003278   0x00000028   Zero   RW          618    .bss                can_function.o
    0x200032a0   0x00004b96   Zero   RW          729    .bss                ra8835.o
    0x20007e36   0x00000040   Zero   RW          801    .bss                usart.o
    0x20007e76   0x00000014   Zero   RW          961    .bss                user_dialog.o
    0x20007e8a   0x00000019   Zero   RW          997    .bss                systemconfig.o
    0x20007ea3   0x00000078   Zero   RW         1044    .bss                time_dialog.o
    0x20007f1b   0x00000005   PAD
    0x20007f20   0x00000130   Zero   RW         1100    .bss                report_dialog.o
    0x20008050   0x00000018   Zero   RW         2255    .bss                gui_fillpolygon.o
    0x20008068   0x00001750   Zero   RW         3078    .bss                guialloc.o
    0x200097b8   0x00000048   Zero   RW         3178    .bss                guicore.o
    0x20009800   0x00000100   Zero   RW         3744    .bss                lcdcolor.o
    0x20009900   0x00000024   Zero   RW         4958    .bss                wm.o
    0x20009924   0x000000e4   Zero   RW         8867    .bss                c_w.l(rand.o)
    0x20009a08   0x00000060   Zero   RW         9114    .bss                c_w.l(libspace.o)
    0x20009a68   0x00000400   Zero   RW          114    HEAP                startup_stm32f10x_hd.o
    0x20009e68   0x00000800   Zero   RW          113    STACK               startup_stm32f10x_hd.o


==============================================================================

Image component sizes


      Code (inc. data)   RO Data    RW Data    ZI Data      Debug   Object Name

       196         10          0          0          0        831   adc.o
         0          0          0          0         40        302   can_function.o
       172          8          0          4          0       1159   delay.o
       312          4          0          4          0       3522   dialog.o
      1004        170       8064         12          0       3390   drawline_dialog.o
         0          0       1588          0          0       5900   f08_1.o
         0          0       1564          0          0        824   f08_ascii.o
         0          0       2152          0          0       6300   f13_1.o
         0          0       2080          0          0       6847   f13_ascii.o
         0          0       1844          0          0       2206   f8x8.o
         0          0      23980          0          0        973   fengshi2.o
      1948         22          0         34          0       9088   framewin.o
       254          0          0          0          0       2707   framewin__updatebuttons.o
        78          0          0          0          0        846   framewin_createindirect.o
       172          0          0          0          0       2149   framewin_setcolors.o
        70          0          0          0          0       1246   framewin_settitleheight.o
       176          0          0          0          0       1479   framewin_settitlevis.o
      1984         16         68          0          0       8904   gui2dlib.o
       196          0          0          0          0       1488   gui__calctextrect.o
        20          4          0          0          0        516   gui__getfontsizey.o
        24          0          0          0          0        684   gui__handleeoline.o
        66          0          0          0          0        961   gui__intersectrect.o
       136          0          0          0          0       1206   gui__intersectrects.o
        86          0          0          0          0        834   gui__memset.o
        34          0          0          0          0        966   gui__reducerect.o
        80          0          0          0          0        779   gui__settext.o
        80          4          0          0          0        913   gui__strcmp.o
        22          0          0          0          0        578   gui__strlen.o
        34          0          0          0          0        622   gui_alloc_alloczero.o
        26          0          0          0          0        910   gui_clearrectex.o
       324          4          0          0          0       1005   gui_dispstring.o
        32          6          0          0          0        667   gui_dispstringat.o
       472          6          0          0          0       2381   gui_dispstringinrect.o
       252          6          0          0          0       1595   gui_drawbitmap.o
       196          4          0          0          0       1236   gui_drawfocusrect.o
        84          6          0          0          0        684   gui_drawhline.o
        84          6          0          0          0        684   gui_drawvline.o
        56          4          0          0          0        693   gui_exec.o
       808         12          0          4         24       4517   gui_fillpolygon.o
       100          6          0          0          0        743   gui_fillrect.o
        26          0          0          0          0        897   gui_fillrectex.o
        18          0          0          0          0       1020   gui_getclientrect.o
        60          0          0          0          0       1028   gui_getcolor.o
        12          0          0          0          0        543   gui_getfontsizey.o
        22          0          0          0          0        605   gui_getstringdistx.o
        20          0          0          0          0        748   gui_getysizeoffont.o
        88          6          0          0          0       1277   gui_goto.o
       130          0          0          0          0       1108   gui_mergerect.o
        36          0          0          0          0        931   gui_moverect.o
       144         12          0         20          0      18335   gui_onkey.o
        36          4          0          0          0       1056   gui_pen.o
        58          0          0          0          0       1065   gui_rectsintersect.o
        36          4          0          0          0       1115   gui_savecontext.o
        24          0          0          0          0        714   gui_setcolor.o
        68          6          0          0          0        651   gui_setdefault.o
        16          0          0          0          0        598   gui_setdrawmode.o
        16          4          0          0          0        566   gui_setfont.o
        16          6          0          0          0        583   gui_setlinestyle.o
        20          4          0          0          0        575   gui_settextalign.o
        20          4          0          0          0        570   gui_settextmode.o
       208          6          0          0          0       2160   gui_uc.o
        48         10         16          0          0       1872   gui_uc_encodenone.o
        48          6          0          4          0       1570   gui_x.o
      1094         16          0          1       5968       5812   guialloc.o
       176         10          0          0          0       1312   guichar.o
       440         12          0          0          0       2271   guicharline.o
       456          6          0          0          0       2161   guicharm.o
       384          4          0          0          0       2093   guicharp.o
      1004          4          0          0          0       3810   guicirc.o
       252         16          0         20         72       5130   guicore.o
       176          0         12          0          0       6682   guiencjs.o
         0          0          0      11745          0       2135   healthdatareport.o
      1564        170          0          5          0       3058   key.o
      1088         12          0          0          0       4700   lcd.o
        88          4          0          0          0        672   lcd_drawvline.o
        16          4          0          0          0        644   lcd_getcolorindex.o
        54          0          0          0          0       1179   lcd_l0_generic.o
        28          6          0          0          0        948   lcd_setcliprectex.o
       112          6          0          0        256       1974   lcdcolor.o
      1456         10          0          0          0     304833   lcddummy_1.o
        48          0          0          0          0       1057   lcdp1.o
        56          6          0          0          0        515   led.o
      1244        328       1004         12          0       3637   main.o
      1820        262        168          8          0       3260   menu_dialog.o
       220         22          0          0          0       1981   misc.o
      1420        202          0          0          0       2089   my_win.o
         0          0       4604          0          0      15379   myfont16_21.o
         0          0          0          0          0       9181   myfont_11.o
      3774         32          0         19      19350      10165   ra8835.o
      4480        590        312        140        304       6357   report_dialog.o
         0          0      21440          0          0      61822   reportfont.o
      2036          6          0          0          0       6191   rtc.o
         0          0       6508          0          0      20495   simsun_1616.o
        64         26        304          0       3072        900   startup_stm32f10x_hd.o
      1102         26          0          0          0      11225   stm32f10x_adc.o
      2544         38          0          0          0       8216   stm32f10x_can.o
       284         10          0          0          0       2443   stm32f10x_exti.o
       860         38          0          0          0       5913   stm32f10x_gpio.o
       780         58          0          8        480      30972   stm32f10x_it.o
       932         36          0         20          0       9152   stm32f10x_rcc.o
      3610         88          0          0          0      23028   stm32f10x_tim.o
      1032         22          0          0          0       8640   stm32f10x_usart.o
       480         38          0         20          0       1991   system_stm32f10x.o
         0          0         23        148         25       2064   systemconfig.o
      1236        292        192          0          0       2780   systemexplain.o
       352         14          0          8          0       3309   text.o
        78          0          0          0          0        834   text_createindirect.o
        48          0          0          0          0       1066   text_setbkcolor.o
        28          0          0          0          0       1095   text_setfont.o
        38          0          0          0          0       1123   text_settext.o
        30          0          0          0          0       1136   text_settextalign.o
        28          0          0          0          0       1052   text_settextcolor.o
      3584        322        542         44        120       4311   time_dialog.o
       684         34          0          5         64       5222   usart.o
      3444        376        653         64         20       4542   user_dialog.o
       700         96         72          0          0       2500   warning_dialog.o
      1168          4          0          4          0       8169   widget.o
       428         18         24          0          0       4028   widget_effect_3d.o
       288          6          0          0          0       1543   widget_fillstringinrect.o
      4068        166          0         49         36      19406   wm.o
        60          0          0          0          0       1094   wm__foreachdesc.o
        30          0          0          0          0        626   wm__getfirstsibling.o
        36          6          0          0          0        619   wm__getfocussedchild.o
        54          0          0          0          0        997   wm__getprevsibling.o
        78          0          0          0          0       1358   wm__isancestor.o
        40          0          0          0          0       1026   wm__ischild.o
        36          0          0          0          0       1034   wm__sendmessage.o
        40          0          0          0          0       1104   wm__sendmessagenopara.o
       390          0          0          0          0       1711   wm__updatechildpositions.o
        72          0          0          0          0       1151   wm_bringtobottom.o
       136          6          0          0          0       1676   wm_bringtotop.o
        80          4          0          0          0        945   wm_criticalhandle.o
        20          0          0          0          0        989   wm_foreachdesc.o
        28          0          0          0          0        628   wm_getbkcolor.o
        72          8          0          0          0       1206   wm_getclientrect.o
        26          0          0          0          0        617   wm_getclientwindow.o
        12          4          0          0          0        518   wm_getdesktopwindow.o
        98          0          0          0          0       1391   wm_getdialogitem.o
        20          0          0          0          0        583   wm_getfirstchild.o
        20          0          0          0          0        571   wm_getid.o
        20          0          0          0          0        567   wm_getparent.o
        88          8          0          0          0       1378   wm_getwindowrect.o
       112          0          0          0          0       1796   wm_getwindowsize.o
        24          4          0          0          0        577   wm_hascaptured.o
        48          0          0          0          0        968   wm_hide.o
        32          0          0          0          0        634   wm_isfocussable.o
        16          0          0          0          0        574   wm_iswindow.o
       256          0          0          0          0       2152   wm_move.o
        80          0          0          0          0       1145   wm_movechildto.o
        22          0          0          0          0        626   wm_notifyparent.o
        56          6          0          0          0        695   wm_onkey.o
        66          0          0          0          0       1039   wm_paint.o
       234          0          0          0          0       1310   wm_resizewindow.o
        16          0          0          0          0        623   wm_sendmessagenopara.o
        32          0          0          0          0        666   wm_sendtoparent.o
        80          8          0          0          0        898   wm_setcapture.o
       152          4          0          4          0       1448   wm_setcapturemove.o
        16          6          0          0          0        584   wm_setcreateflags.o
        84         10          0          0          0       1114   wm_setdesktopcolor.o
       168          4          0          0          0        758   wm_setfocus.o
       144          0          0          0          0       1669   wm_setfocusonnextchild.o
        28          0          0          0          0        984   wm_setscrollstate.o
        66          0          0          0          0       1121   wm_setsize.o
       128          6          0          0          0       1427   wm_settrans.o
        24          6          0          0          0        957   wm_setusercliprect.o
        88          0          0          0          0       1289   wm_show.o
        48          6          0          0          0        952   wm_validatewindow.o
         8          0          0          0          0        635   wmmemdev.o
         0          0          0         16          0       2179   wmtouch.o

    ----------------------------------------------------------------------
     65644       3902      77252      12440      29836     831734   Object Totals
         0          0         32          0          0          0   (incl. Generated)
        36          0          6         18          5          0   (incl. Padding)

    ----------------------------------------------------------------------

      Code (inc. data)   RO Data    RW Data    ZI Data      Debug   Library Member Name

       100          0          0          0          0          0   __dclz77c.o
         8          0          0          0          0         68   __main.o
       312          4         17          0          0         92   __printf_flags_wp.o
        14          0          0          0          0         68   __printf_wp.o
         0          0          0          0          0          0   __rtentry.o
        12          0          0          0          0          0   __rtentry2.o
         6          0          0          0          0          0   __rtentry4.o
        52          8          0          0          0          0   __scatter.o
        28          0          0          0          0          0   __scatter_zi.o
        28          0          0          0          0         68   _chval.o
        44          0          0          0          0        108   _printf_char.o
        48          6          0          0          0         96   _printf_char_common.o
        36          4          0          0          0         80   _printf_char_file.o
         6          0          0          0          0          0   _printf_d.o
       120         16          0          0          0         92   _printf_dec.o
         6          0          0          0          0          0   _printf_f.o
      1050          0          0          0          0        216   _printf_fp_dec.o
       128         16          0          0          0         84   _printf_fp_infnan.o
       178          0          0          0          0         88   _printf_intcommon.o
        78          0          0          0          0        108   _printf_pad.o
         0          0          0          0          0          0   _printf_percent.o
         4          0          0          0          0          0   _printf_percent_end.o
         6          0          0          0          0          0   _printf_s.o
        82          0          0          0          0         80   _printf_str.o
        22          0          0          0          0        100   _rserrno.o
        64          0          0          0          0         84   _sgetc.o
        10          0          0          0          0         68   _sputc.o
       158          0          0          0          0         92   _strtoul.o
        26          0          0          0          0         80   atoi.o
       220          4        148          0          0         96   bigflt0.o
      2074        132          0          0          0        940   btod.o
        18          0          0          0          0         80   exit.o
         8          0          0          0          0         68   ferror.o
         6          0          0          0          0        152   heapauxi.o
        18          0          0          0          0         76   isspace.o
        44         10        272          0          0         76   lc_ctype_c.o
        44         10         28          0          0         76   lc_numeric_c.o
         2          0          0          0          0          0   libinit.o
        34          0          0          0          0          0   libinit2.o
         2          0          0          0          0          0   libshutdown.o
         2          0          0          0          0          0   libshutdown2.o
         8          4          0          0         96         68   libspace.o
        38          0          0          0          0         68   llshl.o
       138          0          0          0          0         80   lludiv10.o
        24          4          0          0          0         84   noretval__2printf.o
        40          6          0          0          0         84   noretval__2sprintf.o
       112         18          0          0        228        160   rand.o
        16          4          0          0          0         76   rt_ctype_table.o
         8          4          0          0          0         68   rt_errno_addr_intlibspace.o
         8          4          0          0          0         68   rt_locale_intlibspace.o
       138          0          0          0          0         68   rt_memcpy_v6.o
       100          0          0          0          0         80   rt_memcpy_w.o
       132          0          0          0          0         68   rt_memmove_v6.o
       122          0          0          0          0         80   rt_memmove_w.o
         2          0          0          0          0          0   rtexit.o
        10          0          0          0          0          0   rtexit2.o
      1188         12          0          0          0        148   scanf_fp.o
       792         14          0          0          0        100   scanf_hexfp.o
       308         16          0          0          0        100   scanf_infnan.o
       128          0          0          0          0         68   strcmpv7m.o
        72          0          0          0          0         80   strcpy.o
        62          0          0          0          0         76   strlen.o
       160         12          0          0          0        120   strtod.o
       112          0          0          0          0         88   strtol.o
        74          0          0          0          0         80   sys_stackheap_outer.o
         2          0          0          0          0         68   use_no_semi.o
         2          0          0          0          0         68   use_no_semi_2.o
        98          4          0          0          0         92   d2f.o
       826         16          0          0          0        348   daddsub_clz.o
        16          4          0          0          0         68   dcheck1.o
        24          0          0          0          0         68   dcmpi.o
       688        140          0          0          0        208   ddiv.o
       120          4          0          0          0         92   deqf.o
        94          4          0          0          0         92   dfix.o
        84          0          0          0          0        136   dflt_clz.o
       120          4          0          0          0         92   dleqf.o
       340         12          0          0          0        104   dmul.o
       156          4          0          0          0         92   dnaninf.o
        12          0          0          0          0         68   dretinf.o
       108          0          0          0          0         80   drleqf.o
        86          4          0          0          0         84   f2d.o
       140          4          0          0          0         84   fnaninf.o
         0          0          8          0          0          0   fpconst.o
        10          0          0          0          0         68   fretinf.o
         4          0          0          0          0         68   printf1.o
       100          0          0          0          0         68   retnan.o
        92          0          0          0          0         68   scalbn.o
         4          0          0          0          0         68   scanf1.o
         8          0          0          0          0         84   scanf2.o
        48          0          0          0          0         68   trapv.o
         0          0          0          0          0          0   usenofp.o
        42          0          0          0          0         84   atof.o
       252         22         48          0          0        124   cos_i.o
        48          6          0          0          0        272   dunder.o
        40          0          0          0          0         68   fpclassify.o
        88          8          0          0          0         76   frexp.o
       138          0          0          0          0        160   ldexp.o
       152          4          0          0          0        168   narrow.o
       170          0          0          0          0         96   poly.o
       904         76        200          0          0        140   rred.o
       160         10          0          0          0        108   sin.o
       236         12         40          0          0        128   sin_i.o

    ----------------------------------------------------------------------
     14332        648        764          0        324       8908   Library Totals
        30          2          3          0          0          0   (incl. Padding)

    ----------------------------------------------------------------------

      Code (inc. data)   RO Data    RW Data    ZI Data      Debug   Library Name

      8894        308        465          0        324       5284   c_w.l
      3178        200          8          0          0       2200   fz_ws.l
      2230        138        288          0          0       1424   m_ws.l

    ----------------------------------------------------------------------
     14332        648        764          0        324       8908   Library Totals

    ----------------------------------------------------------------------

==============================================================================


      Code (inc. data)   RO Data    RW Data    ZI Data      Debug   

     79976       4550      78016      12440      30160     825038   Grand Totals
     79976       4550      78016       5180      30160     825038   ELF Image Totals (compressed)
     79976       4550      78016       5180          0          0   ROM Totals

==============================================================================

    Total RO  Size (Code + RO Data)               157992 ( 154.29kB)
    Total RW  Size (RW Data + ZI Data)             42600 (  41.60kB)
    Total ROM Size (Code + RO Data + RW Data)     163172 ( 159.35kB)

==============================================================================

