<html>
<body>
<pre>
<h1>礦ision Build Log</h1>
<h2>Tool Versions:</h2>
IDE-Version: μVision V5.17.0.0
Copyright (C) 2015 ARM Ltd and ARM Germany GmbH. All rights reserved.
License Information: s c, c, LIC=ATTRA-1G5KB-GKCBG-V6IW8-6WJZH-RG28F
 
Tool Versions:
Toolchain:       MDK-ARM Standard  Version: 5.17
Toolchain Path:  C:\Keil_v5\ARM\ARMCC\Bin
C Compiler:      Armcc.exe V5.06 update 1 (build 61)
Assembler:       Armasm.exe V5.06 update 1 (build 61)
Linker/Locator:  ArmLink.exe V5.06 update 1 (build 61)
Library Manager: ArmAr.exe V5.06 update 1 (build 61)
Hex Converter:   FromElf.exe V5.06 update 1 (build 61)
CPU DLL:         SARMCM3.DLL V5.17
Dialog DLL:      DCM.DLL V1.13.4.0
Target DLL:      Segger\JL2CM3.dll V2.99.16.0
Dialog DLL:      TCM.DLL V1.14.6.0
 
<h2>Project:</h2>
C:\Users\SCC\Desktop\holographic-engine\全息机程序\MAAVS1.5 GUI增加图片显示功能\Project\project.uvprojx
Project File Date:  01/27/2017

<h2>Output:</h2>
*** Using Compiler 'V5.06 update 1 (build 61)', folder: 'C:\Keil_v5\ARM\ARMCC\Bin'
Build target 'Target 1'
compiling LCDDummy.c...
compiling main.c...
..\User\feegnshi1.h(7): warning:  #1-D: last line of file ends without a newline
  #endif
..\User\inputWindow.h(5): warning:  #1-D: last line of file ends without a newline
  #endif
..\User\menu_dialog.h(6): warning:  #1-D: last line of file ends without a newline
  #endif
..\User\systemConfig.h(41): warning:  #1-D: last line of file ends without a newline
  #endif
..\User\systemExplain.h(6): warning:  #1-D: last line of file ends without a newline
  #endif
..\User\warning_dialog.h(6): warning:  #1-D: last line of file ends without a newline
  #endif
..\User\draw_dialog.h(6): warning:  #1-D: last line of file ends without a newline
  #endif
..\User\drawLine_dialog.h(6): warning:  #1-D: last line of file ends without a newline
  #endif
..\User\report_dialog.h(12): warning:  #1-D: last line of file ends without a newline
  #endif
..\User\healthDataReport.h(34): warning:  #1-D: last line of file ends without a newline
  #endif
..\User\main.c(120): warning:  #177-D: variable "rect" was declared but never referenced
  	GUI_RECT rect;
..\User\main.c(121): warning:  #177-D: variable "i" was declared but never referenced
  	u8 key,i,length;
..\User\main.c(121): warning:  #177-D: variable "length" was declared but never referenced
  	u8 key,i,length;
..\User\main.c(122): warning:  #177-D: variable "value" was declared but never referenced
  	unsigned short int value;
..\User\main.c(123): warning:  #550-D: variable "time" was set but never used
  	Stru_Time time,getTime;
..\User\main.c(123): warning:  #177-D: variable "getTime" was declared but never referenced
  	Stru_Time time,getTime;
..\User\main.c(124): warning:  #177-D: variable "data" was declared but never referenced
  	char data[400]="串?诓?????\r\n";
..\User\main.c(242): warning:  #177-D: variable "displayTime" was declared but never referenced
  			char displayTime[50],length;
..\User\main.c(240): warning:  #177-D: variable "time" was declared but never referenced
  		Stru_Time time,getTime;
..\User\main.c(240): warning:  #177-D: variable "getTime" was declared but never referenced
  		Stru_Time time,getTime;
..\User\main.c: 21 warnings, 0 errors
linking...
.\Obj\project.axf: Warning: L6304W: Duplicate input file .\obj\lcddummy_1.o ignored.
Program Size: Code=77692 RO-data=64356 RW-data=12376 ZI-data=28624  
Finished: 0 information, 1 warning and 0 error messages.
FromELF: creating hex file...
".\Obj\project.axf" - 0 Error(s), 21 Warning(s).

<h2>Software Packages used:</h2>

Package Vendor: ARM
                http://www.keil.com/pack/ARM.CMSIS.4.5.0.pack
                ARM::CMSIS:CORE:4.3.0
                CMSIS (Cortex Microcontroller Software Interface Standard)
   * Component: CORE Version: 4.3.0

<h2>Collection of Component include folders:</h2>
  C:\Users\SCC\Desktop\holographic-engine\全息机程序\MAAVS1.5 GUI增加图片显示功能\Project\RTE
  C:\Keil_v5\ARM\PACK\ARM\CMSIS\4.5.0\CMSIS\Include
  C:\Keil_v5\ARM\PACK\Keil\STM32F1xx_DFP\2.0.0\Device\Include

<h2>Collection of Component Files used:</h2>

   * Component: ARM::CMSIS:CORE:4.3.0
Build Time Elapsed:  00:00:05
</pre>
</body>
</html>
