Component: ARM Compiler 5.06 update 1 (build 61) Tool: armlink [4d35a8]

==============================================================================

Section Cross References

    startup_stm32f10x_hd.o(STACK) refers (Special) to heapauxi.o(.text) for __use_two_region_memory
    startup_stm32f10x_hd.o(HEAP) refers (Special) to heapauxi.o(.text) for __use_two_region_memory
    startup_stm32f10x_hd.o(RESET) refers (Special) to heapauxi.o(.text) for __use_two_region_memory
    startup_stm32f10x_hd.o(RESET) refers to startup_stm32f10x_hd.o(STACK) for __initial_sp
    startup_stm32f10x_hd.o(RESET) refers to startup_stm32f10x_hd.o(.text) for Reset_Handler
    startup_stm32f10x_hd.o(RESET) refers to stm32f10x_it.o(.text) for NMI_Handler
    startup_stm32f10x_hd.o(RESET) refers to usart.o(.text) for USART1_IRQHandler
    startup_stm32f10x_hd.o(.text) refers (Special) to heapauxi.o(.text) for __use_two_region_memory
    startup_stm32f10x_hd.o(.text) refers to system_stm32f10x.o(.text) for SystemInit
    startup_stm32f10x_hd.o(.text) refers to __main.o(!!!main) for __main
    startup_stm32f10x_hd.o(.text) refers to startup_stm32f10x_hd.o(HEAP) for Heap_Mem
    startup_stm32f10x_hd.o(.text) refers to startup_stm32f10x_hd.o(STACK) for Stack_Mem
    stm32f10x_adc.o(.text) refers to stm32f10x_rcc.o(.text) for RCC_APB2PeriphResetCmd
    stm32f10x_bkp.o(.text) refers to stm32f10x_rcc.o(.text) for RCC_BackupResetCmd
    stm32f10x_can.o(.text) refers to stm32f10x_rcc.o(.text) for RCC_APB1PeriphResetCmd
    stm32f10x_cec.o(.text) refers to stm32f10x_rcc.o(.text) for RCC_APB1PeriphResetCmd
    stm32f10x_dac.o(.text) refers to stm32f10x_rcc.o(.text) for RCC_APB1PeriphResetCmd
    stm32f10x_gpio.o(.text) refers to stm32f10x_rcc.o(.text) for RCC_APB2PeriphResetCmd
    stm32f10x_i2c.o(.text) refers to stm32f10x_rcc.o(.text) for RCC_APB1PeriphResetCmd
    stm32f10x_pwr.o(.text) refers to stm32f10x_rcc.o(.text) for RCC_APB1PeriphResetCmd
    stm32f10x_rcc.o(.text) refers to stm32f10x_rcc.o(.data) for APBAHBPrescTable
    stm32f10x_spi.o(.text) refers to stm32f10x_rcc.o(.text) for RCC_APB2PeriphResetCmd
    stm32f10x_tim.o(.text) refers to stm32f10x_rcc.o(.text) for RCC_APB2PeriphResetCmd
    stm32f10x_usart.o(.text) refers to stm32f10x_rcc.o(.text) for RCC_APB2PeriphResetCmd
    stm32f10x_wwdg.o(.text) refers to stm32f10x_rcc.o(.text) for RCC_APB1PeriphResetCmd
    system_stm32f10x.o(.text) refers to system_stm32f10x.o(.data) for SystemCoreClock
    main.o(.text) refers to _printf_pad.o(.text) for _printf_pre_padding
    main.o(.text) refers to _printf_percent.o(.ARM.Collect$$_printf_percent$$00000000) for _printf_percent
    main.o(.text) refers to _printf_d.o(.ARM.Collect$$_printf_percent$$00000009) for _printf_d
    main.o(.text) refers to _printf_dec.o(.text) for _printf_int_dec
    main.o(.text) refers to rt_memcpy_w.o(.text) for __aeabi_memcpy4
    main.o(.text) refers to system_stm32f10x.o(.text) for SystemInit
    main.o(.text) refers to delay.o(.text) for delay_init
    main.o(.text) refers to sys.o(.text) for NVIC_Configuration
    main.o(.text) refers to led.o(.text) for LED_Init
    main.o(.text) refers to key.o(.text) for KEY_Init
    main.o(.text) refers to rtc.o(.text) for fnRTC_Init
    main.o(.text) refers to adc.o(.text) for Adc_Init
    main.o(.text) refers to usart.o(.text) for uart_init
    main.o(.text) refers to ra8835.o(.text) for getPoint
    main.o(.text) refers to noretval__2printf.o(.text) for __2printf
    main.o(.text) refers to main.o(.constdata) for .constdata
    main.o(.text) refers to main.o(.data) for adcValue
    stm32f10x_it.o(.text) refers to stm32f10x_can.o(.text) for CAN_Receive
    stm32f10x_it.o(.text) refers to stm32f10x_exti.o(.text) for EXTI_GetITStatus
    stm32f10x_it.o(.text) refers to stm32f10x_tim.o(.text) for TIM_GetITStatus
    stm32f10x_it.o(.text) refers to delay.o(.text) for delay_us
    stm32f10x_it.o(.text) refers to noretval__2printf.o(.text) for __2printf
    stm32f10x_it.o(.text) refers to can_function.o(.bss) for RxMessage
    stm32f10x_it.o(.text) refers to stm32f10x_it.o(.bss) for CAN_LCD_buffer
    stm32f10x_it.o(.text) refers to main.o(.data) for status_flag
    ext_function.o(.text) refers to misc.o(.text) for NVIC_PriorityGroupConfig
    ext_function.o(.text) refers to stm32f10x_rcc.o(.text) for RCC_APB2PeriphClockCmd
    ext_function.o(.text) refers to stm32f10x_gpio.o(.text) for GPIO_Init
    ext_function.o(.text) refers to stm32f10x_exti.o(.text) for EXTI_Init
    tim_function.o(.text) refers to misc.o(.text) for NVIC_PriorityGroupConfig
    tim_function.o(.text) refers to stm32f10x_rcc.o(.text) for RCC_APB1PeriphClockCmd
    tim_function.o(.text) refers to stm32f10x_tim.o(.text) for TIM_TimeBaseInit
    can_function.o(.text) refers to stm32f10x_rcc.o(.text) for RCC_APB2PeriphClockCmd
    can_function.o(.text) refers to stm32f10x_gpio.o(.text) for GPIO_Init
    can_function.o(.text) refers to misc.o(.text) for NVIC_PriorityGroupConfig
[...]
    ..\GUI\Widget\MENU_Attach.c              0x00000000   Number         0  menu_attach.o ABSOLUTE
    ..\GUI\Widget\MENU_CreateIndirect.c      0x00000000   Number         0  menu_createindirect.o ABSOLUTE
    ..\GUI\Widget\MENU_Default.c             0x00000000   Number         0  menu_default.o ABSOLUTE
    ..\GUI\Widget\MENU_DeleteItem.c          0x00000000   Number         0  menu_deleteitem.o ABSOLUTE
    ..\GUI\Widget\MENU_DisableItem.c         0x00000000   Number         0  menu_disableitem.o ABSOLUTE
    ..\GUI\Widget\MENU_EnableItem.c          0x00000000   Number         0  menu_enableitem.o ABSOLUTE
    ..\GUI\Widget\MENU_GetItem.c             0x00000000   Number         0  menu_getitem.o ABSOLUTE
    ..\GUI\Widget\MENU_GetItemText.c         0x00000000   Number         0  menu_getitemtext.o ABSOLUTE
    ..\GUI\Widget\MENU_GetNumItems.c         0x00000000   Number         0  menu_getnumitems.o ABSOLUTE
    ..\GUI\Widget\MENU_InsertItem.c          0x00000000   Number         0  menu_insertitem.o ABSOLUTE
    ..\GUI\Widget\MENU_Popup.c               0x00000000   Number         0  menu_popup.o ABSOLUTE
    ..\GUI\Widget\MENU_SetBkColor.c          0x00000000   Number         0  menu_setbkcolor.o ABSOLUTE
    ..\GUI\Widget\MENU_SetBorderSize.c       0x00000000   Number         0  menu_setbordersize.o ABSOLUTE
    ..\GUI\Widget\MENU_SetFont.c             0x00000000   Number         0  menu_setfont.o ABSOLUTE
    ..\GUI\Widget\MENU_SetItem.c             0x00000000   Number         0  menu_setitem.o ABSOLUTE
    ..\GUI\Widget\MENU_SetTextColor.c        0x00000000   Number         0  menu_settextcolor.o ABSOLUTE
    ..\GUI\Widget\MENU__FindItem.c           0x00000000   Number         0  menu__finditem.o ABSOLUTE
    ..\GUI\Widget\MESSAGEBOX.c               0x00000000   Number         0  messagebox.o ABSOLUTE
    ..\GUI\Widget\MULTIEDIT.c                0x00000000   Number         0  multiedit.o ABSOLUTE
    ..\GUI\Widget\MULTIEDIT_Create.c         0x00000000   Number         0  multiedit_create.o ABSOLUTE
    ..\GUI\Widget\MULTIEDIT_CreateIndirect.c 0x00000000   Number         0  multiedit_createindirect.o ABSOLUTE
    ..\GUI\Widget\MULTIPAGE.c                0x00000000   Number         0  multipage.o ABSOLUTE
    ..\GUI\Widget\MULTIPAGE_Create.c         0x00000000   Number         0  multipage_create.o ABSOLUTE
    ..\GUI\Widget\MULTIPAGE_CreateIndirect.c 0x00000000   Number         0  multipage_createindirect.o ABSOLUTE
    ..\GUI\Widget\MULTIPAGE_Default.c        0x00000000   Number         0  multipage_default.o ABSOLUTE
    ..\GUI\Widget\PROGBAR.c                  0x00000000   Number         0  progbar.o ABSOLUTE
    ..\GUI\Widget\PROGBAR_Create.c           0x00000000   Number         0  progbar_create.o ABSOLUTE
    ..\GUI\Widget\PROGBAR_CreateIndirect.c   0x00000000   Number         0  progbar_createindirect.o ABSOLUTE
    ..\GUI\Widget\RADIO.c                    0x00000000   Number         0  radio.o ABSOLUTE
    ..\GUI\Widget\RADIO_Create.c             0x00000000   Number         0  radio_create.o ABSOLUTE
    ..\GUI\Widget\RADIO_CreateIndirect.c     0x00000000   Number         0  radio_createindirect.o ABSOLUTE
    ..\GUI\Widget\RADIO_Default.c            0x00000000   Number         0  radio_default.o ABSOLUTE
    ..\GUI\Widget\RADIO_Image.c              0x00000000   Number         0  radio_image.o ABSOLUTE
    ..\GUI\Widget\RADIO_SetBkColor.c         0x00000000   Number         0  radio_setbkcolor.o ABSOLUTE
    ..\GUI\Widget\RADIO_SetDefaultImage.c    0x00000000   Number         0  radio_setdefaultimage.o ABSOLUTE
    ..\GUI\Widget\RADIO_SetFont.c            0x00000000   Number         0  radio_setfont.o ABSOLUTE
    ..\GUI\Widget\RADIO_SetGroupId.c         0x00000000   Number         0  radio_setgroupid.o ABSOLUTE
    ..\GUI\Widget\RADIO_SetImage.c           0x00000000   Number         0  radio_setimage.o ABSOLUTE
    ..\GUI\Widget\RADIO_SetText.c            0x00000000   Number         0  radio_settext.o ABSOLUTE
    ..\GUI\Widget\RADIO_SetTextColor.c       0x00000000   Number         0  radio_settextcolor.o ABSOLUTE
    ..\GUI\Widget\SCROLLBAR.c                0x00000000   Number         0  scrollbar.o ABSOLUTE
    ..\GUI\Widget\SCROLLBAR_Create.c         0x00000000   Number         0  scrollbar_create.o ABSOLUTE
    ..\GUI\Widget\SCROLLBAR_CreateIndirect.c 0x00000000   Number         0  scrollbar_createindirect.o ABSOLUTE
    ..\GUI\Widget\SCROLLBAR_Defaults.c       0x00000000   Number         0  scrollbar_defaults.o ABSOLUTE
    ..\GUI\Widget\SCROLLBAR_GetValue.c       0x00000000   Number         0  scrollbar_getvalue.o ABSOLUTE
    ..\GUI\Widget\SCROLLBAR_SetWidth.c       0x00000000   Number         0  scrollbar_setwidth.o ABSOLUTE
    ..\GUI\Widget\SLIDER.c                   0x00000000   Number         0  slider.o ABSOLUTE
    ..\GUI\Widget\SLIDER_Create.c            0x00000000   Number         0  slider_create.o ABSOLUTE
    ..\GUI\Widget\SLIDER_CreateIndirect.c    0x00000000   Number         0  slider_createindirect.o ABSOLUTE
    ..\GUI\Widget\TEXT.c                     0x00000000   Number         0  text.o ABSOLUTE
    ..\GUI\Widget\TEXT_Create.c              0x00000000   Number         0  text_create.o ABSOLUTE
    ..\GUI\Widget\TEXT_CreateIndirect.c      0x00000000   Number         0  text_createindirect.o ABSOLUTE
    ..\GUI\Widget\TEXT_SetBkColor.c          0x00000000   Number         0  text_setbkcolor.o ABSOLUTE
    ..\GUI\Widget\TEXT_SetFont.c             0x00000000   Number         0  text_setfont.o ABSOLUTE
    ..\GUI\Widget\TEXT_SetText.c             0x00000000   Number         0  text_settext.o ABSOLUTE
    ..\GUI\Widget\TEXT_SetTextAlign.c        0x00000000   Number         0  text_settextalign.o ABSOLUTE
    ..\GUI\Widget\TEXT_SetTextColor.c        0x00000000   Number         0  text_settextcolor.o ABSOLUTE
    ..\GUI\Widget\WIDGET.c                   0x00000000   Number         0  widget.o ABSOLUTE
    ..\GUI\Widget\WIDGET_Effect_3D.c         0x00000000   Number         0  widget_effect_3d.o ABSOLUTE
    ..\GUI\Widget\WIDGET_Effect_3D1L.c       0x00000000   Number         0  widget_effect_3d1l.o ABSOLUTE
    ..\GUI\Widget\WIDGET_Effect_3D2L.c       0x00000000   Number         0  widget_effect_3d2l.o ABSOLUTE
    ..\GUI\Widget\WIDGET_Effect_None.c       0x00000000   Number         0  widget_effect_none.o ABSOLUTE
    ..\GUI\Widget\WIDGET_Effect_Simple.c     0x00000000   Number         0  widget_effect_simple.o ABSOLUTE
    ..\GUI\Widget\WIDGET_FillStringInRect.c  0x00000000   Number         0  widget_fillstringinrect.o ABSOLUTE
    ..\GUI\Widget\WIDGET_SetEffect.c         0x00000000   Number         0  widget_seteffect.o ABSOLUTE
    ..\GUI\Widget\WIDGET_SetWidth.c          0x00000000   Number         0  widget_setwidth.o ABSOLUTE
    ..\GUI\Widget\WINDOW.c                   0x00000000   Number         0  window.o ABSOLUTE
    ..\GUI\Widget\WINDOW_Default.c           0x00000000   Number         0  window_default.o ABSOLUTE
    ..\Libraries\CMSIS\CM3\core_cm3.c        0x00000000   Number         0  core_cm3.o ABSOLUTE
    ..\Libraries\CMSIS\CM3\startup\startup_stm32f10x_hd.s 0x00000000   Number         0  startup_stm32f10x_hd.o ABSOLUTE
    ..\Libraries\CMSIS\CM3\system_stm32f10x.c 0x00000000   Number         0  system_stm32f10x.o ABSOLUTE
    ..\Libraries\STM32F10x_StdPeriph_Driver\src\misc.c 0x00000000   Number         0  misc.o ABSOLUTE
    ..\Libraries\STM32F10x_StdPeriph_Driver\src\stm32f10x_adc.c 0x00000000   Number         0  stm32f10x_adc.o ABSOLUTE
    ..\Libraries\STM32F10x_StdPeriph_Driver\src\stm32f10x_bkp.c 0x00000000   Number         0  stm32f10x_bkp.o ABSOLUTE
    ..\Libraries\STM32F10x_StdPeriph_Driver\src\stm32f10x_can.c 0x00000000   Number         0  stm32f10x_can.o ABSOLUTE
    ..\Libraries\STM32F10x_StdPeriph_Driver\src\stm32f10x_cec.c 0x00000000   Number         0  stm32f10x_cec.o ABSOLUTE
    ..\Libraries\STM32F10x_StdPeriph_Driver\src\stm32f10x_crc.c 0x00000000   Number         0  stm32f10x_crc.o ABSOLUTE
    ..\Libraries\STM32F10x_StdPeriph_Driver\src\stm32f10x_dac.c 0x00000000   Number         0  stm32f10x_dac.o ABSOLUTE
    ..\Libraries\STM32F10x_StdPeriph_Driver\src\stm32f10x_dbgmcu.c 0x00000000   Number         0  stm32f10x_dbgmcu.o ABSOLUTE
    ..\Libraries\STM32F10x_StdPeriph_Driver\src\stm32f10x_dma.c 0x00000000   Number         0  stm32f10x_dma.o ABSOLUTE
    ..\Libraries\STM32F10x_StdPeriph_Driver\src\stm32f10x_exti.c 0x00000000   Number         0  stm32f10x_exti.o ABSOLUTE
    ..\Libraries\STM32F10x_StdPeriph_Driver\src\stm32f10x_flash.c 0x00000000   Number         0  stm32f10x_flash.o ABSOLUTE
    ..\Libraries\STM32F10x_StdPeriph_Driver\src\stm32f10x_fsmc.c 0x00000000   Number         0  stm32f10x_fsmc.o ABSOLUTE
    ..\Libraries\STM32F10x_StdPeriph_Driver\src\stm32f10x_gpio.c 0x00000000   Number         0  stm32f10x_gpio.o ABSOLUTE
    ..\Libraries\STM32F10x_StdPeriph_Driver\src\stm32f10x_i2c.c 0x00000000   Number         0  stm32f10x_i2c.o ABSOLUTE
    ..\Libraries\STM32F10x_StdPeriph_Driver\src\stm32f10x_iwdg.c 0x00000000   Number         0  stm32f10x_iwdg.o ABSOLUTE
    ..\Libraries\STM32F10x_StdPeriph_Driver\src\stm32f10x_pwr.c 0x00000000   Number         0  stm32f10x_pwr.o ABSOLUTE
    ..\Libraries\STM32F10x_StdPeriph_Driver\src\stm32f10x_rcc.c 0x00000000   Number         0  stm32f10x_rcc.o ABSOLUTE
    ..\Libraries\STM32F10x_StdPeriph_Driver\src\stm32f10x_rtc.c 0x00000000   Number         0  stm32f10x_rtc.o ABSOLUTE
    ..\Libraries\STM32F10x_StdPeriph_Driver\src\stm32f10x_sdio.c 0x00000000   Number         0  stm32f10x_sdio.o ABSOLUTE
    ..\Libraries\STM32F10x_StdPeriph_Driver\src\stm32f10x_spi.c 0x00000000   Number         0  stm32f10x_spi.o ABSOLUTE
    ..\Libraries\STM32F10x_StdPeriph_Driver\src\stm32f10x_tim.c 0x00000000   Number         0  stm32f10x_tim.o ABSOLUTE
    ..\Libraries\STM32F10x_StdPeriph_Driver\src\stm32f10x_usart.c 0x00000000   Number         0  stm32f10x_usart.o ABSOLUTE
    ..\Libraries\STM32F10x_StdPeriph_Driver\src\stm32f10x_wwdg.c 0x00000000   Number         0  stm32f10x_wwdg.o ABSOLUTE
    ..\SYSTEM\delay\delay.c                  0x00000000   Number         0  delay.o ABSOLUTE
    ..\SYSTEM\sys\sys.c                      0x00000000   Number         0  sys.o ABSOLUTE
    ..\SYSTEM\usart\usart.c                  0x00000000   Number         0  usart.o ABSOLUTE
    ..\User\ADC\adc.c                        0x00000000   Number         0  adc.o ABSOLUTE
    ..\User\CAN_function.c                   0x00000000   Number         0  can_function.o ABSOLUTE
    ..\User\EXT_function.c                   0x00000000   Number         0  ext_function.o ABSOLUTE
    ..\User\KEY\key.c                        0x00000000   Number         0  key.o ABSOLUTE
    ..\User\LED\led.c                        0x00000000   Number         0  led.o ABSOLUTE
    ..\User\LED_function.c                   0x00000000   Number         0  led_function.o ABSOLUTE
    ..\User\RA8835.c                         0x00000000   Number         0  ra8835.o ABSOLUTE
    ..\User\RTC_PCF8563T\rtc.c               0x00000000   Number         0  rtc.o ABSOLUTE
    ..\User\TIM_function.c                   0x00000000   Number         0  tim_function.o ABSOLUTE
    ..\User\User_win.c                       0x00000000   Number         0  user_win.o ABSOLUTE
    ..\User\main.c                           0x00000000   Number         0  main.o ABSOLUTE
    ..\User\stm32f10x_it.c                   0x00000000   Number         0  stm32f10x_it.o ABSOLUTE
    ..\\Libraries\\CMSIS\\CM3\\core_cm3.c    0x00000000   Number         0  core_cm3.o ABSOLUTE
    dc.s                                     0x00000000   Number         0  dc.o ABSOLUTE
    RESET                                    0x08000000   Section      304  startup_stm32f10x_hd.o(RESET)
    !!!main                                  0x08000130   Section        8  __main.o(!!!main)
    !!!scatter                               0x08000138   Section       52  __scatter.o(!!!scatter)
    !!handler_copy                           0x0800016c   Section       26  __scatter_copy.o(!!handler_copy)
    !!handler_zi                             0x08000188   Section       28  __scatter_zi.o(!!handler_zi)
    .ARM.Collect$$_printf_percent$$00000000  0x080001a4   Section        0  _printf_percent.o(.ARM.Collect$$_printf_percent$$00000000)
    .ARM.Collect$$_printf_percent$$00000009  0x080001a4   Section        6  _printf_d.o(.ARM.Collect$$_printf_percent$$00000009)
    .ARM.Collect$$_printf_percent$$00000014  0x080001aa   Section        6  _printf_s.o(.ARM.Collect$$_printf_percent$$00000014)
    .ARM.Collect$$_printf_percent$$00000017  0x080001b0   Section        4  _printf_percent_end.o(.ARM.Collect$$_printf_percent$$00000017)
    .ARM.Collect$$libinit$$00000000          0x080001b4   Section        2  libinit.o(.ARM.Collect$$libinit$$00000000)
    .ARM.Collect$$libinit$$00000002          0x080001b6   Section        0  libinit2.o(.ARM.Collect$$libinit$$00000002)
    .ARM.Collect$$libinit$$00000004          0x080001b6   Section        0  libinit2.o(.ARM.Collect$$libinit$$00000004)
    .ARM.Collect$$libinit$$0000000A          0x080001b6   Section        0  libinit2.o(.ARM.Collect$$libinit$$0000000A)
    .ARM.Collect$$libinit$$0000000C          0x080001b6   Section        0  libinit2.o(.ARM.Collect$$libinit$$0000000C)
    .ARM.Collect$$libinit$$0000000E          0x080001b6   Section        0  libinit2.o(.ARM.Collect$$libinit$$0000000E)
    .ARM.Collect$$libinit$$00000011          0x080001b6   Section        0  libinit2.o(.ARM.Collect$$libinit$$00000011)
    .ARM.Collect$$libinit$$00000013          0x080001b6   Section        0  libinit2.o(.ARM.Collect$$libinit$$00000013)
    .ARM.Collect$$libinit$$00000015          0x080001b6   Section        0  libinit2.o(.ARM.Collect$$libinit$$00000015)
    .ARM.Collect$$libinit$$00000017          0x080001b6   Section        0  libinit2.o(.ARM.Collect$$libinit$$00000017)
    .ARM.Collect$$libinit$$00000019          0x080001b6   Section        0  libinit2.o(.ARM.Collect$$libinit$$00000019)
    .ARM.Collect$$libinit$$0000001B          0x080001b6   Section        0  libinit2.o(.ARM.Collect$$libinit$$0000001B)
    .ARM.Collect$$libinit$$0000001D          0x080001b6   Section        0  libinit2.o(.ARM.Collect$$libinit$$0000001D)
    .ARM.Collect$$libinit$$0000001F          0x080001b6   Section        0  libinit2.o(.ARM.Collect$$libinit$$0000001F)
    .ARM.Collect$$libinit$$00000021          0x080001b6   Section        0  libinit2.o(.ARM.Collect$$libinit$$00000021)
    .ARM.Collect$$libinit$$00000023          0x080001b6   Section        0  libinit2.o(.ARM.Collect$$libinit$$00000023)
    .ARM.Collect$$libinit$$00000025          0x080001b6   Section        0  libinit2.o(.ARM.Collect$$libinit$$00000025)
    .ARM.Collect$$libinit$$0000002C          0x080001b6   Section        0  libinit2.o(.ARM.Collect$$libinit$$0000002C)
    .ARM.Collect$$libinit$$0000002E          0x080001b6   Section        0  libinit2.o(.ARM.Collect$$libinit$$0000002E)
    .ARM.Collect$$libinit$$00000030          0x080001b6   Section        0  libinit2.o(.ARM.Collect$$libinit$$00000030)
    .ARM.Collect$$libinit$$00000032          0x080001b6   Section        0  libinit2.o(.ARM.Collect$$libinit$$00000032)
    .ARM.Collect$$libinit$$00000033          0x080001b6   Section        2  libinit2.o(.ARM.Collect$$libinit$$00000033)
    .ARM.Collect$$libshutdown$$00000000      0x080001b8   Section        2  libshutdown.o(.ARM.Collect$$libshutdown$$00000000)
    .ARM.Collect$$libshutdown$$00000002      0x080001ba   Section        0  libshutdown2.o(.ARM.Collect$$libshutdown$$00000002)
    .ARM.Collect$$libshutdown$$00000004      0x080001ba   Section        0  libshutdown2.o(.ARM.Collect$$libshutdown$$00000004)
    .ARM.Collect$$libshutdown$$00000007      0x080001ba   Section        0  libshutdown2.o(.ARM.Collect$$libshutdown$$00000007)
    .ARM.Collect$$libshutdown$$0000000A      0x080001ba   Section        0  libshutdown2.o(.ARM.Collect$$libshutdown$$0000000A)
    .ARM.Collect$$libshutdown$$0000000C      0x080001ba   Section        0  libshutdown2.o(.ARM.Collect$$libshutdown$$0000000C)
    .ARM.Collect$$libshutdown$$0000000F      0x080001ba   Section        0  libshutdown2.o(.ARM.Collect$$libshutdown$$0000000F)
    .ARM.Collect$$libshutdown$$00000010      0x080001ba   Section        2  libshutdown2.o(.ARM.Collect$$libshutdown$$00000010)
    .ARM.Collect$$rtentry$$00000000          0x080001bc   Section        0  __rtentry.o(.ARM.Collect$$rtentry$$00000000)
    .ARM.Collect$$rtentry$$00000002          0x080001bc   Section        0  __rtentry2.o(.ARM.Collect$$rtentry$$00000002)
    .ARM.Collect$$rtentry$$00000004          0x080001bc   Section        6  __rtentry4.o(.ARM.Collect$$rtentry$$00000004)
    .ARM.Collect$$rtentry$$00000009          0x080001c2   Section        0  __rtentry2.o(.ARM.Collect$$rtentry$$00000009)
    .ARM.Collect$$rtentry$$0000000A          0x080001c2   Section        4  __rtentry2.o(.ARM.Collect$$rtentry$$0000000A)
    .ARM.Collect$$rtentry$$0000000C          0x080001c6   Section        0  __rtentry2.o(.ARM.Collect$$rtentry$$0000000C)
    .ARM.Collect$$rtentry$$0000000D          0x080001c6   Section        8  __rtentry2.o(.ARM.Collect$$rtentry$$0000000D)
    .ARM.Collect$$rtexit$$00000000           0x080001ce   Section        2  rtexit.o(.ARM.Collect$$rtexit$$00000000)
    .ARM.Collect$$rtexit$$00000002           0x080001d0   Section        0  rtexit2.o(.ARM.Collect$$rtexit$$00000002)
    .ARM.Collect$$rtexit$$00000003           0x080001d0   Section        4  rtexit2.o(.ARM.Collect$$rtexit$$00000003)
    .ARM.Collect$$rtexit$$00000004           0x080001d4   Section        6  rtexit2.o(.ARM.Collect$$rtexit$$00000004)
    .text                                    0x080001dc   Section       64  startup_stm32f10x_hd.o(.text)
    .text                                    0x0800021c   Section        0  misc.o(.text)
    .text                                    0x080002f8   Section        0  stm32f10x_adc.o(.text)
    .text                                    0x08000748   Section        0  stm32f10x_can.o(.text)
    CheckITStatus                            0x08000f4b   Thumb Code    18  stm32f10x_can.o(.text)
    .text                                    0x08001138   Section        0  stm32f10x_exti.o(.text)
    .text                                    0x08001254   Section        0  stm32f10x_gpio.o(.text)
    .text                                    0x080015b0   Section        0  stm32f10x_rcc.o(.text)
    .text                                    0x08001954   Section        0  stm32f10x_tim.o(.text)
    TI4_Config                               0x08001dfb   Thumb Code   130  stm32f10x_tim.o(.text)
    TI3_Config                               0x08001e8f   Thumb Code   122  stm32f10x_tim.o(.text)
    TI2_Config                               0x08001f23   Thumb Code   130  stm32f10x_tim.o(.text)
    TI1_Config                               0x08001fb7   Thumb Code   108  stm32f10x_tim.o(.text)
    .text                                    0x08002770   Section        0  stm32f10x_usart.o(.text)
    .text                                    0x08002b78   Section        0  system_stm32f10x.o(.text)
    SetSysClockTo72                          0x08002b79   Thumb Code   214  system_stm32f10x.o(.text)
    SetSysClock                              0x08002c4f   Thumb Code     8  system_stm32f10x.o(.text)
    .text                                    0x08002d58   Section        0  main.o(.text)
    .text                                    0x08002f00   Section        0  stm32f10x_it.o(.text)
    .text                                    0x0800306c   Section        0  ra8835.o(.text)
    .text                                    0x0800359c   Section        0  adc.o(.text)
    .text                                    0x08003660   Section        0  key.o(.text)
    .text                                    0x080037e8   Section        0  led.o(.text)
    .text                                    0x08003820   Section        0  delay.o(.text)
    .text                                    0x080038cc   Section        0  sys.o(.text)
    .text                                    0x080038d8   Section        0  usart.o(.text)
    .text                                    0x08003ae8   Section        0  rtc.o(.text)
    .text                                    0x08004260   Section        2  use_no_semi_2.o(.text)
    .text                                    0x08004264   Section        0  noretval__2printf.o(.text)
    .text                                    0x0800427c   Section        0  noretval__2sprintf.o(.text)
    .text                                    0x080042a4   Section        0  _printf_pad.o(.text)
    .text                                    0x080042f2   Section        0  _printf_str.o(.text)
    .text                                    0x08004344   Section        0  _printf_dec.o(.text)
    .text                                    0x080043bc   Section        0  __printf_flags_wp.o(.text)
    .text                                    0x080044f4   Section        0  strlen.o(.text)
    .text                                    0x08004532   Section      100  rt_memcpy_w.o(.text)
    .text                                    0x08004596   Section        0  heapauxi.o(.text)
    .text                                    0x0800459c   Section        2  use_no_semi.o(.text)
    .text                                    0x0800459e   Section        0  _printf_intcommon.o(.text)
    .text                                    0x08004650   Section        0  _printf_char_common.o(.text)
    _printf_input_char                       0x08004651   Thumb Code    10  _printf_char_common.o(.text)
    .text                                    0x08004680   Section        0  _sputc.o(.text)
    .text                                    0x0800468a   Section        0  _printf_char.o(.text)
    .text                                    0x080046b8   Section        0  _printf_char_file.o(.text)
    .text                                    0x080046dc   Section        0  ferror.o(.text)
    .text                                    0x080046e4   Section        8  libspace.o(.text)
    .text                                    0x080046ec   Section       74  sys_stackheap_outer.o(.text)
    .text                                    0x08004736   Section        0  exit.o(.text)
    i._is_digit                              0x08004748   Section        0  __printf_wp.o(i._is_digit)
    .constdata                               0x08004758   Section      300  main.o(.constdata)
    .constdata                               0x08004884   Section       17  __printf_flags_wp.o(.constdata)
    maptable                                 0x08004884   Data          17  __printf_flags_wp.o(.constdata)
    .data                                    0x20000000   Section       20  stm32f10x_rcc.o(.data)
    APBAHBPrescTable                         0x20000000   Data          16  stm32f10x_rcc.o(.data)
    ADCPrescTable                            0x20000010   Data           4  stm32f10x_rcc.o(.data)
    .data                                    0x20000014   Section       20  system_stm32f10x.o(.data)
    .data                                    0x20000028   Section        8  main.o(.data)
    .data                                    0x20000030   Section       19  ra8835.o(.data)
    Dis_Screen_Flag                          0x20000042   Data           1  ra8835.o(.data)
    .data                                    0x20000043   Section        1  key.o(.data)
    key_up                                   0x20000043   Data           1  key.o(.data)
    .data                                    0x20000044   Section        4  delay.o(.data)
    fac_us                                   0x20000044   Data           1  delay.o(.data)
    fac_ms                                   0x20000046   Data           2  delay.o(.data)
    .data                                    0x20000048   Section        5  usart.o(.data)
    .bss                                     0x20000050   Section      480  stm32f10x_it.o(.bss)
    .bss                                     0x20000230   Section       40  can_function.o(.bss)
    .bss                                     0x20000258   Section      150  ra8835.o(.bss)
    .bss                                     0x200002ee   Section       64  usart.o(.bss)
    .bss                                     0x20000330   Section       96  libspace.o(.bss)
    HEAP                                     0x20000390   Section      512  startup_stm32f10x_hd.o(HEAP)
    Heap_Mem                                 0x20000390   Data         512  startup_stm32f10x_hd.o(HEAP)
    STACK                                    0x20000590   Section     1024  startup_stm32f10x_hd.o(STACK)
    Stack_Mem                                0x20000590   Data        1024  startup_stm32f10x_hd.o(STACK)
    __initial_sp                             0x20000990   Data           0  startup_stm32f10x_hd.o(STACK)

    Global Symbols

    Symbol Name                              Value     Ov Type        Size  Object(Section)

    BuildAttributes$$THM_ISAv4$P$D$K$B$S$PE$A:L22UL41UL21$X:L11$S22US41US21$IEEE1$IW$USESV6$~STKCKD$USESV7$~SHL$OTIME$ROPI$IEEEX$EBA8$UX$STANDARDLIB$REQ8$PRES8$EABIv2 0x00000000   Number         0  anon$$obj.o ABSOLUTE
    __ARM_use_no_argv                        0x00000000   Number         0  main.o ABSOLUTE
    _printf_flags                            0x00000000   Number         0  printf_stubs.o ABSOLUTE
    _printf_return_value                     0x00000000   Number         0  printf_stubs.o ABSOLUTE
    _printf_sizespec                         0x00000000   Number         0  printf_stubs.o ABSOLUTE
    _printf_widthprec                        0x00000000   Number         0  printf_stubs.o ABSOLUTE
    __ARM_exceptions_init                     - Undefined Weak Reference
    __alloca_initialize                       - Undefined Weak Reference
    __arm_preinit_                            - Undefined Weak Reference
    __cpp_initialize__aeabi_                  - Undefined Weak Reference
    __cxa_finalize                            - Undefined Weak Reference
    __rt_locale                               - Undefined Weak Reference
    __sigvec_lookup                           - Undefined Weak Reference
    _atexit_init                              - Undefined Weak Reference
    _call_atexit_fns                          - Undefined Weak Reference
    _clock_init                               - Undefined Weak Reference
    _fp_trap_init                             - Undefined Weak Reference
    _fp_trap_shutdown                         - Undefined Weak Reference
    _get_lc_collate                           - Undefined Weak Reference
    _get_lc_ctype                             - Undefined Weak Reference
    _get_lc_monetary                          - Undefined Weak Reference
    _get_lc_numeric                           - Undefined Weak Reference
    _get_lc_time                              - Undefined Weak Reference
    _getenv_init                              - Undefined Weak Reference
    _handle_redirection                       - Undefined Weak Reference
    _init_alloc                               - Undefined Weak Reference
    _init_user_alloc                          - Undefined Weak Reference
    _initio                                   - Undefined Weak Reference
    _mutex_acquire                            - Undefined Weak Reference
    _mutex_release                            - Undefined Weak Reference
    _printf_mbtowc                            - Undefined Weak Reference
    _printf_truncate_signed                   - Undefined Weak Reference
    _printf_truncate_unsigned                 - Undefined Weak Reference
    _rand_init                                - Undefined Weak Reference
    _signal_finish                            - Undefined Weak Reference
    _signal_init                              - Undefined Weak Reference
    _terminate_alloc                          - Undefined Weak Reference
    _terminate_user_alloc                     - Undefined Weak Reference
    _terminateio                              - Undefined Weak Reference
    __Vectors_Size                           0x00000130   Number         0  startup_stm32f10x_hd.o ABSOLUTE
    __Vectors                                0x08000000   Data           4  startup_stm32f10x_hd.o(RESET)
    __Vectors_End                            0x08000130   Data           0  startup_stm32f10x_hd.o(RESET)
    __main                                   0x08000131   Thumb Code     8  __main.o(!!!main)
    __scatterload                            0x08000139   Thumb Code     0  __scatter.o(!!!scatter)
    __scatterload_rt2                        0x08000139   Thumb Code    44  __scatter.o(!!!scatter)
    __scatterload_rt2_thumb_only             0x08000139   Thumb Code     0  __scatter.o(!!!scatter)
    __scatterload_null                       0x08000147   Thumb Code     0  __scatter.o(!!!scatter)
    __scatterload_copy                       0x0800016d   Thumb Code    26  __scatter_copy.o(!!handler_copy)
    __scatterload_zeroinit                   0x08000189   Thumb Code    28  __scatter_zi.o(!!handler_zi)
    _printf_d                                0x080001a5   Thumb Code     0  _printf_d.o(.ARM.Collect$$_printf_percent$$00000009)
    _printf_percent                          0x080001a5   Thumb Code     0  _printf_percent.o(.ARM.Collect$$_printf_percent$$00000000)
    _printf_s                                0x080001ab   Thumb Code     0  _printf_s.o(.ARM.Collect$$_printf_percent$$00000014)
    _printf_percent_end                      0x080001b1   Thumb Code     0  _printf_percent_end.o(.ARM.Collect$$_printf_percent$$00000017)
    __rt_lib_init                            0x080001b5   Thumb Code     0  libinit.o(.ARM.Collect$$libinit$$00000000)
    __rt_lib_init_alloca_1                   0x080001b7   Thumb Code     0  libinit2.o(.ARM.Collect$$libinit$$0000002E)
    __rt_lib_init_argv_1                     0x080001b7   Thumb Code     0  libinit2.o(.ARM.Collect$$libinit$$0000002C)
    __rt_lib_init_atexit_1                   0x080001b7   Thumb Code     0  libinit2.o(.ARM.Collect$$libinit$$0000001B)
    __rt_lib_init_clock_1                    0x080001b7   Thumb Code     0  libinit2.o(.ARM.Collect$$libinit$$00000021)
    __rt_lib_init_cpp_1                      0x080001b7   Thumb Code     0  libinit2.o(.ARM.Collect$$libinit$$00000032)
    __rt_lib_init_exceptions_1               0x080001b7   Thumb Code     0  libinit2.o(.ARM.Collect$$libinit$$00000030)
    __rt_lib_init_fp_1                       0x080001b7   Thumb Code     0  libinit2.o(.ARM.Collect$$libinit$$00000002)
    __rt_lib_init_fp_trap_1                  0x080001b7   Thumb Code     0  libinit2.o(.ARM.Collect$$libinit$$0000001F)
    __rt_lib_init_getenv_1                   0x080001b7   Thumb Code     0  libinit2.o(.ARM.Collect$$libinit$$00000023)
    __rt_lib_init_heap_1                     0x080001b7   Thumb Code     0  libinit2.o(.ARM.Collect$$libinit$$0000000A)
    __rt_lib_init_lc_collate_1               0x080001b7   Thumb Code     0  libinit2.o(.ARM.Collect$$libinit$$00000011)
    __rt_lib_init_lc_ctype_1                 0x080001b7   Thumb Code     0  libinit2.o(.ARM.Collect$$libinit$$00000013)
    __rt_lib_init_lc_monetary_1              0x080001b7   Thumb Code     0  libinit2.o(.ARM.Collect$$libinit$$00000015)
    __rt_lib_init_lc_numeric_1               0x080001b7   Thumb Code     0  libinit2.o(.ARM.Collect$$libinit$$00000017)
    __rt_lib_init_lc_time_1                  0x080001b7   Thumb Code     0  libinit2.o(.ARM.Collect$$libinit$$00000019)
    __rt_lib_init_preinit_1                  0x080001b7   Thumb Code     0  libinit2.o(.ARM.Collect$$libinit$$00000004)
    __rt_lib_init_rand_1                     0x080001b7   Thumb Code     0  libinit2.o(.ARM.Collect$$libinit$$0000000E)
    __rt_lib_init_return                     0x080001b7   Thumb Code     0  libinit2.o(.ARM.Collect$$libinit$$00000033)
    __rt_lib_init_signal_1                   0x080001b7   Thumb Code     0  libinit2.o(.ARM.Collect$$libinit$$0000001D)
    __rt_lib_init_stdio_1                    0x080001b7   Thumb Code     0  libinit2.o(.ARM.Collect$$libinit$$00000025)
    __rt_lib_init_user_alloc_1               0x080001b7   Thumb Code     0  libinit2.o(.ARM.Collect$$libinit$$0000000C)
    __rt_lib_shutdown                        0x080001b9   Thumb Code     0  libshutdown.o(.ARM.Collect$$libshutdown$$00000000)
    __rt_lib_shutdown_cpp_1                  0x080001bb   Thumb Code     0  libshutdown2.o(.ARM.Collect$$libshutdown$$00000002)
    __rt_lib_shutdown_fp_trap_1              0x080001bb   Thumb Code     0  libshutdown2.o(.ARM.Collect$$libshutdown$$00000007)
    __rt_lib_shutdown_heap_1                 0x080001bb   Thumb Code     0  libshutdown2.o(.ARM.Collect$$libshutdown$$0000000F)
    __rt_lib_shutdown_return                 0x080001bb   Thumb Code     0  libshutdown2.o(.ARM.Collect$$libshutdown$$00000010)
    __rt_lib_shutdown_signal_1               0x080001bb   Thumb Code     0  libshutdown2.o(.ARM.Collect$$libshutdown$$0000000A)
    __rt_lib_shutdown_stdio_1                0x080001bb   Thumb Code     0  libshutdown2.o(.ARM.Collect$$libshutdown$$00000004)
    __rt_lib_shutdown_user_alloc_1           0x080001bb   Thumb Code     0  libshutdown2.o(.ARM.Collect$$libshutdown$$0000000C)
    __rt_entry                               0x080001bd   Thumb Code     0  __rtentry.o(.ARM.Collect$$rtentry$$00000000)
    __rt_entry_presh_1                       0x080001bd   Thumb Code     0  __rtentry2.o(.ARM.Collect$$rtentry$$00000002)
    __rt_entry_sh                            0x080001bd   Thumb Code     0  __rtentry4.o(.ARM.Collect$$rtentry$$00000004)
    __rt_entry_li                            0x080001c3   Thumb Code     0  __rtentry2.o(.ARM.Collect$$rtentry$$0000000A)
    __rt_entry_postsh_1                      0x080001c3   Thumb Code     0  __rtentry2.o(.ARM.Collect$$rtentry$$00000009)
    __rt_entry_main                          0x080001c7   Thumb Code     0  __rtentry2.o(.ARM.Collect$$rtentry$$0000000D)
    __rt_entry_postli_1                      0x080001c7   Thumb Code     0  __rtentry2.o(.ARM.Collect$$rtentry$$0000000C)
    __rt_exit                                0x080001cf   Thumb Code     0  rtexit.o(.ARM.Collect$$rtexit$$00000000)
    __rt_exit_ls                             0x080001d1   Thumb Code     0  rtexit2.o(.ARM.Collect$$rtexit$$00000003)
    __rt_exit_prels_1                        0x080001d1   Thumb Code     0  rtexit2.o(.ARM.Collect$$rtexit$$00000002)
    __rt_exit_exit                           0x080001d5   Thumb Code     0  rtexit2.o(.ARM.Collect$$rtexit$$00000004)
    Reset_Handler                            0x080001dd   Thumb Code     8  startup_stm32f10x_hd.o(.text)
    ADC1_2_IRQHandler                        0x080001f7   Thumb Code     0  startup_stm32f10x_hd.o(.text)
    ADC3_IRQHandler                          0x080001f7   Thumb Code     0  startup_stm32f10x_hd.o(.text)
    CAN1_RX1_IRQHandler                      0x080001f7   Thumb Code     0  startup_stm32f10x_hd.o(.text)
    CAN1_SCE_IRQHandler                      0x080001f7   Thumb Code     0  startup_stm32f10x_hd.o(.text)
    DMA1_Channel1_IRQHandler                 0x080001f7   Thumb Code     0  startup_stm32f10x_hd.o(.text)
    DMA1_Channel2_IRQHandler                 0x080001f7   Thumb Code     0  startup_stm32f10x_hd.o(.text)
    DMA1_Channel3_IRQHandler                 0x080001f7   Thumb Code     0  startup_stm32f10x_hd.o(.text)
    DMA1_Channel4_IRQHandler                 0x080001f7   Thumb Code     0  startup_stm32f10x_hd.o(.text)
    DMA1_Channel5_IRQHandler                 0x080001f7   Thumb Code     0  startup_stm32f10x_hd.o(.text)
    DMA1_Channel6_IRQHandler                 0x080001f7   Thumb Code     0  startup_stm32f10x_hd.o(.text)
    DMA1_Channel7_IRQHandler                 0x080001f7   Thumb Code     0  startup_stm32f10x_hd.o(.text)
    DMA2_Channel1_IRQHandler                 0x080001f7   Thumb Code     0  startup_stm32f10x_hd.o(.text)
    DMA2_Channel2_IRQHandler                 0x080001f7   Thumb Code     0  startup_stm32f10x_hd.o(.text)
    DMA2_Channel3_IRQHandler                 0x080001f7   Thumb Code     0  startup_stm32f10x_hd.o(.text)
    DMA2_Channel4_5_IRQHandler               0x080001f7   Thumb Code     0  startup_stm32f10x_hd.o(.text)
    FLASH_IRQHandler                         0x080001f7   Thumb Code     0  startup_stm32f10x_hd.o(.text)
    FSMC_IRQHandler                          0x080001f7   Thumb Code     0  startup_stm32f10x_hd.o(.text)
    I2C1_ER_IRQHandler                       0x080001f7   Thumb Code     0  startup_stm32f10x_hd.o(.text)
    I2C1_EV_IRQHandler                       0x080001f7   Thumb Code     0  startup_stm32f10x_hd.o(.text)
    I2C2_ER_IRQHandler                       0x080001f7   Thumb Code     0  startup_stm32f10x_hd.o(.text)
    I2C2_EV_IRQHandler                       0x080001f7   Thumb Code     0  startup_stm32f10x_hd.o(.text)
    PVD_IRQHandler                           0x080001f7   Thumb Code     0  startup_stm32f10x_hd.o(.text)
    RCC_IRQHandler                           0x080001f7   Thumb Code     0  startup_stm32f10x_hd.o(.text)
    RTCAlarm_IRQHandler                      0x080001f7   Thumb Code     0  startup_stm32f10x_hd.o(.text)
    RTC_IRQHandler                           0x080001f7   Thumb Code     0  startup_stm32f10x_hd.o(.text)
    SDIO_IRQHandler                          0x080001f7   Thumb Code     0  startup_stm32f10x_hd.o(.text)
    SPI1_IRQHandler                          0x080001f7   Thumb Code     0  startup_stm32f10x_hd.o(.text)
    SPI2_IRQHandler                          0x080001f7   Thumb Code     0  startup_stm32f10x_hd.o(.text)
    SPI3_IRQHandler                          0x080001f7   Thumb Code     0  startup_stm32f10x_hd.o(.text)
    TAMPER_IRQHandler                        0x080001f7   Thumb Code     0  startup_stm32f10x_hd.o(.text)
    TIM1_BRK_IRQHandler                      0x080001f7   Thumb Code     0  startup_stm32f10x_hd.o(.text)
    TIM1_CC_IRQHandler                       0x080001f7   Thumb Code     0  startup_stm32f10x_hd.o(.text)
    TIM1_TRG_COM_IRQHandler                  0x080001f7   Thumb Code     0  startup_stm32f10x_hd.o(.text)
    TIM1_UP_IRQHandler                       0x080001f7   Thumb Code     0  startup_stm32f10x_hd.o(.text)
    TIM3_IRQHandler                          0x080001f7   Thumb Code     0  startup_stm32f10x_hd.o(.text)
    TIM4_IRQHandler                          0x080001f7   Thumb Code     0  startup_stm32f10x_hd.o(.text)
    TIM5_IRQHandler                          0x080001f7   Thumb Code     0  startup_stm32f10x_hd.o(.text)
    TIM6_IRQHandler                          0x080001f7   Thumb Code     0  startup_stm32f10x_hd.o(.text)
    TIM7_IRQHandler                          0x080001f7   Thumb Code     0  startup_stm32f10x_hd.o(.text)
    TIM8_BRK_IRQHandler                      0x080001f7   Thumb Code     0  startup_stm32f10x_hd.o(.text)
    TIM8_CC_IRQHandler                       0x080001f7   Thumb Code     0  startup_stm32f10x_hd.o(.text)
    TIM8_TRG_COM_IRQHandler                  0x080001f7   Thumb Code     0  startup_stm32f10x_hd.o(.text)
    TIM8_UP_IRQHandler                       0x080001f7   Thumb Code     0  startup_stm32f10x_hd.o(.text)
    UART4_IRQHandler                         0x080001f7   Thumb Code     0  startup_stm32f10x_hd.o(.text)
    UART5_IRQHandler                         0x080001f7   Thumb Code     0  startup_stm32f10x_hd.o(.text)
    USART2_IRQHandler                        0x080001f7   Thumb Code     0  startup_stm32f10x_hd.o(.text)
    USART3_IRQHandler                        0x080001f7   Thumb Code     0  startup_stm32f10x_hd.o(.text)
    USBWakeUp_IRQHandler                     0x080001f7   Thumb Code     0  startup_stm32f10x_hd.o(.text)
    USB_HP_CAN1_TX_IRQHandler                0x080001f7   Thumb Code     0  startup_stm32f10x_hd.o(.text)
    WWDG_IRQHandler                          0x080001f7   Thumb Code     0  startup_stm32f10x_hd.o(.text)
    __user_initial_stackheap                 0x080001f9   Thumb Code     0  startup_stm32f10x_hd.o(.text)
    NVIC_PriorityGroupConfig                 0x0800021d   Thumb Code    10  misc.o(.text)
    NVIC_Init                                0x08000227   Thumb Code   100  misc.o(.text)
    NVIC_SetVectorTable                      0x0800028b   Thumb Code    14  misc.o(.text)
    NVIC_SystemLPConfig                      0x08000299   Thumb Code    34  misc.o(.text)
    SysTick_CLKSourceConfig                  0x080002bb   Thumb Code    40  misc.o(.text)
    ADC_DeInit                               0x080002f9   Thumb Code    78  stm32f10x_adc.o(.text)
    ADC_Init                                 0x08000347   Thumb Code    70  stm32f10x_adc.o(.text)
    ADC_StructInit                           0x0800038d   Thumb Code    18  stm32f10x_adc.o(.text)
    ADC_Cmd                                  0x0800039f   Thumb Code    22  stm32f10x_adc.o(.text)
    ADC_DMACmd                               0x080003b5   Thumb Code    22  stm32f10x_adc.o(.text)
    ADC_ITConfig                             0x080003cb   Thumb Code    24  stm32f10x_adc.o(.text)
    ADC_ResetCalibration                     0x080003e3   Thumb Code    10  stm32f10x_adc.o(.text)
    ADC_GetResetCalibrationStatus            0x080003ed   Thumb Code    20  stm32f10x_adc.o(.text)
    ADC_StartCalibration                     0x08000401   Thumb Code    10  stm32f10x_adc.o(.text)
    ADC_GetCalibrationStatus                 0x0800040b   Thumb Code    20  stm32f10x_adc.o(.text)
    ADC_SoftwareStartConvCmd                 0x0800041f   Thumb Code    22  stm32f10x_adc.o(.text)
    ADC_GetSoftwareStartConvStatus           0x08000435   Thumb Code    20  stm32f10x_adc.o(.text)
    ADC_DiscModeChannelCountConfig           0x08000449   Thumb Code    24  stm32f10x_adc.o(.text)
    ADC_DiscModeCmd                          0x08000461   Thumb Code    22  stm32f10x_adc.o(.text)
    ADC_RegularChannelConfig                 0x08000477   Thumb Code   184  stm32f10x_adc.o(.text)
    ADC_ExternalTrigConvCmd                  0x0800052f   Thumb Code    22  stm32f10x_adc.o(.text)
    ADC_GetConversionValue                   0x08000545   Thumb Code     8  stm32f10x_adc.o(.text)
    ADC_GetDualModeConversionValue           0x0800054d   Thumb Code     8  stm32f10x_adc.o(.text)
    ADC_AutoInjectedConvCmd                  0x08000555   Thumb Code    22  stm32f10x_adc.o(.text)
    ADC_InjectedDiscModeCmd                  0x0800056b   Thumb Code    22  stm32f10x_adc.o(.text)
    ADC_ExternalTrigInjectedConvConfig       0x08000581   Thumb Code    16  stm32f10x_adc.o(.text)
    ADC_ExternalTrigInjectedConvCmd          0x08000591   Thumb Code    22  stm32f10x_adc.o(.text)
    ADC_SoftwareStartInjectedConvCmd         0x080005a7   Thumb Code    22  stm32f10x_adc.o(.text)
    ADC_GetSoftwareStartInjectedConvCmdStatus 0x080005bd   Thumb Code    20  stm32f10x_adc.o(.text)
    ADC_InjectedChannelConfig                0x080005d1   Thumb Code   130  stm32f10x_adc.o(.text)
    ADC_InjectedSequencerLengthConfig        0x08000653   Thumb Code    24  stm32f10x_adc.o(.text)
    ADC_SetInjectedOffset                    0x0800066b   Thumb Code    20  stm32f10x_adc.o(.text)
    ADC_GetInjectedConversionValue           0x0800067f   Thumb Code    28  stm32f10x_adc.o(.text)
    ADC_AnalogWatchdogCmd                    0x0800069b   Thumb Code    16  stm32f10x_adc.o(.text)
    ADC_AnalogWatchdogThresholdsConfig       0x080006ab   Thumb Code     6  stm32f10x_adc.o(.text)
    ADC_AnalogWatchdogSingleChannelConfig    0x080006b1   Thumb Code    16  stm32f10x_adc.o(.text)
    ADC_TempSensorVrefintCmd                 0x080006c1   Thumb Code    64  stm32f10x_adc.o(.text)
    ADC_GetFlagStatus                        0x08000701   Thumb Code    18  stm32f10x_adc.o(.text)
    ADC_ClearFlag                            0x08000713   Thumb Code     6  stm32f10x_adc.o(.text)
    ADC_GetITStatus                          0x08000719   Thumb Code    36  stm32f10x_adc.o(.text)
    ADC_ClearITPendingBit                    0x0800073d   Thumb Code    10  stm32f10x_adc.o(.text)
    CAN_DeInit                               0x08000749   Thumb Code    50  stm32f10x_can.o(.text)
    CAN_Init                                 0x0800077b   Thumb Code   276  stm32f10x_can.o(.text)
    CAN_FilterInit                           0x0800088f   Thumb Code   258  stm32f10x_can.o(.text)
    CAN_StructInit                           0x08000991   Thumb Code    32  stm32f10x_can.o(.text)
    CAN_SlaveStartBank                       0x080009b1   Thumb Code    48  stm32f10x_can.o(.text)
    CAN_DBGFreeze                            0x080009e1   Thumb Code    22  stm32f10x_can.o(.text)
    CAN_TTComModeCmd                         0x080009f7   Thumb Code   118  stm32f10x_can.o(.text)
    CAN_Transmit                             0x08000a6d   Thumb Code   304  stm32f10x_can.o(.text)
    CAN_TransmitStatus                       0x08000b9d   Thumb Code   138  stm32f10x_can.o(.text)
    CAN_CancelTransmit                       0x08000c27   Thumb Code    48  stm32f10x_can.o(.text)
    CAN_Receive                              0x08000c57   Thumb Code   240  stm32f10x_can.o(.text)
    CAN_FIFORelease                          0x08000d47   Thumb Code    22  stm32f10x_can.o(.text)
    CAN_MessagePending                       0x08000d5d   Thumb Code    30  stm32f10x_can.o(.text)
    CAN_OperatingModeRequest                 0x08000d7b   Thumb Code   162  stm32f10x_can.o(.text)
    CAN_Sleep                                0x08000e1d   Thumb Code    30  stm32f10x_can.o(.text)
    CAN_WakeUp                               0x08000e3b   Thumb Code    48  stm32f10x_can.o(.text)
    CAN_GetLastErrorCode                     0x08000e6b   Thumb Code    12  stm32f10x_can.o(.text)
    CAN_GetReceiveErrorCounter               0x08000e77   Thumb Code    10  stm32f10x_can.o(.text)
    CAN_GetLSBTransmitErrorCounter           0x08000e81   Thumb Code    12  stm32f10x_can.o(.text)
    CAN_ITConfig                             0x08000e8d   Thumb Code    18  stm32f10x_can.o(.text)
    CAN_GetFlagStatus                        0x08000e9f   Thumb Code   120  stm32f10x_can.o(.text)
    CAN_ClearFlag                            0x08000f17   Thumb Code    52  stm32f10x_can.o(.text)
    CAN_GetITStatus                          0x08000f5d   Thumb Code   310  stm32f10x_can.o(.text)
    CAN_ClearITPendingBit                    0x08001093   Thumb Code   162  stm32f10x_can.o(.text)
    EXTI_DeInit                              0x08001139   Thumb Code    28  stm32f10x_exti.o(.text)
    EXTI_Init                                0x08001155   Thumb Code   142  stm32f10x_exti.o(.text)
    EXTI_StructInit                          0x080011e3   Thumb Code    16  stm32f10x_exti.o(.text)
    EXTI_GenerateSWInterrupt                 0x080011f3   Thumb Code    16  stm32f10x_exti.o(.text)
    EXTI_GetFlagStatus                       0x08001203   Thumb Code    22  stm32f10x_exti.o(.text)
    EXTI_ClearFlag                           0x08001219   Thumb Code     8  stm32f10x_exti.o(.text)
    EXTI_GetITStatus                         0x08001221   Thumb Code    34  stm32f10x_exti.o(.text)
    EXTI_ClearITPendingBit                   0x08001243   Thumb Code     8  stm32f10x_exti.o(.text)
    GPIO_DeInit                              0x08001255   Thumb Code   172  stm32f10x_gpio.o(.text)
    GPIO_AFIODeInit                          0x08001301   Thumb Code    20  stm32f10x_gpio.o(.text)
    GPIO_Init                                0x08001315   Thumb Code   278  stm32f10x_gpio.o(.text)
    GPIO_StructInit                          0x0800142b   Thumb Code    16  stm32f10x_gpio.o(.text)
    GPIO_ReadInputDataBit                    0x0800143b   Thumb Code    18  stm32f10x_gpio.o(.text)
    GPIO_ReadInputData                       0x0800144d   Thumb Code     8  stm32f10x_gpio.o(.text)
    GPIO_ReadOutputDataBit                   0x08001455   Thumb Code    18  stm32f10x_gpio.o(.text)
    GPIO_ReadOutputData                      0x08001467   Thumb Code     8  stm32f10x_gpio.o(.text)
    GPIO_SetBits                             0x0800146f   Thumb Code     4  stm32f10x_gpio.o(.text)
    GPIO_ResetBits                           0x08001473   Thumb Code     4  stm32f10x_gpio.o(.text)
    GPIO_WriteBit                            0x08001477   Thumb Code    10  stm32f10x_gpio.o(.text)
    GPIO_Write                               0x08001481   Thumb Code     4  stm32f10x_gpio.o(.text)
    GPIO_PinLockConfig                       0x08001485   Thumb Code    18  stm32f10x_gpio.o(.text)
    GPIO_EventOutputConfig                   0x08001497   Thumb Code    26  stm32f10x_gpio.o(.text)
    GPIO_EventOutputCmd                      0x080014b1   Thumb Code     6  stm32f10x_gpio.o(.text)
    GPIO_PinRemapConfig                      0x080014b7   Thumb Code   138  stm32f10x_gpio.o(.text)
    GPIO_EXTILineConfig                      0x08001541   Thumb Code    66  stm32f10x_gpio.o(.text)
    GPIO_ETH_MediaInterfaceConfig            0x08001583   Thumb Code     8  stm32f10x_gpio.o(.text)
    RCC_DeInit                               0x080015b1   Thumb Code    64  stm32f10x_rcc.o(.text)
    RCC_HSEConfig                            0x080015f1   Thumb Code    70  stm32f10x_rcc.o(.text)
    RCC_GetFlagStatus                        0x08001637   Thumb Code    56  stm32f10x_rcc.o(.text)
    RCC_WaitForHSEStartUp                    0x0800166f   Thumb Code    56  stm32f10x_rcc.o(.text)
    RCC_AdjustHSICalibrationValue            0x080016a7   Thumb Code    20  stm32f10x_rcc.o(.text)
    RCC_HSICmd                               0x080016bb   Thumb Code     6  stm32f10x_rcc.o(.text)
    RCC_PLLConfig                            0x080016c1   Thumb Code    24  stm32f10x_rcc.o(.text)
    RCC_PLLCmd                               0x080016d9   Thumb Code     6  stm32f10x_rcc.o(.text)
    RCC_SYSCLKConfig                         0x080016df   Thumb Code    18  stm32f10x_rcc.o(.text)
    RCC_GetSYSCLKSource                      0x080016f1   Thumb Code    10  stm32f10x_rcc.o(.text)
    RCC_HCLKConfig                           0x080016fb   Thumb Code    18  stm32f10x_rcc.o(.text)
    RCC_PCLK1Config                          0x0800170d   Thumb Code    18  stm32f10x_rcc.o(.text)
    RCC_PCLK2Config                          0x0800171f   Thumb Code    20  stm32f10x_rcc.o(.text)
    RCC_ITConfig                             0x08001733   Thumb Code    26  stm32f10x_rcc.o(.text)
    RCC_USBCLKConfig                         0x0800174d   Thumb Code     8  stm32f10x_rcc.o(.text)
    RCC_ADCCLKConfig                         0x08001755   Thumb Code    18  stm32f10x_rcc.o(.text)
    RCC_LSEConfig                            0x08001767   Thumb Code    50  stm32f10x_rcc.o(.text)
    RCC_LSICmd                               0x08001799   Thumb Code     6  stm32f10x_rcc.o(.text)
    RCC_RTCCLKConfig                         0x0800179f   Thumb Code    12  stm32f10x_rcc.o(.text)
    RCC_RTCCLKCmd                            0x080017ab   Thumb Code     8  stm32f10x_rcc.o(.text)
    RCC_GetClocksFreq                        0x080017b3   Thumb Code   192  stm32f10x_rcc.o(.text)
    RCC_AHBPeriphClockCmd                    0x08001873   Thumb Code    26  stm32f10x_rcc.o(.text)
    RCC_APB2PeriphClockCmd                   0x0800188d   Thumb Code    26  stm32f10x_rcc.o(.text)
    RCC_APB1PeriphClockCmd                   0x080018a7   Thumb Code    26  stm32f10x_rcc.o(.text)
    RCC_APB2PeriphResetCmd                   0x080018c1   Thumb Code    26  stm32f10x_rcc.o(.text)
    RCC_APB1PeriphResetCmd                   0x080018db   Thumb Code    26  stm32f10x_rcc.o(.text)
    RCC_BackupResetCmd                       0x080018f5   Thumb Code     8  stm32f10x_rcc.o(.text)
    RCC_ClockSecuritySystemCmd               0x080018fd   Thumb Code     6  stm32f10x_rcc.o(.text)
    RCC_MCOConfig                            0x08001903   Thumb Code     6  stm32f10x_rcc.o(.text)
    RCC_ClearFlag                            0x08001909   Thumb Code    14  stm32f10x_rcc.o(.text)
    RCC_GetITStatus                          0x08001917   Thumb Code    20  stm32f10x_rcc.o(.text)
    RCC_ClearITPendingBit                    0x0800192b   Thumb Code     6  stm32f10x_rcc.o(.text)
    TIM_DeInit                               0x08001955   Thumb Code   424  stm32f10x_tim.o(.text)
    TIM_TimeBaseInit                         0x08001afd   Thumb Code   122  stm32f10x_tim.o(.text)
    TIM_OC1Init                              0x08001b77   Thumb Code   132  stm32f10x_tim.o(.text)
    TIM_OC2Init                              0x08001bfb   Thumb Code   154  stm32f10x_tim.o(.text)
    TIM_OC3Init                              0x08001c95   Thumb Code   150  stm32f10x_tim.o(.text)
    TIM_OC4Init                              0x08001d2b   Thumb Code   182  stm32f10x_tim.o(.text)
    TIM_SetIC4Prescaler                      0x08001de1   Thumb Code    26  stm32f10x_tim.o(.text)
    TIM_SetIC3Prescaler                      0x08001e7d   Thumb Code    18  stm32f10x_tim.o(.text)
    TIM_SetIC2Prescaler                      0x08001f09   Thumb Code    26  stm32f10x_tim.o(.text)
    TIM_SetIC1Prescaler                      0x08001fa5   Thumb Code    18  stm32f10x_tim.o(.text)
    TIM_ICInit                               0x08002023   Thumb Code   150  stm32f10x_tim.o(.text)
    TIM_PWMIConfig                           0x080020b9   Thumb Code   124  stm32f10x_tim.o(.text)
    TIM_BDTRConfig                           0x08002135   Thumb Code    32  stm32f10x_tim.o(.text)
    TIM_TimeBaseStructInit                   0x08002155   Thumb Code    18  stm32f10x_tim.o(.text)
    TIM_OCStructInit                         0x08002167   Thumb Code    20  stm32f10x_tim.o(.text)
    TIM_ICStructInit                         0x0800217b   Thumb Code    18  stm32f10x_tim.o(.text)
    TIM_BDTRStructInit                       0x0800218d   Thumb Code    40  stm32f10x_tim.o(.text)
    TIM_Cmd                                  0x080021b5   Thumb Code    24  stm32f10x_tim.o(.text)
    TIM_CtrlPWMOutputs                       0x080021cd   Thumb Code    30  stm32f10x_tim.o(.text)
    TIM_ITConfig                             0x080021eb   Thumb Code    18  stm32f10x_tim.o(.text)
    TIM_GenerateEvent                        0x080021fd   Thumb Code     4  stm32f10x_tim.o(.text)
    TIM_DMAConfig                            0x08002201   Thumb Code    10  stm32f10x_tim.o(.text)
    TIM_DMACmd                               0x0800220b   Thumb Code    18  stm32f10x_tim.o(.text)
    TIM_InternalClockConfig                  0x0800221d   Thumb Code    12  stm32f10x_tim.o(.text)
    TIM_SelectInputTrigger                   0x08002229   Thumb Code    18  stm32f10x_tim.o(.text)
    TIM_ITRxExternalClockConfig              0x0800223b   Thumb Code    24  stm32f10x_tim.o(.text)
    TIM_TIxExternalClockConfig               0x08002253   Thumb Code    62  stm32f10x_tim.o(.text)
    TIM_ETRConfig                            0x08002291   Thumb Code    28  stm32f10x_tim.o(.text)
    TIM_ETRClockMode1Config                  0x080022ad   Thumb Code    54  stm32f10x_tim.o(.text)
    TIM_ETRClockMode2Config                  0x080022e3   Thumb Code    32  stm32f10x_tim.o(.text)
    TIM_PrescalerConfig                      0x08002303   Thumb Code     6  stm32f10x_tim.o(.text)
    TIM_CounterModeConfig                    0x08002309   Thumb Code    18  stm32f10x_tim.o(.text)
    TIM_EncoderInterfaceConfig               0x0800231b   Thumb Code    66  stm32f10x_tim.o(.text)
    TIM_ForcedOC1Config                      0x0800235d   Thumb Code    18  stm32f10x_tim.o(.text)
    TIM_ForcedOC2Config                      0x0800236f   Thumb Code    26  stm32f10x_tim.o(.text)
    TIM_ForcedOC3Config                      0x08002389   Thumb Code    18  stm32f10x_tim.o(.text)
    TIM_ForcedOC4Config                      0x0800239b   Thumb Code    26  stm32f10x_tim.o(.text)
    TIM_ARRPreloadConfig                     0x080023b5   Thumb Code    24  stm32f10x_tim.o(.text)
    TIM_SelectCOM                            0x080023cd   Thumb Code    24  stm32f10x_tim.o(.text)
    TIM_SelectCCDMA                          0x080023e5   Thumb Code    24  stm32f10x_tim.o(.text)
    TIM_CCPreloadControl                     0x080023fd   Thumb Code    24  stm32f10x_tim.o(.text)
    TIM_OC1PreloadConfig                     0x08002415   Thumb Code    18  stm32f10x_tim.o(.text)
    TIM_OC2PreloadConfig                     0x08002427   Thumb Code    26  stm32f10x_tim.o(.text)
    TIM_OC3PreloadConfig                     0x08002441   Thumb Code    18  stm32f10x_tim.o(.text)
    TIM_OC4PreloadConfig                     0x08002453   Thumb Code    26  stm32f10x_tim.o(.text)
    TIM_OC1FastConfig                        0x0800246d   Thumb Code    18  stm32f10x_tim.o(.text)
    TIM_OC2FastConfig                        0x0800247f   Thumb Code    26  stm32f10x_tim.o(.text)
    TIM_OC3FastConfig                        0x08002499   Thumb Code    18  stm32f10x_tim.o(.text)
    TIM_OC4FastConfig                        0x080024ab   Thumb Code    26  stm32f10x_tim.o(.text)
    TIM_ClearOC1Ref                          0x080024c5   Thumb Code    18  stm32f10x_tim.o(.text)
    TIM_ClearOC2Ref                          0x080024d7   Thumb Code    24  stm32f10x_tim.o(.text)
    TIM_ClearOC3Ref                          0x080024ef   Thumb Code    18  stm32f10x_tim.o(.text)
    TIM_ClearOC4Ref                          0x08002501   Thumb Code    24  stm32f10x_tim.o(.text)
    TIM_OC1PolarityConfig                    0x08002519   Thumb Code    18  stm32f10x_tim.o(.text)
    TIM_OC1NPolarityConfig                   0x0800252b   Thumb Code    18  stm32f10x_tim.o(.text)
    TIM_OC2PolarityConfig                    0x0800253d   Thumb Code    26  stm32f10x_tim.o(.text)
    TIM_OC2NPolarityConfig                   0x08002557   Thumb Code    26  stm32f10x_tim.o(.text)
    TIM_OC3PolarityConfig                    0x08002571   Thumb Code    26  stm32f10x_tim.o(.text)
    TIM_OC3NPolarityConfig                   0x0800258b   Thumb Code    26  stm32f10x_tim.o(.text)
    TIM_OC4PolarityConfig                    0x080025a5   Thumb Code    26  stm32f10x_tim.o(.text)
    TIM_CCxCmd                               0x080025bf   Thumb Code    30  stm32f10x_tim.o(.text)
    TIM_CCxNCmd                              0x080025dd   Thumb Code    30  stm32f10x_tim.o(.text)
    TIM_SelectOCxM                           0x080025fb   Thumb Code    82  stm32f10x_tim.o(.text)
    TIM_UpdateDisableConfig                  0x0800264d   Thumb Code    24  stm32f10x_tim.o(.text)
    TIM_UpdateRequestConfig                  0x08002665   Thumb Code    24  stm32f10x_tim.o(.text)
    TIM_SelectHallSensor                     0x0800267d   Thumb Code    24  stm32f10x_tim.o(.text)
    TIM_SelectOnePulseMode                   0x08002695   Thumb Code    18  stm32f10x_tim.o(.text)
    TIM_SelectOutputTrigger                  0x080026a7   Thumb Code    18  stm32f10x_tim.o(.text)
    TIM_SelectSlaveMode                      0x080026b9   Thumb Code    18  stm32f10x_tim.o(.text)
    TIM_SelectMasterSlaveMode                0x080026cb   Thumb Code    18  stm32f10x_tim.o(.text)
    TIM_SetCounter                           0x080026dd   Thumb Code     4  stm32f10x_tim.o(.text)
    TIM_SetAutoreload                        0x080026e1   Thumb Code     4  stm32f10x_tim.o(.text)
    TIM_SetCompare1                          0x080026e5   Thumb Code     4  stm32f10x_tim.o(.text)
    TIM_SetCompare2                          0x080026e9   Thumb Code     4  stm32f10x_tim.o(.text)
    TIM_SetCompare3                          0x080026ed   Thumb Code     4  stm32f10x_tim.o(.text)
    TIM_SetCompare4                          0x080026f1   Thumb Code     6  stm32f10x_tim.o(.text)
    TIM_SetClockDivision                     0x080026f7   Thumb Code    18  stm32f10x_tim.o(.text)
    TIM_GetCapture1                          0x08002709   Thumb Code     6  stm32f10x_tim.o(.text)
    TIM_GetCapture2                          0x0800270f   Thumb Code     6  stm32f10x_tim.o(.text)
    TIM_GetCapture3                          0x08002715   Thumb Code     6  stm32f10x_tim.o(.text)
    TIM_GetCapture4                          0x0800271b   Thumb Code     8  stm32f10x_tim.o(.text)
    TIM_GetCounter                           0x08002723   Thumb Code     6  stm32f10x_tim.o(.text)
    TIM_GetPrescaler                         0x08002729   Thumb Code     6  stm32f10x_tim.o(.text)
    TIM_GetFlagStatus                        0x0800272f   Thumb Code    18  stm32f10x_tim.o(.text)
    TIM_ClearFlag                            0x08002741   Thumb Code     6  stm32f10x_tim.o(.text)
    TIM_GetITStatus                          0x08002747   Thumb Code    34  stm32f10x_tim.o(.text)
    TIM_ClearITPendingBit                    0x08002769   Thumb Code     6  stm32f10x_tim.o(.text)
    USART_DeInit                             0x08002771   Thumb Code   134  stm32f10x_usart.o(.text)
    USART_Init                               0x080027f7   Thumb Code   210  stm32f10x_usart.o(.text)
    USART_StructInit                         0x080028c9   Thumb Code    24  stm32f10x_usart.o(.text)
    USART_ClockInit                          0x080028e1   Thumb Code    34  stm32f10x_usart.o(.text)
    USART_ClockStructInit                    0x08002903   Thumb Code    12  stm32f10x_usart.o(.text)
    USART_Cmd                                0x0800290f   Thumb Code    24  stm32f10x_usart.o(.text)
    USART_ITConfig                           0x08002927   Thumb Code    74  stm32f10x_usart.o(.text)
    USART_DMACmd                             0x08002971   Thumb Code    18  stm32f10x_usart.o(.text)
    USART_SetAddress                         0x08002983   Thumb Code    18  stm32f10x_usart.o(.text)
    USART_WakeUpConfig                       0x08002995   Thumb Code    18  stm32f10x_usart.o(.text)
    USART_ReceiverWakeUpCmd                  0x080029a7   Thumb Code    24  stm32f10x_usart.o(.text)
    USART_LINBreakDetectLengthConfig         0x080029bf   Thumb Code    18  stm32f10x_usart.o(.text)
    USART_LINCmd                             0x080029d1   Thumb Code    24  stm32f10x_usart.o(.text)
    USART_SendData                           0x080029e9   Thumb Code     8  stm32f10x_usart.o(.text)
    USART_ReceiveData                        0x080029f1   Thumb Code    10  stm32f10x_usart.o(.text)
    USART_SendBreak                          0x080029fb   Thumb Code    10  stm32f10x_usart.o(.text)
    USART_SetGuardTime                       0x08002a05   Thumb Code    16  stm32f10x_usart.o(.text)
    USART_SetPrescaler                       0x08002a15   Thumb Code    16  stm32f10x_usart.o(.text)
    USART_SmartCardCmd                       0x08002a25   Thumb Code    24  stm32f10x_usart.o(.text)
    USART_SmartCardNACKCmd                   0x08002a3d   Thumb Code    24  stm32f10x_usart.o(.text)
    USART_HalfDuplexCmd                      0x08002a55   Thumb Code    24  stm32f10x_usart.o(.text)
    USART_OverSampling8Cmd                   0x08002a6d   Thumb Code    22  stm32f10x_usart.o(.text)
    USART_OneBitMethodCmd                    0x08002a83   Thumb Code    24  stm32f10x_usart.o(.text)
    USART_IrDAConfig                         0x08002a9b   Thumb Code    18  stm32f10x_usart.o(.text)
    USART_IrDACmd                            0x08002aad   Thumb Code    24  stm32f10x_usart.o(.text)
    USART_GetFlagStatus                      0x08002ac5   Thumb Code    26  stm32f10x_usart.o(.text)
    USART_ClearFlag                          0x08002adf   Thumb Code    18  stm32f10x_usart.o(.text)
    USART_GetITStatus                        0x08002af1   Thumb Code    84  stm32f10x_usart.o(.text)
    USART_ClearITPendingBit                  0x08002b45   Thumb Code    52  stm32f10x_usart.o(.text)
    SystemInit                               0x08002c57   Thumb Code    78  system_stm32f10x.o(.text)
    SystemCoreClockUpdate                    0x08002ca5   Thumb Code   142  system_stm32f10x.o(.text)
    User_delay                               0x08002d59   Thumb Code    32  main.o(.text)
    main                                     0x08002d79   Thumb Code   298  main.o(.text)
    USB_LP_CAN1_RX0_IRQHandler               0x08002f01   Thumb Code    70  stm32f10x_it.o(.text)
    EXTI0_IRQHandler                         0x08002f47   Thumb Code    18  stm32f10x_it.o(.text)
    EXTI1_IRQHandler                         0x08002f59   Thumb Code    18  stm32f10x_it.o(.text)
    EXTI2_IRQHandler                         0x08002f6b   Thumb Code    18  stm32f10x_it.o(.text)
    EXTI3_IRQHandler                         0x08002f7d   Thumb Code    18  stm32f10x_it.o(.text)
    EXTI4_IRQHandler                         0x08002f8f   Thumb Code    18  stm32f10x_it.o(.text)
    EXTI9_5_IRQHandler                       0x08002fa1   Thumb Code    48  stm32f10x_it.o(.text)
    TIM2_IRQHandler                          0x08002fd1   Thumb Code    22  stm32f10x_it.o(.text)
    EXTI15_10_IRQHandler                     0x08002fe7   Thumb Code    72  stm32f10x_it.o(.text)
    NMI_Handler                              0x0800302f   Thumb Code     2  stm32f10x_it.o(.text)
    HardFault_Handler                        0x08003031   Thumb Code     4  stm32f10x_it.o(.text)
    MemManage_Handler                        0x08003035   Thumb Code     4  stm32f10x_it.o(.text)
    BusFault_Handler                         0x08003039   Thumb Code     4  stm32f10x_it.o(.text)
    UsageFault_Handler                       0x0800303d   Thumb Code     4  stm32f10x_it.o(.text)
    SVC_Handler                              0x08003041   Thumb Code     2  stm32f10x_it.o(.text)
    DebugMon_Handler                         0x08003043   Thumb Code     2  stm32f10x_it.o(.text)
    PendSV_Handler                           0x08003045   Thumb Code     2  stm32f10x_it.o(.text)
    SysTick_Handler                          0x08003047   Thumb Code     2  stm32f10x_it.o(.text)
    delay_n_ms                               0x0800306d   Thumb Code    22  ra8835.o(.text)
    chk_lcm_busy                             0x08003083   Thumb Code   100  ra8835.o(.text)
    send_cmd_to_lcm                          0x080030e7   Thumb Code    84  ra8835.o(.text)
    send_data_to_lcm                         0x0800313b   Thumb Code    84  ra8835.o(.text)
    send_cmd_and_data_to_lcm                 0x0800318f   Thumb Code    20  ra8835.o(.text)
    send_two_data_to_lcm                     0x080031a3   Thumb Code    18  ra8835.o(.text)
    read_data_from_lcm                       0x080031b5   Thumb Code   104  ra8835.o(.text)
    LCD_GPIO_Init                            0x0800321d   Thumb Code   236  ra8835.o(.text)
    lcm_init                                 0x08003309   Thumb Code   172  ra8835.o(.text)
    writeData                                0x080033b5   Thumb Code    18  ra8835.o(.text)
    readData                                 0x080033c7   Thumb Code    14  ra8835.o(.text)
    setCursor                                0x080033d5   Thumb Code    18  ra8835.o(.text)
    writeDataByAddress                       0x080033e7   Thumb Code    20  ra8835.o(.text)
    readDataByAddress                        0x080033fb   Thumb Code    16  ra8835.o(.text)
    getAddress                               0x0800340b   Thumb Code    34  ra8835.o(.text)
    getLocationAtByte                        0x0800342d   Thumb Code    12  ra8835.o(.text)
    clr_ram                                  0x08003439   Thumb Code   118  ra8835.o(.text)
    setPoint                                 0x080034af   Thumb Code    74  ra8835.o(.text)
    getPoint                                 0x080034f9   Thumb Code    48  ra8835.o(.text)
    DrawHLine                                0x08003529   Thumb Code    36  ra8835.o(.text)
    DrawVLine                                0x0800354d   Thumb Code    36  ra8835.o(.text)
    FillRect                                 0x08003571   Thumb Code    42  ra8835.o(.text)
    Adc_Init                                 0x0800359d   Thumb Code   140  adc.o(.text)
    Get_Adc                                  0x08003629   Thumb Code    46  adc.o(.text)
    KEY_Init                                 0x08003661   Thumb Code    32  key.o(.text)
    KEY_Scan                                 0x08003681   Thumb Code   232  key.o(.text)
    E11_init                                 0x08003769   Thumb Code   108  key.o(.text)
    LED_Init                                 0x080037e9   Thumb Code    50  led.o(.text)
    delay_init                               0x08003821   Thumb Code    52  delay.o(.text)
    delay_ms                                 0x08003855   Thumb Code    56  delay.o(.text)
    delay_us                                 0x0800388d   Thumb Code    56  delay.o(.text)
    NVIC_Configuration                       0x080038cd   Thumb Code    12  sys.o(.text)
    _sys_exit                                0x080038d9   Thumb Code     6  usart.o(.text)
    fputc                                    0x080038df   Thumb Code    24  usart.o(.text)
    uart_init                                0x080038f7   Thumb Code   152  usart.o(.text)
    USART1_IRQHandler                        0x0800398f   Thumb Code   122  usart.o(.text)
    E17_uart_init                            0x08003a09   Thumb Code   118  usart.o(.text)
    fnUSART3_SendByte                        0x08003a7f   Thumb Code    28  usart.o(.text)
    E17_sendString                           0x08003a9b   Thumb Code    48  usart.o(.text)
    fnRTC_Init                               0x08003ae9   Thumb Code    76  rtc.o(.text)
    RTC_Delay                                0x08003b35   Thumb Code    14  rtc.o(.text)
    RTC_IIC_SDA_Mode_Out_OD                  0x08003b43   Thumb Code    32  rtc.o(.text)
    RTC_IIC_Stop                             0x08003b63   Thumb Code    72  rtc.o(.text)
    RTC_IIC_NAck                             0x08003bab   Thumb Code    84  rtc.o(.text)
    RTC_IIC_Ack                              0x08003bff   Thumb Code    84  rtc.o(.text)
    RTC_IIC_SDA_Mode_IN_IPU                  0x08003c53   Thumb Code    32  rtc.o(.text)
    RTC_IIC_Read_Byte                        0x08003c73   Thumb Code   100  rtc.o(.text)
    RTC_IIC_Wait_Ack                         0x08003cd7   Thumb Code   110  rtc.o(.text)
    RTC_IIC_Send_Byte                        0x08003d45   Thumb Code   122  rtc.o(.text)
    RTC_IIC_Start                            0x08003dbf   Thumb Code    78  rtc.o(.text)
    RTC_IIC_ReadBytes                        0x08003e0d   Thumb Code   100  rtc.o(.text)
    fnRTC_GetTime                            0x08003e71   Thumb Code   350  rtc.o(.text)
    RTC_IIC_WriteBytes                       0x08003fcf   Thumb Code    70  rtc.o(.text)
    RTC_IIC_WriteByte                        0x08004015   Thumb Code    20  rtc.o(.text)
    fnRTC_SetTime                            0x08004029   Thumb Code   306  rtc.o(.text)
    RTC_IIC_ReadOneByte                      0x0800415b   Thumb Code    70  rtc.o(.text)
    RTC_IIC_ReadByte                         0x080041a1   Thumb Code    22  rtc.o(.text)
    RTC_IIC_WriteBits                        0x080041b7   Thumb Code   106  rtc.o(.text)
    RTC_IIC_writeBit                         0x08004221   Thumb Code    64  rtc.o(.text)
    __use_no_semihosting                     0x08004261   Thumb Code     2  use_no_semi_2.o(.text)
    __2printf                                0x08004265   Thumb Code    20  noretval__2printf.o(.text)
    __2sprintf                               0x0800427d   Thumb Code    34  noretval__2sprintf.o(.text)
    _printf_pre_padding                      0x080042a5   Thumb Code    44  _printf_pad.o(.text)
    _printf_post_padding                     0x080042d1   Thumb Code    34  _printf_pad.o(.text)
    _printf_str                              0x080042f3   Thumb Code    82  _printf_str.o(.text)
    _printf_int_dec                          0x08004345   Thumb Code   104  _printf_dec.o(.text)
    __printf                                 0x080043bd   Thumb Code   308  __printf_flags_wp.o(.text)
    strlen                                   0x080044f5   Thumb Code    62  strlen.o(.text)
    __aeabi_memcpy4                          0x08004533   Thumb Code     0  rt_memcpy_w.o(.text)
    __aeabi_memcpy8                          0x08004533   Thumb Code     0  rt_memcpy_w.o(.text)
    __rt_memcpy_w                            0x08004533   Thumb Code   100  rt_memcpy_w.o(.text)
    _memcpy_lastbytes_aligned                0x0800457b   Thumb Code     0  rt_memcpy_w.o(.text)
    __use_two_region_memory                  0x08004597   Thumb Code     2  heapauxi.o(.text)
    __rt_heap_escrow$2region                 0x08004599   Thumb Code     2  heapauxi.o(.text)
    __rt_heap_expand$2region                 0x0800459b   Thumb Code     2  heapauxi.o(.text)
    __I$use$semihosting                      0x0800459d   Thumb Code     0  use_no_semi.o(.text)
    __use_no_semihosting_swi                 0x0800459d   Thumb Code     2  use_no_semi.o(.text)
    _printf_int_common                       0x0800459f   Thumb Code   178  _printf_intcommon.o(.text)
    _printf_char_common                      0x0800465b   Thumb Code    32  _printf_char_common.o(.text)
    _sputc                                   0x08004681   Thumb Code    10  _sputc.o(.text)
    _printf_cs_common                        0x0800468b   Thumb Code    20  _printf_char.o(.text)
    _printf_char                             0x0800469f   Thumb Code    16  _printf_char.o(.text)
    _printf_string                           0x080046af   Thumb Code     8  _printf_char.o(.text)
    _printf_char_file                        0x080046b9   Thumb Code    32  _printf_char_file.o(.text)
    ferror                                   0x080046dd   Thumb Code     8  ferror.o(.text)
    __user_libspace                          0x080046e5   Thumb Code     8  libspace.o(.text)
    __user_perproc_libspace                  0x080046e5   Thumb Code     0  libspace.o(.text)
    __user_perthread_libspace                0x080046e5   Thumb Code     0  libspace.o(.text)
    __user_setup_stackheap                   0x080046ed   Thumb Code    74  sys_stackheap_outer.o(.text)
    exit                                     0x08004737   Thumb Code    18  exit.o(.text)
    _is_digit                                0x08004749   Thumb Code    14  __printf_wp.o(i._is_digit)
    Region$$Table$$Base                      0x08004898   Number         0  anon$$obj.o(Region$$Table)
    Region$$Table$$Limit                     0x080048b8   Number         0  anon$$obj.o(Region$$Table)
    SystemCoreClock                          0x20000014   Data           4  system_stm32f10x.o(.data)
    AHBPrescTable                            0x20000018   Data          16  system_stm32f10x.o(.data)
    status_flag                              0x20000028   Data           1  main.o(.data)
    adcValue                                 0x2000002c   Data           4  main.o(.data)
    systemset_tab                            0x20000030   Data           8  ra8835.o(.data)
    scroll_tab                               0x20000038   Data          10  ra8835.o(.data)
    __stdout                                 0x20000048   Data           4  usart.o(.data)
    USART_RX_STA                             0x2000004c   Data           1  usart.o(.data)
    CAN_LCD_buffer                           0x20000050   Data         480  stm32f10x_it.o(.bss)
    TxMessage                                0x20000230   Data          20  can_function.o(.bss)
    RxMessage                                0x20000244   Data          20  can_function.o(.bss)
    datalcd                                  0x20000258   Data         150  ra8835.o(.bss)
    USART_RX_BUF                             0x200002ee   Data          64  usart.o(.bss)
    __libspace_start                         0x20000330   Data          96  libspace.o(.bss)
    __temporary_stack_top$libspace           0x20000390   Data           0  libspace.o(.bss)



==============================================================================

Memory Map of the image

  Image Entry point : 0x08000131

  Load Region LR_IROM1 (Base: 0x08000000, Size: 0x00004908, Max: 0x00020000, ABSOLUTE)

    Execution Region ER_IROM1 (Base: 0x08000000, Size: 0x000048b8, Max: 0x00020000, ABSOLUTE)

    Base Addr    Size         Type   Attr      Idx    E Section Name        Object

    0x08000000   0x00000130   Data   RO            3    RESET               startup_stm32f10x_hd.o
    0x08000130   0x00000008   Code   RO         8575  * !!!main             c_w.l(__main.o)
    0x08000138   0x00000034   Code   RO         8907    !!!scatter          c_w.l(__scatter.o)
    0x0800016c   0x0000001a   Code   RO         8909    !!handler_copy      c_w.l(__scatter_copy.o)
    0x08000186   0x00000002   PAD
    0x08000188   0x0000001c   Code   RO         8911    !!handler_zi        c_w.l(__scatter_zi.o)
    0x080001a4   0x00000000   Code   RO         8556    .ARM.Collect$$_printf_percent$$00000000  c_w.l(_printf_percent.o)
    0x080001a4   0x00000006   Code   RO         8555    .ARM.Collect$$_printf_percent$$00000009  c_w.l(_printf_d.o)
    0x080001aa   0x00000006   Code   RO         8554    .ARM.Collect$$_printf_percent$$00000014  c_w.l(_printf_s.o)
    0x080001b0   0x00000004   Code   RO         8682    .ARM.Collect$$_printf_percent$$00000017  c_w.l(_printf_percent_end.o)
    0x080001b4   0x00000002   Code   RO         8778    .ARM.Collect$$libinit$$00000000  c_w.l(libinit.o)
    0x080001b6   0x00000000   Code   RO         8784    .ARM.Collect$$libinit$$00000002  c_w.l(libinit2.o)
    0x080001b6   0x00000000   Code   RO         8786    .ARM.Collect$$libinit$$00000004  c_w.l(libinit2.o)
    0x080001b6   0x00000000   Code   RO         8789    .ARM.Collect$$libinit$$0000000A  c_w.l(libinit2.o)
    0x080001b6   0x00000000   Code   RO         8791    .ARM.Collect$$libinit$$0000000C  c_w.l(libinit2.o)
    0x080001b6   0x00000000   Code   RO         8793    .ARM.Collect$$libinit$$0000000E  c_w.l(libinit2.o)
    0x080001b6   0x00000000   Code   RO         8796    .ARM.Collect$$libinit$$00000011  c_w.l(libinit2.o)
    0x080001b6   0x00000000   Code   RO         8798    .ARM.Collect$$libinit$$00000013  c_w.l(libinit2.o)
    0x080001b6   0x00000000   Code   RO         8800    .ARM.Collect$$libinit$$00000015  c_w.l(libinit2.o)
    0x080001b6   0x00000000   Code   RO         8802    .ARM.Collect$$libinit$$00000017  c_w.l(libinit2.o)
    0x080001b6   0x00000000   Code   RO         8804    .ARM.Collect$$libinit$$00000019  c_w.l(libinit2.o)
    0x080001b6   0x00000000   Code   RO         8806    .ARM.Collect$$libinit$$0000001B  c_w.l(libinit2.o)
    0x080001b6   0x00000000   Code   RO         8808    .ARM.Collect$$libinit$$0000001D  c_w.l(libinit2.o)
    0x080001b6   0x00000000   Code   RO         8810    .ARM.Collect$$libinit$$0000001F  c_w.l(libinit2.o)
    0x080001b6   0x00000000   Code   RO         8812    .ARM.Collect$$libinit$$00000021  c_w.l(libinit2.o)
    0x080001b6   0x00000000   Code   RO         8814    .ARM.Collect$$libinit$$00000023  c_w.l(libinit2.o)
    0x080001b6   0x00000000   Code   RO         8816    .ARM.Collect$$libinit$$00000025  c_w.l(libinit2.o)
    0x080001b6   0x00000000   Code   RO         8820    .ARM.Collect$$libinit$$0000002C  c_w.l(libinit2.o)
    0x080001b6   0x00000000   Code   RO         8822    .ARM.Collect$$libinit$$0000002E  c_w.l(libinit2.o)
    0x080001b6   0x00000000   Code   RO         8824    .ARM.Collect$$libinit$$00000030  c_w.l(libinit2.o)
    0x080001b6   0x00000000   Code   RO         8826    .ARM.Collect$$libinit$$00000032  c_w.l(libinit2.o)
    0x080001b6   0x00000002   Code   RO         8827    .ARM.Collect$$libinit$$00000033  c_w.l(libinit2.o)
    0x080001b8   0x00000002   Code   RO         8849    .ARM.Collect$$libshutdown$$00000000  c_w.l(libshutdown.o)
    0x080001ba   0x00000000   Code   RO         8859    .ARM.Collect$$libshutdown$$00000002  c_w.l(libshutdown2.o)
    0x080001ba   0x00000000   Code   RO         8861    .ARM.Collect$$libshutdown$$00000004  c_w.l(libshutdown2.o)
    0x080001ba   0x00000000   Code   RO         8864    .ARM.Collect$$libshutdown$$00000007  c_w.l(libshutdown2.o)
    0x080001ba   0x00000000   Code   RO         8867    .ARM.Collect$$libshutdown$$0000000A  c_w.l(libshutdown2.o)
    0x080001ba   0x00000000   Code   RO         8869    .ARM.Collect$$libshutdown$$0000000C  c_w.l(libshutdown2.o)
    0x080001ba   0x00000000   Code   RO         8872    .ARM.Collect$$libshutdown$$0000000F  c_w.l(libshutdown2.o)
    0x080001ba   0x00000002   Code   RO         8873    .ARM.Collect$$libshutdown$$00000010  c_w.l(libshutdown2.o)
    0x080001bc   0x00000000   Code   RO         8669    .ARM.Collect$$rtentry$$00000000  c_w.l(__rtentry.o)
    0x080001bc   0x00000000   Code   RO         8733    .ARM.Collect$$rtentry$$00000002  c_w.l(__rtentry2.o)
    0x080001bc   0x00000006   Code   RO         8745    .ARM.Collect$$rtentry$$00000004  c_w.l(__rtentry4.o)
    0x080001c2   0x00000000   Code   RO         8735    .ARM.Collect$$rtentry$$00000009  c_w.l(__rtentry2.o)
    0x080001c2   0x00000004   Code   RO         8736    .ARM.Collect$$rtentry$$0000000A  c_w.l(__rtentry2.o)
    0x080001c6   0x00000000   Code   RO         8738    .ARM.Collect$$rtentry$$0000000C  c_w.l(__rtentry2.o)
    0x080001c6   0x00000008   Code   RO         8739    .ARM.Collect$$rtentry$$0000000D  c_w.l(__rtentry2.o)
    0x080001ce   0x00000002   Code   RO         8781    .ARM.Collect$$rtexit$$00000000  c_w.l(rtexit.o)
    0x080001d0   0x00000000   Code   RO         8831    .ARM.Collect$$rtexit$$00000002  c_w.l(rtexit2.o)
    0x080001d0   0x00000004   Code   RO         8832    .ARM.Collect$$rtexit$$00000003  c_w.l(rtexit2.o)
    0x080001d4   0x00000006   Code   RO         8833    .ARM.Collect$$rtexit$$00000004  c_w.l(rtexit2.o)
    0x080001da   0x00000002   PAD
    0x080001dc   0x00000040   Code   RO            4    .text               startup_stm32f10x_hd.o
    0x0800021c   0x000000dc   Code   RO           10    .text               misc.o
    0x080002f8   0x0000044e   Code   RO           67    .text               stm32f10x_adc.o
    0x08000746   0x00000002   PAD
    0x08000748   0x000009f0   Code   RO           94    .text               stm32f10x_can.o
    0x08001138   0x0000011c   Code   RO          181    .text               stm32f10x_exti.o
    0x08001254   0x0000035c   Code   RO          220    .text               stm32f10x_gpio.o
    0x080015b0   0x000003a4   Code   RO          277    .text               stm32f10x_rcc.o
    0x08001954   0x00000e1a   Code   RO          336    .text               stm32f10x_tim.o
    0x0800276e   0x00000002   PAD
    0x08002770   0x00000408   Code   RO          348    .text               stm32f10x_usart.o
    0x08002b78   0x000001e0   Code   RO          385    .text               system_stm32f10x.o
    0x08002d58   0x000001a8   Code   RO          403    .text               main.o
    0x08002f00   0x0000016c   Code   RO          504    .text               stm32f10x_it.o
    0x0800306c   0x0000052e   Code   RO          673    .text               ra8835.o
    0x0800359a   0x00000002   PAD
    0x0800359c   0x000000c4   Code   RO          689    .text               adc.o
    0x08003660   0x00000188   Code   RO          701    .text               key.o
    0x080037e8   0x00000038   Code   RO          714    .text               led.o
    0x08003820   0x000000ac   Code   RO          726    .text               delay.o
    0x080038cc   0x0000000c   Code   RO          740    .text               sys.o
    0x080038d8   0x00000210   Code   RO          752    .text               usart.o
    0x08003ae8   0x00000778   Code   RO          775    .text               rtc.o
    0x08004260   0x00000002   Code   RO         8516    .text               c_w.l(use_no_semi_2.o)
    0x08004262   0x00000002   PAD
    0x08004264   0x00000018   Code   RO         8522    .text               c_w.l(noretval__2printf.o)
    0x0800427c   0x00000028   Code   RO         8524    .text               c_w.l(noretval__2sprintf.o)
    0x080042a4   0x0000004e   Code   RO         8528    .text               c_w.l(_printf_pad.o)
    0x080042f2   0x00000052   Code   RO         8530    .text               c_w.l(_printf_str.o)
    0x08004344   0x00000078   Code   RO         8532    .text               c_w.l(_printf_dec.o)
    0x080043bc   0x00000138   Code   RO         8546    .text               c_w.l(__printf_flags_wp.o)
    0x080044f4   0x0000003e   Code   RO         8561    .text               c_w.l(strlen.o)
    0x08004532   0x00000064   Code   RO         8567    .text               c_w.l(rt_memcpy_w.o)
    0x08004596   0x00000006   Code   RO         8573    .text               c_w.l(heapauxi.o)
    0x0800459c   0x00000002   Code   RO         8667    .text               c_w.l(use_no_semi.o)
    0x0800459e   0x000000b2   Code   RO         8672    .text               c_w.l(_printf_intcommon.o)
    0x08004650   0x00000030   Code   RO         8674    .text               c_w.l(_printf_char_common.o)
    0x08004680   0x0000000a   Code   RO         8676    .text               c_w.l(_sputc.o)
    0x0800468a   0x0000002c   Code   RO         8678    .text               c_w.l(_printf_char.o)
    0x080046b6   0x00000002   PAD
    0x080046b8   0x00000024   Code   RO         8680    .text               c_w.l(_printf_char_file.o)
    0x080046dc   0x00000008   Code   RO         8754    .text               c_w.l(ferror.o)
    0x080046e4   0x00000008   Code   RO         8766    .text               c_w.l(libspace.o)
    0x080046ec   0x0000004a   Code   RO         8769    .text               c_w.l(sys_stackheap_outer.o)
    0x08004736   0x00000012   Code   RO         8771    .text               c_w.l(exit.o)
    0x08004748   0x0000000e   Code   RO         8544    i._is_digit         c_w.l(__printf_wp.o)
    0x08004756   0x00000002   PAD
    0x08004758   0x0000012c   Data   RO          404    .constdata          main.o
    0x08004884   0x00000011   Data   RO         8547    .constdata          c_w.l(__printf_flags_wp.o)
    0x08004895   0x00000003   PAD
    0x08004898   0x00000020   Data   RO         8905    Region$$Table       anon$$obj.o


    Execution Region RW_IRAM1 (Base: 0x20000000, Size: 0x00000990, Max: 0x00005000, ABSOLUTE)

    Base Addr    Size         Type   Attr      Idx    E Section Name        Object

    0x20000000   0x00000014   Data   RW          278    .data               stm32f10x_rcc.o
    0x20000014   0x00000014   Data   RW          386    .data               system_stm32f10x.o
    0x20000028   0x00000008   Data   RW          405    .data               main.o
    0x20000030   0x00000013   Data   RW          675    .data               ra8835.o
    0x20000043   0x00000001   Data   RW          702    .data               key.o
    0x20000044   0x00000004   Data   RW          727    .data               delay.o
    0x20000048   0x00000005   Data   RW          754    .data               usart.o
    0x2000004d   0x00000003   PAD
    0x20000050   0x000001e0   Zero   RW          505    .bss                stm32f10x_it.o
    0x20000230   0x00000028   Zero   RW          552    .bss                can_function.o
    0x20000258   0x00000096   Zero   RW          674    .bss                ra8835.o
    0x200002ee   0x00000040   Zero   RW          753    .bss                usart.o
    0x2000032e   0x00000002   PAD
    0x20000330   0x00000060   Zero   RW         8767    .bss                c_w.l(libspace.o)
    0x20000390   0x00000200   Zero   RW            2    HEAP                startup_stm32f10x_hd.o
    0x20000590   0x00000400   Zero   RW            1    STACK               startup_stm32f10x_hd.o


==============================================================================

Image component sizes


      Code (inc. data)   RO Data    RW Data    ZI Data      Debug   Object Name

       196         10          0          0          0        839   adc.o
         0          0          0          0         40        314   can_function.o
       172          8          0          4          0       1175   delay.o
       392         20          0          1          0       1133   key.o
        56          6          0          0          0        523   led.o
       424         94        300          8          0      17712   main.o
       220         22          0          0          0     273773   misc.o
      1326         26          0         19        150       6292   ra8835.o
      1912          6          0          0          0       6035   rtc.o
        64         26        304          0       1536        904   startup_stm32f10x_hd.o
      1102         26          0          0          0      11241   stm32f10x_adc.o
      2544         38          0          0          0       8232   stm32f10x_can.o
       284         10          0          0          0       2459   stm32f10x_exti.o
       860         38          0          0          0       5933   stm32f10x_gpio.o
       364         36          0          0        480       3451   stm32f10x_it.o
       932         36          0         20          0       9176   stm32f10x_rcc.o
      3610         88          0          0          0      23044   stm32f10x_tim.o
      1032         22          0          0          0       8656   stm32f10x_usart.o
        12          0          0          0          0        497   sys.o
       480         38          0         20          0       2015   system_stm32f10x.o
       528         30          0          5         64       4233   usart.o

    ----------------------------------------------------------------------
     16516        580        636         80       2272     387637   Object Totals
         0          0         32          0          0          0   (incl. Generated)
         6          0          0          3          2          0   (incl. Padding)

    ----------------------------------------------------------------------

      Code (inc. data)   RO Data    RW Data    ZI Data      Debug   Library Member Name

         8          0          0          0          0         68   __main.o
       312          4         17          0          0         92   __printf_flags_wp.o
        14          0          0          0          0         68   __printf_wp.o
         0          0          0          0          0          0   __rtentry.o
        12          0          0          0          0          0   __rtentry2.o
         6          0          0          0          0          0   __rtentry4.o
        52          8          0          0          0          0   __scatter.o
        26          0          0          0          0          0   __scatter_copy.o
        28          0          0          0          0          0   __scatter_zi.o
        44          0          0          0          0        108   _printf_char.o
        48          6          0          0          0         96   _printf_char_common.o
        36          4          0          0          0         80   _printf_char_file.o
         6          0          0          0          0          0   _printf_d.o
       120         16          0          0          0         92   _printf_dec.o
       178          0          0          0          0         88   _printf_intcommon.o
        78          0          0          0          0        108   _printf_pad.o
         0          0          0          0          0          0   _printf_percent.o
         4          0          0          0          0          0   _printf_percent_end.o
         6          0          0          0          0          0   _printf_s.o
        82          0          0          0          0         80   _printf_str.o
        10          0          0          0          0         68   _sputc.o
        18          0          0          0          0         80   exit.o
         8          0          0          0          0         68   ferror.o
         6          0          0          0          0        152   heapauxi.o
         2          0          0          0          0          0   libinit.o
         2          0          0          0          0          0   libinit2.o
         2          0          0          0          0          0   libshutdown.o
         2          0          0          0          0          0   libshutdown2.o
         8          4          0          0         96         68   libspace.o
        24          4          0          0          0         84   noretval__2printf.o
        40          6          0          0          0         84   noretval__2sprintf.o
       100          0          0          0          0         80   rt_memcpy_w.o
         2          0          0          0          0          0   rtexit.o
        10          0          0          0          0          0   rtexit2.o
        62          0          0          0          0         76   strlen.o
        74          0          0          0          0         80   sys_stackheap_outer.o
         2          0          0          0          0         68   use_no_semi.o
         2          0          0          0          0         68   use_no_semi_2.o

    ----------------------------------------------------------------------
      1444         52         20          0         96       1856   Library Totals
        10          0          3          0          0          0   (incl. Padding)

    ----------------------------------------------------------------------

      Code (inc. data)   RO Data    RW Data    ZI Data      Debug   Library Name

      1434         52         17          0         96       1856   c_w.l

    ----------------------------------------------------------------------
      1444         52         20          0         96       1856   Library Totals

    ----------------------------------------------------------------------

==============================================================================


      Code (inc. data)   RO Data    RW Data    ZI Data      Debug   

     17960        632        656         80       2368     386785   Grand Totals
     17960        632        656         80       2368     386785   ELF Image Totals
     17960        632        656         80          0          0   ROM Totals

==============================================================================

    Total RO  Size (Code + RO Data)                18616 (  18.18kB)
    Total RW  Size (RW Data + ZI Data)              2448 (   2.39kB)
    Total ROM Size (Code + RO Data + RW Data)      18696 (  18.26kB)

==============================================================================

