<html>
<body>
<pre>
<h1>礦ision Build Log</h1>
<h2>Project:</h2>
H:\工作后\STM32资料\STM32F103ZE程序\LCD_CAN1.0\Project\project.uvproj
Project File Date:  08/18/2015

<h2>Output:</h2>
Rebuild target 'Target 1'
assembling startup_stm32f10x_hd.s...
compiling misc.c...
..\Libraries\STM32F10x_StdPeriph_Driver\src\misc.c(24): error:  #5: cannot open source input file "misc.h": No such file or directory
compiling stm32f10x_adc.c...
..\Libraries\STM32F10x_StdPeriph_Driver\src\stm32f10x_adc.c(23): error:  #5: cannot open source input file "stm32f10x_adc.h": No such file or directory
compiling stm32f10x_bkp.c...
..\Libraries\STM32F10x_StdPeriph_Driver\src\stm32f10x_bkp.c(23): error:  #5: cannot open source input file "stm32f10x_bkp.h": No such file or directory
compiling stm32f10x_can.c...
..\Libraries\STM32F10x_StdPeriph_Driver\src\stm32f10x_can.c(23): error:  #5: cannot open source input file "stm32f10x_can.h": No such file or directory
compiling stm32f10x_cec.c...
..\Libraries\STM32F10x_StdPeriph_Driver\src\stm32f10x_cec.c(23): error:  #5: cannot open source input file "stm32f10x_cec.h": No such file or directory
compiling stm32f10x_crc.c...
..\Libraries\STM32F10x_StdPeriph_Driver\src\stm32f10x_crc.c(23): error:  #5: cannot open source input file "stm32f10x_crc.h": No such file or directory
compiling stm32f10x_dac.c...
..\Libraries\STM32F10x_StdPeriph_Driver\src\stm32f10x_dac.c(23): error:  #5: cannot open source input file "stm32f10x_dac.h": No such file or directory
compiling stm32f10x_dbgmcu.c...
..\Libraries\STM32F10x_StdPeriph_Driver\src\stm32f10x_dbgmcu.c(23): error:  #5: cannot open source input file "stm32f10x_dbgmcu.h": No such file or directory
compiling stm32f10x_dma.c...
..\Libraries\STM32F10x_StdPeriph_Driver\src\stm32f10x_dma.c(23): error:  #5: cannot open source input file "stm32f10x_dma.h": No such file or directory
compiling stm32f10x_exti.c...
..\Libraries\STM32F10x_StdPeriph_Driver\src\stm32f10x_exti.c(23): error:  #5: cannot open source input file "stm32f10x_exti.h": No such file or directory
compiling stm32f10x_flash.c...
..\Libraries\STM32F10x_StdPeriph_Driver\src\stm32f10x_flash.c(23): error:  #5: cannot open source input file "stm32f10x_flash.h": No such file or directory
compiling stm32f10x_fsmc.c...
..\Libraries\STM32F10x_StdPeriph_Driver\src\stm32f10x_fsmc.c(23): error:  #5: cannot open source input file "stm32f10x_fsmc.h": No such file or directory
compiling stm32f10x_gpio.c...
..\Libraries\STM32F10x_StdPeriph_Driver\src\stm32f10x_gpio.c(23): error:  #5: cannot open source input file "stm32f10x_gpio.h": No such file or directory
compiling stm32f10x_i2c.c...
..\Libraries\STM32F10x_StdPeriph_Driver\src\stm32f10x_i2c.c(23): error:  #5: cannot open source input file "stm32f10x_i2c.h": No such file or directory
compiling stm32f10x_iwdg.c...
..\Libraries\STM32F10x_StdPeriph_Driver\src\stm32f10x_iwdg.c(23): error:  #5: cannot open source input file "stm32f10x_iwdg.h": No such file or directory
compiling stm32f10x_pwr.c...
..\Libraries\STM32F10x_StdPeriph_Driver\src\stm32f10x_pwr.c(23): error:  #5: cannot open source input file "stm32f10x_pwr.h": No such file or directory
compiling stm32f10x_rcc.c...
..\Libraries\STM32F10x_StdPeriph_Driver\src\stm32f10x_rcc.c(23): error:  #5: cannot open source input file "stm32f10x_rcc.h": No such file or directory
compiling stm32f10x_rtc.c...
..\Libraries\STM32F10x_StdPeriph_Driver\src\stm32f10x_rtc.c(23): error:  #5: cannot open source input file "stm32f10x_rtc.h": No such file or directory
compiling stm32f10x_sdio.c...
..\Libraries\STM32F10x_StdPeriph_Driver\src\stm32f10x_sdio.c(23): error:  #5: cannot open source input file "stm32f10x_sdio.h": No such file or directory
compiling stm32f10x_spi.c...
..\Libraries\STM32F10x_StdPeriph_Driver\src\stm32f10x_spi.c(23): error:  #5: cannot open source input file "stm32f10x_spi.h": No such file or directory
compiling stm32f10x_tim.c...
..\Libraries\STM32F10x_StdPeriph_Driver\src\stm32f10x_tim.c(23): error:  #5: cannot open source input file "stm32f10x_tim.h": No such file or directory
compiling stm32f10x_usart.c...
..\Libraries\STM32F10x_StdPeriph_Driver\src\stm32f10x_usart.c(23): error:  #5: cannot open source input file "stm32f10x_usart.h": No such file or directory
compiling stm32f10x_wwdg.c...
..\Libraries\STM32F10x_StdPeriph_Driver\src\stm32f10x_wwdg.c(23): error:  #5: cannot open source input file "stm32f10x_wwdg.h": No such file or directory
compiling core_cm3.c...
compiling system_stm32f10x.c...
C:\Keil\ARM\Inc\ST\STM32F10x\stm32f10x.h(96): error:  #35: #error directive: "Please select first the target STM32F10x device used in your application (in stm32f10x.h file)"
compiling main.c...
C:\Keil\ARM\Inc\ST\STM32F10x\stm32f10x.h(96): error:  #35: #error directive: "Please select first the target STM32F10x device used in your application (in stm32f10x.h file)"
compiling stm32f10x_it.c...
C:\Keil\ARM\Inc\ST\STM32F10x\stm32f10x.h(96): error:  #35: #error directive: "Please select first the target STM32F10x device used in your application (in stm32f10x.h file)"
compiling system_stm32f10x.c...
C:\Keil\ARM\Inc\ST\STM32F10x\stm32f10x.h(96): error:  #35: #error directive: "Please select first the target STM32F10x device used in your application (in stm32f10x.h file)"
".\project.axf" - 27 Errors, 0 Warning(s).
Target not created
Rebuild target 'Target 1'
assembling startup_stm32f10x_hd.s...
compiling misc.c...
..\Libraries\STM32F10x_StdPeriph_Driver\src\misc.c(24): error:  #5: cannot open source input file "misc.h": No such file or directory
compiling stm32f10x_adc.c...
..\Libraries\STM32F10x_StdPeriph_Driver\src\stm32f10x_adc.c(23): error:  #5: cannot open source input file "stm32f10x_adc.h": No such file or directory
compiling stm32f10x_bkp.c...
..\Libraries\STM32F10x_StdPeriph_Driver\src\stm32f10x_bkp.c(23): error:  #5: cannot open source input file "stm32f10x_bkp.h": No such file or directory
compiling stm32f10x_can.c...
..\Libraries\STM32F10x_StdPeriph_Driver\src\stm32f10x_can.c(23): error:  #5: cannot open source input file "stm32f10x_can.h": No such file or directory
compiling stm32f10x_cec.c...
..\Libraries\STM32F10x_StdPeriph_Driver\src\stm32f10x_cec.c(23): error:  #5: cannot open source input file "stm32f10x_cec.h": No such file or directory
compiling stm32f10x_crc.c...
..\Libraries\STM32F10x_StdPeriph_Driver\src\stm32f10x_crc.c(23): error:  #5: cannot open source input file "stm32f10x_crc.h": No such file or directory
compiling stm32f10x_dac.c...
..\Libraries\STM32F10x_StdPeriph_Driver\src\stm32f10x_dac.c(23): error:  #5: cannot open source input file "stm32f10x_dac.h": No such file or directory
compiling stm32f10x_dbgmcu.c...
..\Libraries\STM32F10x_StdPeriph_Driver\src\stm32f10x_dbgmcu.c(23): error:  #5: cannot open source input file "stm32f10x_dbgmcu.h": No such file or directory
compiling stm32f10x_dma.c...
..\Libraries\STM32F10x_StdPeriph_Driver\src\stm32f10x_dma.c(23): error:  #5: cannot open source input file "stm32f10x_dma.h": No such file or directory
compiling stm32f10x_exti.c...
..\Libraries\STM32F10x_StdPeriph_Driver\src\stm32f10x_exti.c(23): error:  #5: cannot open source input file "stm32f10x_exti.h": No such file or directory
compiling stm32f10x_flash.c...
..\Libraries\STM32F10x_StdPeriph_Driver\src\stm32f10x_flash.c(23): error:  #5: cannot open source input file "stm32f10x_flash.h": No such file or directory
compiling stm32f10x_fsmc.c...
..\Libraries\STM32F10x_StdPeriph_Driver\src\stm32f10x_fsmc.c(23): error:  #5: cannot open source input file "stm32f10x_fsmc.h": No such file or directory
compiling stm32f10x_gpio.c...
..\Libraries\STM32F10x_StdPeriph_Driver\src\stm32f10x_gpio.c(23): error:  #5: cannot open source input file "stm32f10x_gpio.h": No such file or directory
compiling stm32f10x_i2c.c...
..\Libraries\STM32F10x_StdPeriph_Driver\src\stm32f10x_i2c.c(23): error:  #5: cannot open source input file "stm32f10x_i2c.h": No such file or directory
compiling stm32f10x_iwdg.c...
..\Libraries\STM32F10x_StdPeriph_Driver\src\stm32f10x_iwdg.c(23): error:  #5: cannot open source input file "stm32f10x_iwdg.h": No such file or directory
compiling stm32f10x_pwr.c...
..\Libraries\STM32F10x_StdPeriph_Driver\src\stm32f10x_pwr.c(23): error:  #5: cannot open source input file "stm32f10x_pwr.h": No such file or directory
compiling stm32f10x_rcc.c...
..\Libraries\STM32F10x_StdPeriph_Driver\src\stm32f10x_rcc.c(23): error:  #5: cannot open source input file "stm32f10x_rcc.h": No such file or directory
compiling stm32f10x_rtc.c...
..\Libraries\STM32F10x_StdPeriph_Driver\src\stm32f10x_rtc.c(23): error:  #5: cannot open source input file "stm32f10x_rtc.h": No such file or directory
compiling stm32f10x_sdio.c...
..\Libraries\STM32F10x_StdPeriph_Driver\src\stm32f10x_sdio.c(23): error:  #5: cannot open source input file "stm32f10x_sdio.h": No such file or directory
compiling stm32f10x_spi.c...
..\Libraries\STM32F10x_StdPeriph_Driver\src\stm32f10x_spi.c(23): error:  #5: cannot open source input file "stm32f10x_spi.h": No such file or directory
compiling stm32f10x_tim.c...
..\Libraries\STM32F10x_StdPeriph_Driver\src\stm32f10x_tim.c(23): error:  #5: cannot open source input file "stm32f10x_tim.h": No such file or directory
compiling stm32f10x_usart.c...
..\Libraries\STM32F10x_StdPeriph_Driver\src\stm32f10x_usart.c(23): error:  #5: cannot open source input file "stm32f10x_usart.h": No such file or directory
compiling stm32f10x_wwdg.c...
..\Libraries\STM32F10x_StdPeriph_Driver\src\stm32f10x_wwdg.c(23): error:  #5: cannot open source input file "stm32f10x_wwdg.h": No such file or directory
compiling core_cm3.c...
compiling system_stm32f10x.c...
C:\Keil\ARM\Inc\ST\STM32F10x\stm32f10x.h(96): error:  #35: #error directive: "Please select first the target STM32F10x device used in your application (in stm32f10x.h file)"
compiling main.c...
C:\Keil\ARM\Inc\ST\STM32F10x\stm32f10x.h(96): error:  #35: #error directive: "Please select first the target STM32F10x device used in your application (in stm32f10x.h file)"
compiling stm32f10x_it.c...
C:\Keil\ARM\Inc\ST\STM32F10x\stm32f10x.h(96): error:  #35: #error directive: "Please select first the target STM32F10x device used in your application (in stm32f10x.h file)"
compiling system_stm32f10x.c...
C:\Keil\ARM\Inc\ST\STM32F10x\stm32f10x.h(96): error:  #35: #error directive: "Please select first the target STM32F10x device used in your application (in stm32f10x.h file)"
".\project.axf" - 27 Errors, 0 Warning(s).
Target not created
Rebuild target 'Target 1'
assembling startup_stm32f10x_hd.s...
compiling misc.c...
compiling stm32f10x_adc.c...
compiling stm32f10x_bkp.c...
compiling stm32f10x_can.c...
compiling stm32f10x_cec.c...
compiling stm32f10x_crc.c...
compiling stm32f10x_dac.c...
compiling stm32f10x_dbgmcu.c...
compiling stm32f10x_dma.c...
compiling stm32f10x_exti.c...
compiling stm32f10x_flash.c...
compiling stm32f10x_fsmc.c...
compiling stm32f10x_gpio.c...
compiling stm32f10x_i2c.c...
compiling stm32f10x_iwdg.c...
compiling stm32f10x_pwr.c...
compiling stm32f10x_rcc.c...
compiling stm32f10x_rtc.c...
compiling stm32f10x_sdio.c...
compiling stm32f10x_spi.c...
compiling stm32f10x_tim.c...
compiling stm32f10x_usart.c...
compiling stm32f10x_wwdg.c...
compiling core_cm3.c...
compiling system_stm32f10x.c...
compiling main.c...
compiling stm32f10x_it.c...
compiling system_stm32f10x.c...
linking...
.\Obj\project.axf: Warning: L6304W: Duplicate input file .\obj\system_stm32f10x.o ignored.
Program Size: Code=2752 RO-data=336 RW-data=44 ZI-data=1636  
FromELF: creating hex file...
".\Obj\project.axf" - 0 Errors, 1 Warning(s).
Rebuild target 'Target 1'
assembling startup_stm32f10x_hd.s...
compiling misc.c...
compiling stm32f10x_adc.c...
compiling stm32f10x_bkp.c...
compiling stm32f10x_can.c...
compiling stm32f10x_cec.c...
compiling stm32f10x_crc.c...
compiling stm32f10x_dac.c...
compiling stm32f10x_dbgmcu.c...
compiling stm32f10x_dma.c...
compiling stm32f10x_exti.c...
compiling stm32f10x_flash.c...
compiling stm32f10x_fsmc.c...
compiling stm32f10x_gpio.c...
compiling stm32f10x_i2c.c...
compiling stm32f10x_iwdg.c...
compiling stm32f10x_pwr.c...
compiling stm32f10x_rcc.c...
compiling stm32f10x_rtc.c...
compiling stm32f10x_sdio.c...
compiling stm32f10x_spi.c...
compiling stm32f10x_tim.c...
compiling stm32f10x_usart.c...
compiling stm32f10x_wwdg.c...
compiling core_cm3.c...
compiling system_stm32f10x.c...
compiling main.c...
compiling stm32f10x_it.c...
linking...
Program Size: Code=2752 RO-data=336 RW-data=44 ZI-data=1636  
FromELF: creating hex file...
".\Obj\project.axf" - 0 Errors, 0 Warning(s).
Rebuild target 'Target 1'
assembling startup_stm32f10x_hd.s...
compiling misc.c...
compiling stm32f10x_adc.c...
compiling stm32f10x_bkp.c...
compiling stm32f10x_can.c...
compiling stm32f10x_cec.c...
compiling stm32f10x_crc.c...
compiling stm32f10x_dac.c...
compiling stm32f10x_dbgmcu.c...
compiling stm32f10x_dma.c...
compiling stm32f10x_exti.c...
compiling stm32f10x_flash.c...
compiling stm32f10x_fsmc.c...
compiling stm32f10x_gpio.c...
compiling stm32f10x_i2c.c...
compiling stm32f10x_iwdg.c...
compiling stm32f10x_pwr.c...
compiling stm32f10x_rcc.c...
compiling stm32f10x_rtc.c...
compiling stm32f10x_sdio.c...
compiling stm32f10x_spi.c...
compiling stm32f10x_tim.c...
compiling stm32f10x_usart.c...
compiling stm32f10x_wwdg.c...
compiling core_cm3.c...
compiling system_stm32f10x.c...
compiling main.c...
compiling stm32f10x_it.c...
linking...
Program Size: Code=2752 RO-data=336 RW-data=44 ZI-data=1636  
FromELF: creating hex file...
".\Obj\project.axf" - 0 Errors, 0 Warning(s).
Rebuild target 'Target 1'
assembling startup_stm32f10x_hd.s...
compiling misc.c...
compiling stm32f10x_adc.c...
compiling stm32f10x_bkp.c...
compiling stm32f10x_can.c...
compiling stm32f10x_cec.c...
compiling stm32f10x_crc.c...
compiling stm32f10x_dac.c...
compiling stm32f10x_dbgmcu.c...
compiling stm32f10x_dma.c...
compiling stm32f10x_exti.c...
compiling stm32f10x_flash.c...
compiling stm32f10x_fsmc.c...
compiling stm32f10x_gpio.c...
compiling stm32f10x_i2c.c...
compiling stm32f10x_iwdg.c...
compiling stm32f10x_pwr.c...
compiling stm32f10x_rcc.c...
compiling stm32f10x_rtc.c...
compiling stm32f10x_sdio.c...
compiling stm32f10x_spi.c...
compiling stm32f10x_tim.c...
compiling stm32f10x_usart.c...
compiling stm32f10x_wwdg.c...
compiling core_cm3.c...
compiling system_stm32f10x.c...
compiling main.c...
compiling stm32f10x_it.c...
linking...
Program Size: Code=2752 RO-data=336 RW-data=44 ZI-data=1636  
FromELF: creating hex file...
".\Obj\project.axf" - 0 Errors, 0 Warning(s).
