<html>
<body>
<pre>
<h1>礦ision Build Log</h1>
<h2>Tool Versions:</h2>
IDE-Version: μVision V5.17.0.0
Copyright (C) 2015 ARM Ltd and ARM Germany GmbH. All rights reserved.
License Information: s c, c, LIC=ATTRA-1G5KB-GKCBG-V6IW8-6WJZH-RG28F
 
Tool Versions:
Toolchain:       MDK-ARM Standard  Version: 5.17
Toolchain Path:  C:\Keil_v5\ARM\ARMCC\Bin
C Compiler:      Armcc.exe V5.06 update 1 (build 61)
Assembler:       Armasm.exe V5.06 update 1 (build 61)
Linker/Locator:  ArmLink.exe V5.06 update 1 (build 61)
Library Manager: ArmAr.exe V5.06 update 1 (build 61)
Hex Converter:   FromElf.exe V5.06 update 1 (build 61)
CPU DLL:         SARMCM3.DLL V5.17
Dialog DLL:      DARMSTM.DLL V1.65.0.0
Target DLL:      STLink\ST-LINKIII-KEIL_SWO.dll V2.0.18.0
Dialog DLL:      TARMSTM.DLL V1.64.0.0
 
<h2>Project:</h2>
C:\Users\SCC\Desktop\LCD_CAN2.0(解决刷屏慢，制作窗口OK)\Project\project.uvproj
Project File Date:  12/26/2016

<h2>Output:</h2>
*** Using Compiler 'V5.06 update 1 (build 61)', folder: 'C:\Keil_v5\ARM\ARMCC\Bin'
Build target 'Target 1'
compiling main.c...
..\GUI\LCDDriver\LCD_DriverConfig.h(42): warning:  #1-D: last line of file ends without a newline
  #endif
..\User\main.c: 1 warning, 0 errors
linking...
Program Size: Code=14996 RO-data=348 RW-data=3928 ZI-data=2152  
FromELF: creating hex file...
".\Obj\project.axf" - 0 Error(s), 1 Warning(s).
Build Time Elapsed:  00:00:07
</pre>
</body>
</html>
